Component: ARM Compiler 5.06 update 6 (build 750) Tool: armlink [4d35ed]

==============================================================================

Section Cross References

    main.o(i.HardInit) refers to misc.o(i.NVIC_PriorityGroupConfig) for NVIC_PriorityGroupConfig
    main.o(i.HardInit) refers to ultrasonic.o(i.Ultrasonic_Init) for Ultrasonic_Init
    main.o(i.HardInit) refers to delay.o(i.delay_init) for delay_init
    main.o(i.HardInit) refers to cba.o(i.Cba_Init) for Cba_Init
    main.o(i.HardInit) refers to hard_can.o(i.Hard_Can_Init) for Hard_Can_Init
    main.o(i.HardInit) refers to power_check.o(i.Electricity_Init) for Electricity_Init
    main.o(i.HardInit) refers to uart_a72.o(i.UartA72_Init) for UartA72_Init
    main.o(i.HardInit) refers to can_check.o(i.Can_check_Init) for Can_check_Init
    main.o(i.HardInit) refers to timer.o(i.Timer_Init) for Timer_Init
    main.o(i.HardInit) refers to rc522.o(i.Readcard_daivce_Init) for Readcard_daivce_Init
    main.o(i.HardInit) refers to bkrc_voice.o(i.BKRC_Voice_Init) for BKRC_Voice_Init
    main.o(i.HardInit) refers to timer.o(i.Tim5_Init) for Tim5_Init
    main.o(i.HardInit) refers to timer.o(i.Tim2_Init) for Tim2_Init
    main.o(i.HardInit) refers to timer.o(i.Tim4_Init) for Tim4_Init
    main.o(i.HardInit) refers to taskboard.o(i.TaskBoard_Init) for TaskBoard_Init
    main.o(i.keyScan) refers to delay.o(i.delay_ms) for delay_ms
    main.o(i.keyScan) refers to mastercarcotrol.o(i.Set_Flag_Task) for Set_Flag_Task
    main.o(i.main) refers to main.o(i.HardInit) for HardInit
    main.o(i.main) refers to mastercarcotrol.o(i.MasterCar_Stop) for MasterCar_Stop
    main.o(i.main) refers to delay.o(i.delay_ms) for delay_ms
    main.o(i.main) refers to canp_hostcom.o(i.Send_Debug_string) for Send_Debug_string
    main.o(i.main) refers to main.o(i.keyScan) for keyScan
    main.o(i.main) refers to function.o(i.Running_indicator_light) for Running_indicator_light
    main.o(i.main) refers to mastercarcotrol.o(i.MasterCar_TaskRunThread) for MasterCar_TaskRunThread
    main.o(i.main) refers to mastercarcotrol.o(i.MasterCar_TaskReceiveThread) for MasterCar_TaskReceiveThread
    main.o(i.main) refers to function.o(i.Battery_power_detection) for Battery_power_detection
    infrared.o(i.Infrared_Send) refers to delay.o(i.delay_ms) for delay_ms
    infrared.o(i.Infrared_Send) refers to delay.o(i.delay_us) for delay_us
    ultrasonic.o(i.EXTI4_IRQHandler) refers to stm32f4xx_exti.o(i.EXTI_GetITStatus) for EXTI_GetITStatus
    ultrasonic.o(i.EXTI4_IRQHandler) refers to stm32f4xx_gpio.o(i.GPIO_ReadInputDataBit) for GPIO_ReadInputDataBit
    ultrasonic.o(i.EXTI4_IRQHandler) refers to stm32f4xx_tim.o(i.TIM_Cmd) for TIM_Cmd
    ultrasonic.o(i.EXTI4_IRQHandler) refers to stm32f4xx_exti.o(i.EXTI_ClearITPendingBit) for EXTI_ClearITPendingBit
    ultrasonic.o(i.EXTI4_IRQHandler) refers to ultrasonic.o(.data) for Ultrasonic_Num
    ultrasonic.o(i.TIM6_DAC_IRQHandler) refers to stm32f4xx_tim.o(i.TIM_GetITStatus) for TIM_GetITStatus
    ultrasonic.o(i.TIM6_DAC_IRQHandler) refers to stm32f4xx_tim.o(i.TIM_ClearITPendingBit) for TIM_ClearITPendingBit
    ultrasonic.o(i.TIM6_DAC_IRQHandler) refers to ultrasonic.o(.data) for Ultrasonic_Num
    ultrasonic.o(i.Ultrasonic_EXTI) refers to misc.o(i.NVIC_PriorityGroupConfig) for NVIC_PriorityGroupConfig
    ultrasonic.o(i.Ultrasonic_EXTI) refers to stm32f4xx_rcc.o(i.RCC_APB2PeriphClockCmd) for RCC_APB2PeriphClockCmd
    ultrasonic.o(i.Ultrasonic_EXTI) refers to stm32f4xx_syscfg.o(i.SYSCFG_EXTILineConfig) for SYSCFG_EXTILineConfig
    ultrasonic.o(i.Ultrasonic_EXTI) refers to stm32f4xx_exti.o(i.EXTI_Init) for EXTI_Init
    ultrasonic.o(i.Ultrasonic_EXTI) refers to misc.o(i.NVIC_Init) for NVIC_Init
    ultrasonic.o(i.Ultrasonic_GetBuffer) refers to ultrasonic.o(i.Ultrasonic_Ranging) for Ultrasonic_Ranging
    ultrasonic.o(i.Ultrasonic_GetBuffer) refers to delay.o(i.delay_ms) for delay_ms
    ultrasonic.o(i.Ultrasonic_GetBuffer) refers to ultrasonic.o(.data) for dis
    ultrasonic.o(i.Ultrasonic_GetBufferN) refers to ultrasonic.o(i.Ultrasonic_GetBuffer) for Ultrasonic_GetBuffer
    ultrasonic.o(i.Ultrasonic_GetBufferN) refers to delay.o(i.delay_ms) for delay_ms
    ultrasonic.o(i.Ultrasonic_Init) refers to ultrasonic.o(i.Ultrasonic_Port) for Ultrasonic_Port
    ultrasonic.o(i.Ultrasonic_Init) refers to ultrasonic.o(i.Ultrasonic_TIM) for Ultrasonic_TIM
    ultrasonic.o(i.Ultrasonic_Init) refers to ultrasonic.o(i.Ultrasonic_EXTI) for Ultrasonic_EXTI
    ultrasonic.o(i.Ultrasonic_Port) refers to stm32f4xx_rcc.o(i.RCC_AHB1PeriphClockCmd) for RCC_AHB1PeriphClockCmd
    ultrasonic.o(i.Ultrasonic_Port) refers to stm32f4xx_gpio.o(i.GPIO_PinAFConfig) for GPIO_PinAFConfig
    ultrasonic.o(i.Ultrasonic_Ranging) refers to delay.o(i.delay_us) for delay_us
    ultrasonic.o(i.Ultrasonic_Ranging) refers to stm32f4xx_tim.o(i.TIM_Cmd) for TIM_Cmd
[...]
    __aeabi_d2f                              0x0800036d   Thumb Code    56  d2f.o(.text)
    __I$use$fp                               0x080003a5   Thumb Code     0  iusefp.o(.text)
    _float_round                             0x080003a5   Thumb Code    18  fepilogue.o(.text)
    _float_epilogue                          0x080003b7   Thumb Code    92  fepilogue.o(.text)
    _double_round                            0x08000413   Thumb Code    30  depilogue.o(.text)
    _double_epilogue                         0x08000431   Thumb Code   156  depilogue.o(.text)
    __scatterload                            0x080004cd   Thumb Code    28  init.o(.text)
    __scatterload_rt2                        0x080004cd   Thumb Code     0  init.o(.text)
    __decompress                             0x080004f1   Thumb Code     0  __dclz77c.o(.text)
    __decompress2                            0x080004f1   Thumb Code    94  __dclz77c.o(.text)
    ADC_ClearFlag                            0x0800054f   Thumb Code     6  stm32f4xx_adc.o(i.ADC_ClearFlag)
    ADC_Cmd                                  0x08000555   Thumb Code    22  stm32f4xx_adc.o(i.ADC_Cmd)
    ADC_CommonInit                           0x0800056d   Thumb Code    34  stm32f4xx_adc.o(i.ADC_CommonInit)
    ADC_Configure                            0x0800059d   Thumb Code   132  power_check.o(i.ADC_Configure)
    ADC_GetConversionValue                   0x08000629   Thumb Code     8  stm32f4xx_adc.o(i.ADC_GetConversionValue)
    ADC_GetFlagStatus                        0x08000631   Thumb Code    18  stm32f4xx_adc.o(i.ADC_GetFlagStatus)
    ADC_Init                                 0x08000645   Thumb Code    74  stm32f4xx_adc.o(i.ADC_Init)
    ADC_RegularChannelConfig                 0x08000699   Thumb Code   184  stm32f4xx_adc.o(i.ADC_RegularChannelConfig)
    ADC_SoftwareStartConv                    0x08000751   Thumb Code    10  stm32f4xx_adc.o(i.ADC_SoftwareStartConv)
    Agreement_Send                           0x0800075b   Thumb Code    32  operationflag.o(i.Agreement_Send)
    BH1750_Configure                         0x0800077d   Thumb Code    20  bh1750.o(i.BH1750_Configure)
    BH1750_PortInit                          0x08000795   Thumb Code    12  bh1750.o(i.BH1750_PortInit)
    BH1750_RecvACK                           0x080007a1   Thumb Code    42  bh1750.o(i.BH1750_RecvACK)
    BH1750_RecvByte                          0x080007d5   Thumb Code    74  bh1750.o(i.BH1750_RecvByte)
    BH1750_SendACK                           0x08000829   Thumb Code    54  bh1750.o(i.BH1750_SendACK)
    BH1750_SendByte                          0x08000869   Thumb Code    78  bh1750.o(i.BH1750_SendByte)
    BH1750_Start                             0x080008c1   Thumb Code    46  bh1750.o(i.BH1750_Start)
    BH1750_Stop                              0x080008f9   Thumb Code    40  bh1750.o(i.BH1750_Stop)
    BKRC_Voice_Extern                        0x08000929   Thumb Code   136  bkrc_voice.o(i.BKRC_Voice_Extern)
    BKRC_Voice_Init                          0x080009c1   Thumb Code     8  bkrc_voice.o(i.BKRC_Voice_Init)
    Battery_power_detection                  0x080009c9   Thumb Code    28  function.o(i.Battery_power_detection)
    CAN_DeInit                               0x080009e9   Thumb Code    50  stm32f4xx_can.o(i.CAN_DeInit)
    CAN_FilterInit                           0x08000a21   Thumb Code   258  stm32f4xx_can.o(i.CAN_FilterInit)
    CAN_ITConfig                             0x08000b29   Thumb Code    18  stm32f4xx_can.o(i.CAN_ITConfig)
    CAN_Init                                 0x08000b3b   Thumb Code   276  stm32f4xx_can.o(i.CAN_Init)
    CAN_MessagePending                       0x08000c4f   Thumb Code    30  stm32f4xx_can.o(i.CAN_MessagePending)
    CAN_Receive                              0x08000c6d   Thumb Code   240  stm32f4xx_can.o(i.CAN_Receive)
    CAN_Transmit                             0x08000d5d   Thumb Code   294  stm32f4xx_can.o(i.CAN_Transmit)
    CAN_TransmitStatus                       0x08000e85   Thumb Code   138  stm32f4xx_can.o(i.CAN_TransmitStatus)
    CalulateCRC                              0x08000f25   Thumb Code   110  rc522.o(i.CalulateCRC)
    CanDrv_FiterUpdata                       0x08000f95   Thumb Code   616  can_drv.o(i.CanDrv_FiterUpdata)
    CanDrv_RxCheck                           0x08001269   Thumb Code    12  can_drv.o(i.CanDrv_RxCheck)
    CanDrv_RxGetMeesage                      0x08001279   Thumb Code    34  can_drv.o(i.CanDrv_RxGetMeesage)
    CanDrv_TxData                            0x080012a1   Thumb Code   106  can_drv.o(i.CanDrv_TxData)
    CanDrv_TxEmptyCheck                      0x08001315   Thumb Code    18  can_drv.o(i.CanDrv_TxEmptyCheck)
    CanP_CanRx_Check                         0x0800132d   Thumb Code    18  canp_hostcom.o(i.CanP_CanRx_Check)
    CanP_CanRx_Irq                           0x08001341   Thumb Code   146  canp_hostcom.o(i.CanP_CanRx_Irq)
    CanP_CanRx_TrackUp                       0x080013f1   Thumb Code    14  canp_hostcom.o(i.CanP_CanRx_TrackUp)
    CanP_CanTx_Check_fIrq                    0x08001405   Thumb Code   204  canp_hostcom.o(i.CanP_CanTx_Check_fIrq)
    CanP_Cmd_Check                           0x080014e9   Thumb Code    36  canp_hostcom.o(i.CanP_Cmd_Check)
    CanP_Cmd_Init                            0x08001511   Thumb Code    26  canp_hostcom.o(i.CanP_Cmd_Init)
    CanP_Cmd_Send                            0x08001531   Thumb Code    66  canp_hostcom.o(i.CanP_Cmd_Send)
    CanP_Cmd_Write                           0x08001579   Thumb Code    78  canp_hostcom.o(i.CanP_Cmd_Write)
    CanP_FifoInit                            0x080015cd   Thumb Code    54  canp_hostcom.o(i.CanP_FifoInit)
    CanP_FifoInitS                           0x0800162d   Thumb Code    22  canp_hostcom.o(i.CanP_FifoInitS)
    CanP_Host_Main                           0x08001645   Thumb Code   228  canp_hostcom.o(i.CanP_Host_Main)
    CanP_Init                                0x0800174d   Thumb Code    30  canp_hostcom.o(i.CanP_Init)
    Can_WifiRx_Save                          0x08001779   Thumb Code    66  can_user.o(i.Can_WifiRx_Save)
    Can_ZigBeeRx_Save                        0x080017cd   Thumb Code    66  can_user.o(i.Can_ZigBeeRx_Save)
    Can_check_Init                           0x08001821   Thumb Code    92  can_check.o(i.Can_check_Init)
    Canuser_main                             0x08001881   Thumb Code    12  can_user.o(i.Canuser_main)
    Cba_Init                                 0x0800188d   Thumb Code   112  cba.o(i.Cba_Init)
    CleanFalgAll                             0x08001905   Thumb Code     8  mastercarcotrol.o(i.CleanFalgAll)
    ClearBitMask                             0x08001911   Thumb Code    30  rc522.o(i.ClearBitMask)
    Control                                  0x0800192f   Thumb Code    92  roadway_check.o(i.Control)
    EXTI4_IRQHandler                         0x0800198d   Thumb Code    90  ultrasonic.o(i.EXTI4_IRQHandler)
    EXTI_ClearITPendingBit                   0x08001a01   Thumb Code     6  stm32f4xx_exti.o(i.EXTI_ClearITPendingBit)
    EXTI_GetITStatus                         0x08001a0d   Thumb Code    20  stm32f4xx_exti.o(i.EXTI_GetITStatus)
    EXTI_Init                                0x08001a25   Thumb Code   142  stm32f4xx_exti.o(i.EXTI_Init)
    Electricity_Init                         0x08001ab9   Thumb Code    12  power_check.o(i.Electricity_Init)
    FifoDrv_BufRead                          0x08001ac5   Thumb Code    42  fifo_drv.o(i.FifoDrv_BufRead)
    FifoDrv_BufWrite                         0x08001aef   Thumb Code    40  fifo_drv.o(i.FifoDrv_BufWrite)
    FifoDrv_CheckReadEn                      0x08001b17   Thumb Code    48  fifo_drv.o(i.FifoDrv_CheckReadEn)
    FifoDrv_CheckWriteEn                     0x08001b47   Thumb Code    28  fifo_drv.o(i.FifoDrv_CheckWriteEn)
    FifoDrv_Init                             0x08001b63   Thumb Code    36  fifo_drv.o(i.FifoDrv_Init)
    FifoDrv_ReadOne                          0x08001b87   Thumb Code    48  fifo_drv.o(i.FifoDrv_ReadOne)
    FifoDrv_StructCheck                      0x08001bb7   Thumb Code    36  fifo_drv.o(i.FifoDrv_StructCheck)
    FifoDrv_WriteOne                         0x08001bdb   Thumb Code    44  fifo_drv.o(i.FifoDrv_WriteOne)
    GPIO_Init                                0x08001c07   Thumb Code   144  stm32f4xx_gpio.o(i.GPIO_Init)
    GPIO_PinAFConfig                         0x08001c97   Thumb Code    70  stm32f4xx_gpio.o(i.GPIO_PinAFConfig)
    GPIO_ReadInputDataBit                    0x08001cdd   Thumb Code    18  stm32f4xx_gpio.o(i.GPIO_ReadInputDataBit)
    GPIO_ResetBits                           0x08001cef   Thumb Code     4  stm32f4xx_gpio.o(i.GPIO_ResetBits)
    GPIO_Set                                 0x08001cf3   Thumb Code   222  sys.o(i.GPIO_Set)
    GPIO_SetBits                             0x08001dd1   Thumb Code     4  stm32f4xx_gpio.o(i.GPIO_SetBits)
    Get_ADC_Value                            0x08001dd5   Thumb Code    38  power_check.o(i.Get_ADC_Value)
    Get_Bh_Value                             0x08001e01   Thumb Code   104  bh1750.o(i.Get_Bh_Value)
    Get_Electricity                          0x08001e79   Thumb Code    38  power_check.o(i.Get_Electricity)
    Get_Host_TrackDieCount                   0x08001ea1   Thumb Code    90  canp_hostcom.o(i.Get_Host_TrackDieCount)
    Get_Host_UpTrack                         0x08001f01   Thumb Code    48  canp_hostcom.o(i.Get_Host_UpTrack)
    Go_and_Back_Check                        0x08001f35   Thumb Code    86  roadway_check.o(i.Go_and_Back_Check)
    HardInit                                 0x08001f9d   Thumb Code    98  main.o(i.HardInit)
    Hard_Can_Init                            0x08002001   Thumb Code   284  hard_can.o(i.Hard_Can_Init)
    Hard_Can_SpeedMode                       0x0800212d   Thumb Code    30  hard_can.o(i.Hard_Can_SpeedMode)
    Hard_Can_While                           0x08002151   Thumb Code     8  hard_can.o(i.Hard_Can_While)
    Hard_Uart_MurtSel                        0x08002159   Thumb Code    30  uart_a72.o(i.Hard_Uart_MurtSel)
    Host_Receive_UpTrack                     0x0800217d   Thumb Code     8  canp_hostcom.o(i.Host_Receive_UpTrack)
    Infrared_Send                            0x08002189   Thumb Code   170  infrared.o(i.Infrared_Send)
    InitRc522                                0x0800223d   Thumb Code    48  rc522.o(i.InitRc522)
    M500PcdConfigISOType                     0x08002271   Thumb Code    92  rc522.o(i.M500PcdConfigISOType)
    MLib_GetSub                              0x080022cd   Thumb Code    14  power_check.o(i.MLib_GetSub)
    MasterCar_BackEnter                      0x080022dd   Thumb Code    76  mastercarcotrol.o(i.MasterCar_BackEnter)
    MasterCar_BackMP                         0x08002335   Thumb Code    76  mastercarcotrol.o(i.MasterCar_BackMP)
    MasterCar_Go                             0x08002381   Thumb Code    32  mastercarcotrol.o(i.MasterCar_Go)
    MasterCar_Left                           0x080023a1   Thumb Code   410  mastercarcotrol.o(i.MasterCar_Left)
    MasterCar_LeftMP                         0x0800253b   Thumb Code    60  mastercarcotrol.o(i.MasterCar_LeftMP)
    MasterCar_Right                          0x08002577   Thumb Code   386  mastercarcotrol.o(i.MasterCar_Right)
    MasterCar_RightMP                        0x080026f9   Thumb Code    60  mastercarcotrol.o(i.MasterCar_RightMP)
    MasterCar_SmartRun                       0x08002735   Thumb Code    52  mastercarcotrol.o(i.MasterCar_SmartRun)
    MasterCar_SmartRun2                      0x08002771   Thumb Code    52  mastercarcotrol.o(i.MasterCar_SmartRun2)
    MasterCar_SmartRunMP                     0x080027ad   Thumb Code   104  mastercarcotrol.o(i.MasterCar_SmartRunMP)
    MasterCar_SmartRunMP2                    0x08002819   Thumb Code   104  mastercarcotrol.o(i.MasterCar_SmartRunMP2)
    MasterCar_Stop                           0x08002885   Thumb Code    22  mastercarcotrol.o(i.MasterCar_Stop)
    MasterCar_TaskReceiveThread              0x0800289d   Thumb Code   150  mastercarcotrol.o(i.MasterCar_TaskReceiveThread)
    MasterCar_TaskRunThread                  0x08002959   Thumb Code   146  mastercarcotrol.o(i.MasterCar_TaskRunThread)
    MasterCar_findCar3                       0x080029fd   Thumb Code   128  rfidcard.o(i.MasterCar_findCar3)
    Multiple_Read_BH1750                     0x08002a89   Thumb Code    56  bh1750.o(i.Multiple_Read_BH1750)
    NVIC_Init                                0x08002ac5   Thumb Code   106  misc.o(i.NVIC_Init)
    NVIC_PriorityGroupConfig                 0x08002b3d   Thumb Code    10  misc.o(i.NVIC_PriorityGroupConfig)
    OFlag_CK_status                          0x08002b51   Thumb Code   112  operationflag.o(i.OFlag_CK_status)
    OFlag_DX_status                          0x08002bc9   Thumb Code    52  operationflag.o(i.OFlag_DX_status)
    OFlag_DZ                                 0x08002c01   Thumb Code    88  operationflag.o(i.OFlag_DZ)
    OFlag_DZ_open                            0x08002c5d   Thumb Code    30  operationflag.o(i.OFlag_DZ_open)
    OFlag_DZ_show                            0x08002c7b   Thumb Code    44  operationflag.o(i.OFlag_DZ_show)
    OFlag_DZ_status                          0x08002ca7   Thumb Code    26  operationflag.o(i.OFlag_DZ_status)
    OFlag_ETC_wait                           0x08002cc1   Thumb Code     8  operationflag.o(i.OFlag_ETC_wait)
    OFlag_GetCmd                             0x08002ccd   Thumb Code     6  operationflag.o(i.OFlag_GetCmd)
    OFlag_GetCmd1                            0x08002cd3   Thumb Code     6  operationflag.o(i.OFlag_GetCmd1)
    OFlag_GetCmd2                            0x08002cd9   Thumb Code     6  operationflag.o(i.OFlag_GetCmd2)
    OFlag_GetCmd3                            0x08002cdf   Thumb Code     6  operationflag.o(i.OFlag_GetCmd3)
    OFlag_LED                                0x08002ce5   Thumb Code    88  operationflag.o(i.OFlag_LED)
    OFlag_LED_jl                             0x08002d41   Thumb Code    56  operationflag.o(i.OFlag_LED_jl)
    OFlag_LED_time                           0x08002d79   Thumb Code    18  operationflag.o(i.OFlag_LED_time)
    OFlag_SlaveRun                           0x08002d8b   Thumb Code    68  operationflag.o(i.OFlag_SlaveRun)
    OFlag_SlaveRun_wait                      0x08002dd1   Thumb Code    18  operationflag.o(i.OFlag_SlaveRun_wait)
    OFlag_YY                                 0x08002de9   Thumb Code    88  operationflag.o(i.OFlag_YY)
    OFlag_YY_cmd                             0x08002e45   Thumb Code    34  operationflag.o(i.OFlag_YY_cmd)
    OFlag_Zigbee                             0x08002e67   Thumb Code    84  operationflag.o(i.OFlag_Zigbee)
    OFlag_alarm_open                         0x08002ebb   Thumb Code    14  operationflag.o(i.OFlag_alarm_open)
    OFlag_check                              0x08002ec9   Thumb Code    26  operationflag.o(i.OFlag_check)
    OFlag_light2                             0x08002ee5   Thumb Code   368  operationflag.o(i.OFlag_light2)
    OFlag_ltDisplay                          0x08003061   Thumb Code    56  operationflag.o(i.OFlag_ltDisplay)
    OFlag_ltDisplay_show                     0x0800309d   Thumb Code    54  operationflag.o(i.OFlag_ltDisplay_show)
    OFlag_resetWaitFlag                      0x080030d5   Thumb Code    12  operationflag.o(i.OFlag_resetWaitFlag)
    OWiFi_toZigbee                           0x080030e9   Thumb Code    50  operationwifi.o(i.OWiFi_toZigbee)
    Operation_WiFi                           0x08003121   Thumb Code   346  operationwifi.o(i.Operation_WiFi)
    Operation_WiFi_Master                    0x080032a1   Thumb Code   208  operationwifi.o(i.Operation_WiFi_Master)
    Operation_Zigbee                         0x08003379   Thumb Code   130  operationflag.o(i.Operation_Zigbee)
    PID_Calc                                 0x08003415   Thumb Code    98  pid.o(i.PID_Calc)
    PID_Set                                  0x08003499   Thumb Code    56  pid.o(i.PID_Set)
    PID_Set_recovery                         0x080034e9   Thumb Code    38  pid.o(i.PID_Set_recovery)
    PID_Track2                               0x08003529   Thumb Code   390  pid.o(i.PID_Track2)
    PID_Track4                               0x080036c5   Thumb Code   390  pid.o(i.PID_Track4)
    PID_Track5                               0x08003861   Thumb Code   400  pid.o(i.PID_Track5)
    PID_TrackMP                              0x08003a15   Thumb Code   354  pid.o(i.PID_TrackMP)
    PID_TrackMP2                             0x08003ba5   Thumb Code   354  pid.o(i.PID_TrackMP2)
    PID_reset                                0x08003d25   Thumb Code    62  pid.o(i.PID_reset)
    Parameter_Init                           0x08003d81   Thumb Code    98  power_check.o(i.Parameter_Init)
    PcdAntennaOff                            0x08003dfd   Thumb Code    12  rc522.o(i.PcdAntennaOff)
    PcdAntennaOn                             0x08003e09   Thumb Code    26  rc522.o(i.PcdAntennaOn)
    PcdAnticoll                              0x08003e23   Thumb Code   112  rc522.o(i.PcdAnticoll)
    PcdAuthState                             0x08003e93   Thumb Code   110  rc522.o(i.PcdAuthState)
    PcdComMF522                              0x08003f01   Thumb Code   306  rc522.o(i.PcdComMF522)
    PcdRead                                  0x08004033   Thumb Code    84  rc522.o(i.PcdRead)
    PcdRequest                               0x08004087   Thumb Code    84  rc522.o(i.PcdRequest)
    PcdReset                                 0x080040db   Thumb Code    72  rc522.o(i.PcdReset)
    PcdSelect                                0x08004123   Thumb Code   114  rc522.o(i.PcdSelect)
    Power_Check                              0x08004195   Thumb Code   336  power_check.o(i.Power_Check)
    RC522_Uart_init                          0x08004301   Thumb Code   134  rc522.o(i.RC522_Uart_init)
    RCC_AHB1PeriphClockCmd                   0x08004395   Thumb Code    26  stm32f4xx_rcc.o(i.RCC_AHB1PeriphClockCmd)
    RCC_APB1PeriphClockCmd                   0x080043b5   Thumb Code    26  stm32f4xx_rcc.o(i.RCC_APB1PeriphClockCmd)
    RCC_APB1PeriphResetCmd                   0x080043d5   Thumb Code    26  stm32f4xx_rcc.o(i.RCC_APB1PeriphResetCmd)
    RCC_APB2PeriphClockCmd                   0x080043f5   Thumb Code    26  stm32f4xx_rcc.o(i.RCC_APB2PeriphClockCmd)
    RCC_APB2PeriphResetCmd                   0x08004415   Thumb Code    26  stm32f4xx_rcc.o(i.RCC_APB2PeriphResetCmd)
    RCC_GetClocksFreq                        0x08004435   Thumb Code   214  stm32f4xx_rcc.o(i.RCC_GetClocksFreq)
    RC_Card_checkRangeRead                   0x0800451d   Thumb Code   148  rfidcard.o(i.RC_Card_checkRangeRead)
    RC_Get_address                           0x080045c1   Thumb Code    12  rfidcard.o(i.RC_Get_address)
    RC_check_read                            0x080045cd   Thumb Code    78  rfidcard.o(i.RC_check_read)
    Rc522_OutSRst                            0x08004629   Thumb Code    62  rc522.o(i.Rc522_OutSRst)
    ReadRawRC                                0x08004667   Thumb Code    42  rc522.o(i.ReadRawRC)
    Readcard_daivce_Init                     0x08004691   Thumb Code    24  rc522.o(i.Readcard_daivce_Init)
    Rece_data                                0x080046a9   Thumb Code    62  rc522.o(i.Rece_data)
    Roadway_Check                            0x080046f1   Thumb Code    20  roadway_check.o(i.Roadway_Check)
    Roadway_mp_Get                           0x08004705   Thumb Code    62  roadway_check.o(i.Roadway_mp_Get)
    Roadway_mp_syn                           0x0800474d   Thumb Code    12  roadway_check.o(i.Roadway_mp_syn)
    Running_indicator_light                  0x08004761   Thumb Code   146  function.o(i.Running_indicator_light)
    SDA_IN                                   0x08004805   Thumb Code    24  bh1750.o(i.SDA_IN)
    SDA_OUT                                  0x08004821   Thumb Code    24  bh1750.o(i.SDA_OUT)
    SYSCFG_EXTILineConfig                    0x0800483d   Thumb Code    60  stm32f4xx_syscfg.o(i.SYSCFG_EXTILineConfig)
    Send_Debug_num                           0x0800487d   Thumb Code   106  canp_hostcom.o(i.Send_Debug_num)
    Send_Debug_num2                          0x080048e9   Thumb Code    18  canp_hostcom.o(i.Send_Debug_num2)
    Send_Debug_string                        0x08004901   Thumb Code    54  canp_hostcom.o(i.Send_Debug_string)
    Send_Electric                            0x0800493d   Thumb Code    42  canp_hostcom.o(i.Send_Electric)
    Send_InfoData_To_Fifo                    0x08004969   Thumb Code    24  canp_hostcom.o(i.Send_InfoData_To_Fifo)
    Send_UpMotor                             0x08004985   Thumb Code    84  canp_hostcom.o(i.Send_UpMotor)
    Send_ZigbeeData_To_Fifo                  0x080049d9   Thumb Code    24  canp_hostcom.o(i.Send_ZigbeeData_To_Fifo)
    Send_data                                0x080049f5   Thumb Code    46  rc522.o(i.Send_data)
    SetBitMask                               0x08004a29   Thumb Code    30  rc522.o(i.SetBitMask)
    Set_Flag_Task                            0x08004b35   Thumb Code     6  mastercarcotrol.o(i.Set_Flag_Task)
    Single_Write_BH1750                      0x08004b41   Thumb Code    26  bh1750.o(i.Single_Write_BH1750)
    SlaveCar_TaskRunThread                   0x08004b5d   Thumb Code   200  mastercarcotrol.o(i.SlaveCar_TaskRunThread)
    Smoothing_Filtering                      0x08004c35   Thumb Code    52  data_filtering.o(i.Smoothing_Filtering)
    SysTick_CLKSourceConfig                  0x08004c6d   Thumb Code    40  misc.o(i.SysTick_CLKSourceConfig)
    SystemInit                               0x08004c95   Thumb Code    88  system_stm32f4xx.o(i.SystemInit)
    TIM1_BRK_TIM9_IRQHandler                 0x08004cfd   Thumb Code    28  roadway_check.o(i.TIM1_BRK_TIM9_IRQHandler)
    TIM1_UP_TIM10_IRQHandler                 0x08004d1d   Thumb Code    34  timer.o(i.TIM1_UP_TIM10_IRQHandler)
    TIM2_IRQHandler                          0x08004d49   Thumb Code   116  taskboard.o(i.TIM2_IRQHandler)
    TIM3_IRQHandler                          0x08004dd1   Thumb Code    34  function.o(i.TIM3_IRQHandler)
    TIM4_IRQHandler                          0x08004dfd   Thumb Code    34  operationflag.o(i.TIM4_IRQHandler)
    TIM5_IRQHandler                          0x08004e29   Thumb Code    56  operationwifi.o(i.TIM5_IRQHandler)
    TIM6_DAC_IRQHandler                      0x08004e6d   Thumb Code    34  ultrasonic.o(i.TIM6_DAC_IRQHandler)
    TIM7_IRQHandler                          0x08004e99   Thumb Code    28  can_check.o(i.TIM7_IRQHandler)
    TIM8_TRG_COM_TIM14_IRQHandler            0x08004eb9   Thumb Code    54  syn7318.o(i.TIM8_TRG_COM_TIM14_IRQHandler)
    TIM_ClearITPendingBit                    0x08004efd   Thumb Code     6  stm32f4xx_tim.o(i.TIM_ClearITPendingBit)
    TIM_Cmd                                  0x08004f03   Thumb Code    24  stm32f4xx_tim.o(i.TIM_Cmd)
    TIM_GetITStatus                          0x08004f1b   Thumb Code    34  stm32f4xx_tim.o(i.TIM_GetITStatus)
    TIM_ITConfig                             0x08004f3d   Thumb Code    18  stm32f4xx_tim.o(i.TIM_ITConfig)
    TIM_TimeBaseInit                         0x08004f51   Thumb Code   104  stm32f4xx_tim.o(i.TIM_TimeBaseInit)
    TaskBoard_BH                             0x08004fd5   Thumb Code   104  taskboard.o(i.TaskBoard_BH)
    TaskBoard_Init                           0x0800503d   Thumb Code    32  taskboard.o(i.TaskBoard_Init)
    TaskBoard_RISend                         0x0800505d   Thumb Code    16  taskboard.o(i.TaskBoard_RISend)
    TaskBoard_SMGDisplay                     0x0800506d   Thumb Code     2  taskboard.o(i.TaskBoard_SMGDisplay)
    TaskBoard_Time                           0x08005071   Thumb Code    28  taskboard.o(i.TaskBoard_Time)
    TaskBoard_TimeClose                      0x08005099   Thumb Code    14  taskboard.o(i.TaskBoard_TimeClose)
    TaskBoard_TimeStatus                     0x080050a9   Thumb Code    24  taskboard.o(i.TaskBoard_TimeStatus)
    TaskBoard_WAVE                           0x080050c9   Thumb Code     8  taskboard.o(i.TaskBoard_WAVE)
    Tim2_Init                                0x080050d1   Thumb Code    96  timer.o(i.Tim2_Init)
    Tim4_Init                                0x08005131   Thumb Code    88  timer.o(i.Tim4_Init)
    Tim5_Init                                0x0800518d   Thumb Code    92  timer.o(i.Tim5_Init)
    Timer_Init                               0x080051ed   Thumb Code    92  timer.o(i.Timer_Init)
    Track_Check                              0x0800524d   Thumb Code    26  roadway_check.o(i.Track_Check)
    Track_Correct                            0x0800526d   Thumb Code   728  roadway_check.o(i.Track_Correct)
    U8ToU16                                  0x08005565   Thumb Code    16  my_lib.o(i.U8ToU16)
    U8ToU16_Big                              0x08005575   Thumb Code    16  my_lib.o(i.U8ToU16_Big)
    UART4_IRQHandler                         0x08005585   Thumb Code    10  uart_a72.o(i.UART4_IRQHandler)
    USART1_IRQHandler                        0x08005595   Thumb Code    76  usart.o(i.USART1_IRQHandler)
    USART2_IRQHandler                        0x080055f1   Thumb Code   104  uart_a72.o(i.USART2_IRQHandler)
    USART6_IRQHandler                        0x0800571d   Thumb Code   174  bkrc_voice.o(i.USART6_IRQHandler)
    USART6_Send_Byte                         0x080057e5   Thumb Code    28  bkrc_voice.o(i.USART6_Send_Byte)
    USART6_Send_Length                       0x08005805   Thumb Code    28  bkrc_voice.o(i.USART6_Send_Length)
    USART_ClearITPendingBit                  0x08005821   Thumb Code    30  stm32f4xx_usart.o(i.USART_ClearITPendingBit)
    USART_Cmd                                0x0800583f   Thumb Code    24  stm32f4xx_usart.o(i.USART_Cmd)
    USART_GetFlagStatus                      0x08005857   Thumb Code    26  stm32f4xx_usart.o(i.USART_GetFlagStatus)
    USART_GetITStatus                        0x08005871   Thumb Code    84  stm32f4xx_usart.o(i.USART_GetITStatus)
    USART_ITConfig                           0x080058c5   Thumb Code    74  stm32f4xx_usart.o(i.USART_ITConfig)
    USART_Init                               0x08005911   Thumb Code   204  stm32f4xx_usart.o(i.USART_Init)
    USART_ReceiveData                        0x080059e5   Thumb Code    10  stm32f4xx_usart.o(i.USART_ReceiveData)
    USART_SendData                           0x080059ef   Thumb Code     8  stm32f4xx_usart.o(i.USART_SendData)
    UartA72_Init                             0x080059f9   Thumb Code    76  uart_a72.o(i.UartA72_Init)
    Uart_A72_PortInit                        0x08005a55   Thumb Code   286  uart_a72.o(i.Uart_A72_PortInit)
    Uart_Irq                                 0x08005b89   Thumb Code   230  uart_drv.o(i.Uart_Irq)
    Ultrasonic_EXTI                          0x08005c81   Thumb Code    86  ultrasonic.o(i.Ultrasonic_EXTI)
    Ultrasonic_GetBuffer                     0x08005cd9   Thumb Code    50  ultrasonic.o(i.Ultrasonic_GetBuffer)
    Ultrasonic_GetBufferN                    0x08005d11   Thumb Code   102  ultrasonic.o(i.Ultrasonic_GetBufferN)
    Ultrasonic_Init                          0x08005d77   Thumb Code    20  ultrasonic.o(i.Ultrasonic_Init)
    Ultrasonic_Port                          0x08005d8d   Thumb Code    32  ultrasonic.o(i.Ultrasonic_Port)
    Ultrasonic_Ranging                       0x08005db1   Thumb Code    72  ultrasonic.o(i.Ultrasonic_Ranging)
    Ultrasonic_TIM                           0x08005e09   Thumb Code    82  ultrasonic.o(i.Ultrasonic_TIM)
    WriteRawRC                               0x08005e61   Thumb Code    16  rc522.o(i.WriteRawRC)
    WriteRawRC_HDL                           0x08005e71   Thumb Code    68  rc522.o(i.WriteRawRC_HDL)
    _BEEP_Init                               0x08005eb5   Thumb Code    42  taskboard.o(i._BEEP_Init)
    _CD4051_Init                             0x08005eed   Thumb Code     2  taskboard.o(i._CD4051_Init)
    _IR_Init                                 0x08005ef1   Thumb Code    36  taskboard.o(i._IR_Init)
    _LED_Init                                0x08005f1d   Thumb Code    64  taskboard.o(i._LED_Init)
    _LIGHT_Init                              0x08005f6d   Thumb Code    70  taskboard.o(i._LIGHT_Init)
    _SMG_Init                                0x08005fc1   Thumb Code     2  taskboard.o(i._SMG_Init)
    _WAVE_Init                               0x08005fc5   Thumb Code    66  taskboard.o(i._WAVE_Init)
    __scatterload_copy                       0x08006015   Thumb Code    14  handlers.o(i.__scatterload_copy)
    __scatterload_null                       0x08006023   Thumb Code     2  handlers.o(i.__scatterload_null)
    __scatterload_zeroinit                   0x08006025   Thumb Code    14  handlers.o(i.__scatterload_zeroinit)
    arr_sort                                 0x08006033   Thumb Code    70  mystring.o(i.arr_sort)
    calc_CheckSum                            0x08006079   Thumb Code    28  operationflag.o(i.calc_CheckSum)
    delay_init                               0x08006095   Thumb Code    52  delay.o(i.delay_init)
    delay_ms                                 0x080060d1   Thumb Code    72  delay.o(i.delay_ms)
    delay_us                                 0x0800611d   Thumb Code    72  delay.o(i.delay_us)
    gt_get                                   0x08006169   Thumb Code     6  timer.o(i.gt_get)
    gt_get_sub                               0x08006175   Thumb Code    20  timer.o(i.gt_get_sub)
    keyScan                                  0x0800618d   Thumb Code   252  main.o(i.keyScan)
    main                                     0x08006291   Thumb Code    84  main.o(i.main)
    power                                    0x080062f5   Thumb Code    20  canp_hostcom.o(i.power)
    task_ETC                                 0x08006309   Thumb Code     8  mastercarcotrol.o(i.task_ETC)
    task_RFID                                0x08006311   Thumb Code   156  mastercarcotrol.o(i.task_RFID)
    task_first                               0x080063b9   Thumb Code   290  mastercarcotrol.o(i.task_first)
    task_second                              0x080064f9   Thumb Code    56  mastercarcotrol.o(i.task_second)
    task_wait                                0x08006539   Thumb Code   130  mastercarcotrol.o(i.task_wait)
    task_waitWifi                            0x080065dd   Thumb Code     8  mastercarcotrol.o(i.task_waitWifi)
    wheel_Nav_check                          0x080065e5   Thumb Code    46  roadway_check.o(i.wheel_Nav_check)
    wheel_Track_check                        0x08006621   Thumb Code   148  roadway_check.o(i.wheel_Track_check)
    bit_tab                                  0x080066c4   Data         128  my_lib.o(.constdata)
    bit_and_tab                              0x08006744   Data         128  my_lib.o(.constdata)
    bit4_lowhig                              0x080067c4   Data          16  my_lib.o(.constdata)
    Region$$Table$$Base                      0x080067d4   Number         0  anon$$obj.o(Region$$Table)
    Region$$Table$$Limit                     0x080067f4   Number         0  anon$$obj.o(Region$$Table)
    Ultrasonic_Value                         0x20000000   Data           4  ultrasonic.o(.data)
    Ultrasonic_Num                           0x20000004   Data           4  ultrasonic.o(.data)
    dis                                      0x20000008   Data           2  ultrasonic.o(.data)
    RX_OK                                    0x2000000a   Data           1  usart.o(.data)
    Length_num                               0x2000000b   Data           1  usart.o(.data)
    RX_Data                                  0x2000000c   Data           2  usart.o(.data)
    BUF                                      0x2000000e   Data           4  bh1750.o(.data)
    illumination_data                        0x20000012   Data           2  bh1750.o(.data)
    Electric_Buf                             0x20000014   Data           2  power_check.o(.data)
    Pa                                       0x20000018   Data           4  power_check.o(.data)
    Pb                                       0x2000001c   Data           4  power_check.o(.data)
    pwr_ck_l                                 0x20000020   Data           1  power_check.o(.data)
    pwr_ck_r                                 0x20000021   Data           1  power_check.o(.data)
    temp                                     0x20000022   Data           2  power_check.o(.data)
    temp2                                    0x20000024   Data           2  power_check.o(.data)
    temp_value                               0x20000026   Data           1  power_check.o(.data)
    Uart_A72_TxEmpty                         0x20000027   Data           1  uart_a72.o(.data)
    FifuBuf_A72_SRx                          0x20000028   Data           2  uart_a72.o(.data)
    uart_prot_buf                            0x20000030   Data          24  uart_drv.o(.data)
    CT                                       0x20000049   Data           2  rc522.o(.data)
    SN                                       0x2000004b   Data           4  rc522.o(.data)
    WRITE_RFID                               0x2000004f   Data          16  rc522.o(.data)
    KEY_A                                    0x2000005f   Data           6  rc522.o(.data)
    KEY_B                                    0x20000065   Data           6  rc522.o(.data)
    ADDR_Str                                 0x2000006b   Data          14  rc522.o(.data)
    TIM14_break                              0x20000079   Data           1  syn7318.o(.data)
    TIM14_count                              0x2000007a   Data           1  syn7318.o(.data)
    Back                                     0x2000007b   Data           4  syn7318.o(.data)
    ASR                                      0x2000007f   Data           6  syn7318.o(.data)
    S                                        0x20000085   Data           4  syn7318.o(.data)
    Wake_Up                                  0x20000089   Data           5  syn7318.o(.data)
    Stop_Wake_Up                             0x2000008e   Data           4  syn7318.o(.data)
    Start_ASR_Buf                            0x20000092   Data           5  syn7318.o(.data)
    Stop_ASR_Buf                             0x20000097   Data           4  syn7318.o(.data)
    Play_MP3                                 0x2000009b   Data          33  syn7318.o(.data)
    Ysn7813_flag                             0x200000bc   Data           1  syn7318.o(.data)
    uart6_data                               0x200000bd   Data           1  bkrc_voice.o(.data)
    uart6_flag                               0x200000be   Data           1  bkrc_voice.o(.data)
    UART6_RxData                             0x200000bf   Data           8  bkrc_voice.o(.data)
    voice_falg                               0x200000c7   Data           1  bkrc_voice.o(.data)
    YY_Init                                  0x200000c8   Data           5  bkrc_voice.o(.data)
    Zigbee                                   0x200000cd   Data           8  bkrc_voice.o(.data)
    start_voice_dis                          0x200000d5   Data           5  bkrc_voice.o(.data)
    SYN7318_Flag                             0x200000da   Data           1  bkrc_voice.o(.data)
    UART6_RxFlag                             0x200000db   Data           1  bkrc_voice.o(.data)
    global_times                             0x200000e0   Data           4  timer.o(.data)
    delay_ms_const                           0x200000e4   Data           4  timer.o(.data)
    wheel_L_Flag                             0x200000f8   Data           1  roadway_check.o(.data)
    wheel_R_Flag                             0x200000f9   Data           1  roadway_check.o(.data)
    wheel_Nav_Flag                           0x200000fa   Data           1  roadway_check.o(.data)
    Go_Flag                                  0x200000fb   Data           1  roadway_check.o(.data)
    Back_Flag                                0x200000fc   Data           1  roadway_check.o(.data)
    Track_Flag                               0x200000fd   Data           1  roadway_check.o(.data)
    Line_Flag                                0x200000fe   Data           1  roadway_check.o(.data)
    count                                    0x20000100   Data           2  roadway_check.o(.data)
    Stop_Flag                                0x20000102   Data           1  roadway_check.o(.data)
    LSpeed                                   0x20000104   Data           4  roadway_check.o(.data)
    RSpeed                                   0x20000108   Data           4  roadway_check.o(.data)
    Car_Spend                                0x2000010c   Data           4  roadway_check.o(.data)
    temp_MP                                  0x20000110   Data           2  roadway_check.o(.data)
    temp_Nav                                 0x20000112   Data           2  roadway_check.o(.data)
    Wheel_flag                               0x20000114   Data           4  roadway_check.o(.data)
    Roadway_cmp                              0x20000118   Data           2  roadway_check.o(.data)
    Roadway_Navig                            0x2000011a   Data           2  roadway_check.o(.data)
    Mp_Value                                 0x2000011c   Data           4  roadway_check.o(.data)
    Can_Filter_Flag                          0x20000120   Data           1  can_drv.o(.data)
    Ccp_RxFlag                               0x20000121   Data           1  can_drv.o(.data)
    CanP_RxFMI_Flag                          0x20000124   Data           4  canp_hostcom.o(.data)
    ctbuf                                    0x20000128   Data           8  canp_hostcom.o(.data)
    Track_buf                                0x20000130   Data           2  canp_hostcom.o(.data)
    CanHost_Mp                               0x20000132   Data           2  canp_hostcom.o(.data)
    CanHost_Navig                            0x20000134   Data           2  canp_hostcom.o(.data)
    Fileter_Tab                              0x20000136   Data          28  canp_hostcom.o(.data)
    Wifi_Rx_num                              0x2000027e   Data           1  can_user.o(.data)
    Wifi_Rx_flag                             0x2000027f   Data           1  can_user.o(.data)
    Zigbee_Rx_num                            0x20000280   Data           1  can_user.o(.data)
    Zigbee_Rx_flag                           0x20000281   Data           1  can_user.o(.data)
    make_Yes                                 0x20000282   Data           1  can_user.o(.data)
    Host_AGV_Return_Flag                     0x20000283   Data           1  can_user.o(.data)
    AGV_data_Falg                            0x20000284   Data           1  can_user.o(.data)
    canu_wifi_rxtime                         0x20000288   Data           4  can_user.o(.data)
    canu_zibe_rxtime                         0x2000028c   Data           4  can_user.o(.data)
    GateStr                                  0x20000290   Data           6  can_user.o(.data)
    Rx_Flag                                  0x20000296   Data           1  can_user.o(.data)
    Infrared_Tab                             0x20000297   Data           6  can_user.o(.data)
    TIM3_Flag                                0x200003ec   Data           2  function.o(.data)
    Fifo_B                                   0x200003ee   Data           8  function.o(.data)
    ETC_Flag                                 0x200003f6   Data           1  function.o(.data)
    LED_OUT                                  0x200003f7   Data           1  function.o(.data)
    Power_check_times                        0x200003f8   Data           4  function.o(.data)
    LED_twinkle_times                        0x200003fc   Data           4  function.o(.data)
    Garage_Tier                              0x20000400   Data           1  function.o(.data)
    Overtime_Flag                            0x20000550   Data           1  voluntarily.o(.data)
    timing_time                              0x20000551   Data           1  voluntarily.o(.data)
    Exit_position                            0x20000552   Data           1  voluntarily.o(.data)
    Operation_Flag                           0x20000553   Data           1  voluntarily.o(.data)
    RFID_Flag                                0x20000554   Data           1  voluntarily.o(.data)
    Terrain_Flag                             0x20000555   Data           1  voluntarily.o(.data)
    make                                     0x20000556   Data           1  voluntarily.o(.data)
    RFID_addr                                0x20000557   Data           1  voluntarily.o(.data)
    Stereo_Base                              0x20000558   Data           6  voluntarily.o(.data)
    Fifo                                     0x2000055e   Data           8  voluntarily.o(.data)
    Detected                                 0x20000566   Data           1  voluntarily.o(.data)
    Car_location                             0x20000567   Data           1  voluntarily.o(.data)
    Car_location_ASCll                       0x20000568   Data           2  voluntarily.o(.data)
    Distance_Data                            0x2000056a   Data           2  voluntarily.o(.data)
    From_Car_Position                        0x2000056c   Data           3  voluntarily.o(.data)
    Card_Temp                                0x2000056f   Data           1  voluntarily.o(.data)
    Tempp                                    0x20000570   Data           2  voluntarily.o(.data)
    Temppp                                   0x20000572   Data           2  voluntarily.o(.data)
    _Flag_Task                               0x2000059c   Data           1  mastercarcotrol.o(.data)
    MasterCar_GoSpeed                        0x200005a0   Data           4  mastercarcotrol.o(.data)
    MasterCar_TrunSpeed                      0x200005a4   Data           4  mastercarcotrol.o(.data)
    DebugKEY                                 0x200005a8   Data           1  mastercarcotrol.o(.data)
    Zigbee_receive_CarPlate                  0x200005a9   Data           6  mastercarcotrol.o(.data)
    Wifi_receive_data                        0x200005af   Data           6  mastercarcotrol.o(.data)
    testv                                    0x200005b8   Data           4  mastercarcotrol.o(.data)
    DZ_flag                                  0x200005ec   Data           1  operationflag.o(.data)
    CK_flag                                  0x200005ed   Data           1  operationflag.o(.data)
    DX_flag                                  0x200005ee   Data           1  operationflag.o(.data)
    YY_flag                                  0x200005ef   Data           3  operationflag.o(.data)
    OFlag_SLAVEflag                          0x200005f2   Data           1  operationflag.o(.data)
    OFlag_ETCflag                            0x200005f3   Data           1  operationflag.o(.data)
    light_1                                  0x200005f4   Data           4  operationflag.o(.data)
    light_2                                  0x200005f8   Data           4  operationflag.o(.data)
    light_3                                  0x200005fc   Data           4  operationflag.o(.data)
    alarm_open                               0x20000600   Data           6  operationflag.o(.data)
    alarm_close                              0x20000606   Data           6  operationflag.o(.data)
    lt_display                               0x2000060c   Data           6  operationflag.o(.data)
    alarm_change                             0x20000612   Data           8  operationflag.o(.data)
    LED_cmd                                  0x2000061a   Data           8  operationflag.o(.data)
    DZ_cmd                                   0x20000622   Data           8  operationflag.o(.data)
    WX_cmd                                   0x2000062a   Data           8  operationflag.o(.data)
    YY_cmd                                   0x20000632   Data           8  operationflag.o(.data)
    TFT_cmd_A                                0x2000063a   Data           8  operationflag.o(.data)
    TFT_cmd_B                                0x20000642   Data           8  operationflag.o(.data)
    JT_cmd_A                                 0x2000064a   Data           8  operationflag.o(.data)
    JT_cmd_B                                 0x20000652   Data           8  operationflag.o(.data)
    CK_cmd_A                                 0x2000065a   Data           8  operationflag.o(.data)
    CK_cmd_B                                 0x20000662   Data           8  operationflag.o(.data)
    ETC_cmd                                  0x2000066a   Data           8  operationflag.o(.data)
    DX_cmd                                   0x20000672   Data           8  operationflag.o(.data)
    K_A                                      0x2000067a   Data           6  rfidcard.o(.data)
    K_B                                      0x20000680   Data           6  rfidcard.o(.data)
    OWifi_CalcCode                           0x20000688   Data           7  operationwifi.o(.data)
    OWifi_CRCode                             0x2000068f   Data           7  operationwifi.o(.data)
    OWifi_TFTCP                              0x20000696   Data           7  operationwifi.o(.data)
    OWifi_TFTShape                           0x2000069d   Data           5  operationwifi.o(.data)
    OWifi_alarm                              0x200006a2   Data           7  operationwifi.o(.data)
    OWifi_TFTJTFLAG                          0x200006a9   Data           1  operationwifi.o(.data)
    OWiFi_END                                0x200006aa   Data           1  operationwifi.o(.data)
    OWiFi_readBuffer                         0x200006ac   Data           4  operationwifi.o(.data)
    OWifi_CRCode_falg                        0x200006b0   Data           1  operationwifi.o(.data)
    OWifi_TFT_falg                           0x200006b1   Data           1  operationwifi.o(.data)
    OWifi_JT                                 0x200006b2   Data           1  operationwifi.o(.data)
    Wifi_request                             0x200006b4   Data           4  operationwifi.o(.data)
    SMG_show                                 0x200006b8   Data           1  taskboard.o(.data)
    SMG_data1                                0x200006b9   Data           1  taskboard.o(.data)
    SMG_data2                                0x200006ba   Data           1  taskboard.o(.data)
    TaskBoard_TimeCount                      0x200006bc   Data           4  taskboard.o(.data)
    TaskBoard_TimeIT                         0x200006c0   Data           4  taskboard.o(.data)
    tim2_count                               0x200006c4   Data           4  taskboard.o(.data)
    SEG_arr                                  0x200006c8   Data          19  taskboard.o(.data)
    FifoBuf_A72_Tx                           0x200006dc   Data          50  uart_a72.o(.bss)
    uart_struct                              0x20000710   Data         220  uart_drv.o(.bss)
    filter_buf                               0x200007ec   Data          22  data_filtering.o(.bss)
    Fifo_Info                                0x20000854   Data          16  canp_hostcom.o(.bss)
    Fifo_WifiRx                              0x20000864   Data          16  canp_hostcom.o(.bss)
    Fifo_WifiTx                              0x20000874   Data          16  canp_hostcom.o(.bss)
    Fifo_ZigbRx                              0x20000884   Data          16  canp_hostcom.o(.bss)
    Fifo_ZigbTx                              0x20000894   Data          16  canp_hostcom.o(.bss)
    FifoBuf_Info                             0x200008a4   Data          50  canp_hostcom.o(.bss)
    FifoBuf_WifiRx                           0x200008d6   Data          50  canp_hostcom.o(.bss)
    FifoBuf_WifiTx                           0x20000908   Data          50  canp_hostcom.o(.bss)
    FifoBuf_ZigbRx                           0x2000093a   Data          50  canp_hostcom.o(.bss)
    FifoBuf_ZigbTx                           0x2000096c   Data          50  canp_hostcom.o(.bss)
    crm                                      0x200009a0   Data          20  canp_hostcom.o(.bss)
    crbuf                                    0x200009b4   Data          32  canp_hostcom.o(.bss)
    CanP_Cmd_SBuf                            0x200009d4   Data         140  canp_hostcom.o(.bss)
    TxMessage                                0x20000a60   Data          20  hard_can.o(.bss)
    RxMessage                                0x20000a74   Data          20  hard_can.o(.bss)
    Wifi_Rx_Buf                              0x20000a88   Data         200  can_user.o(.bss)
    Zigb_Rx_Buf                              0x20000b50   Data         200  can_user.o(.bss)
    debugbuf                                 0x20000c18   Data          99  mastercarcotrol.o(.bss)
    Zigbee_receive_RFIDKey                   0x20000c7c   Data          24  mastercarcotrol.o(.bss)
    buffer_data                              0x20000c94   Data          99  rfidcard.o(.bss)
    bufferCard                               0x20000cf7   Data        1980  rfidcard.o(.bss)
    __initial_sp                             0x200018b8   Data           0  startup_stm32f40_41xxx.o(STACK)



==============================================================================

Memory Map of the image

  Image Entry point : 0x08000189

  Load Region LR_IROM1 (Base: 0x08000000, Size: 0x00006ed0, Max: 0x00100000, ABSOLUTE, COMPRESSED[0x000069f4])

    Execution Region ER_IROM1 (Exec base: 0x08000000, Load base: 0x08000000, Size: 0x000067f4, Max: 0x00100000, ABSOLUTE)

    Exec Addr    Load Addr    Size         Type   Attr      Idx    E Section Name        Object

    0x08000000   0x08000000   0x00000188   Data   RO         3783    RESET               startup_stm32f40_41xxx.o
    0x08000188   0x08000188   0x00000000   Code   RO         7861  * .ARM.Collect$$$$00000000  mc_w.l(entry.o)
    0x08000188   0x08000188   0x00000004   Code   RO         8186    .ARM.Collect$$$$00000001  mc_w.l(entry2.o)
    0x0800018c   0x0800018c   0x00000004   Code   RO         8189    .ARM.Collect$$$$00000004  mc_w.l(entry5.o)
    0x08000190   0x08000190   0x00000000   Code   RO         8191    .ARM.Collect$$$$00000008  mc_w.l(entry7b.o)
    0x08000190   0x08000190   0x00000000   Code   RO         8193    .ARM.Collect$$$$0000000A  mc_w.l(entry8b.o)
    0x08000190   0x08000190   0x00000008   Code   RO         8194    .ARM.Collect$$$$0000000B  mc_w.l(entry9a.o)
    0x08000198   0x08000198   0x00000000   Code   RO         8196    .ARM.Collect$$$$0000000D  mc_w.l(entry10a.o)
    0x08000198   0x08000198   0x00000000   Code   RO         8198    .ARM.Collect$$$$0000000F  mc_w.l(entry11a.o)
    0x08000198   0x08000198   0x00000004   Code   RO         8187    .ARM.Collect$$$$00002712  mc_w.l(entry2.o)
    0x0800019c   0x0800019c   0x00000024   Code   RO         3784    .text               startup_stm32f40_41xxx.o
    0x080001c0   0x080001c0   0x0000001e   Code   RO         7864    .text               mc_w.l(llshl.o)
    0x080001de   0x080001de   0x00000020   Code   RO         7866    .text               mc_w.l(llushr.o)
    0x080001fe   0x080001fe   0x00000024   Code   RO         7868    .text               mc_w.l(memcpya.o)
    0x08000222   0x08000222   0x00000024   Code   RO         7870    .text               mc_w.l(memseta.o)
    0x08000246   0x08000246   0x000000de   Code   RO         8137    .text               mf_w.l(ddiv.o)
    0x08000324   0x08000324   0x00000022   Code   RO         8139    .text               mf_w.l(dflti.o)
    0x08000346   0x08000346   0x00000026   Code   RO         8145    .text               mf_w.l(f2d.o)
    0x0800036c   0x0800036c   0x00000038   Code   RO         8147    .text               mf_w.l(d2f.o)
    0x080003a4   0x080003a4   0x00000000   Code   RO         8214    .text               mc_w.l(iusefp.o)
    0x080003a4   0x080003a4   0x0000006e   Code   RO         8215    .text               mf_w.l(fepilogue.o)
    0x08000412   0x08000412   0x000000ba   Code   RO         8217    .text               mf_w.l(depilogue.o)
    0x080004cc   0x080004cc   0x00000024   Code   RO         8231    .text               mc_w.l(init.o)
    0x080004f0   0x080004f0   0x0000005e   Code   RO         8249    .text               mc_w.l(__dclz77c.o)
    0x0800054e   0x0800054e   0x00000006   Code   RO         1910    i.ADC_ClearFlag     stm32f4xx_adc.o
    0x08000554   0x08000554   0x00000016   Code   RO         1912    i.ADC_Cmd           stm32f4xx_adc.o
    0x0800056a   0x0800056a   0x00000002   PAD
    0x0800056c   0x0800056c   0x00000030   Code   RO         1913    i.ADC_CommonInit    stm32f4xx_adc.o
    0x0800059c   0x0800059c   0x0000008c   Code   RO          497    i.ADC_Configure     power_check.o
    0x08000628   0x08000628   0x00000008   Code   RO         1924    i.ADC_GetConversionValue  stm32f4xx_adc.o
    0x08000630   0x08000630   0x00000012   Code   RO         1925    i.ADC_GetFlagStatus  stm32f4xx_adc.o
    0x08000642   0x08000642   0x00000002   PAD
    0x08000644   0x08000644   0x00000054   Code   RO         1932    i.ADC_Init          stm32f4xx_adc.o
    0x08000698   0x08000698   0x000000b8   Code   RO         1937    i.ADC_RegularChannelConfig  stm32f4xx_adc.o
    0x08000750   0x08000750   0x0000000a   Code   RO         1939    i.ADC_SoftwareStartConv  stm32f4xx_adc.o
    0x0800075a   0x0800075a   0x00000020   Code   RO         6820    i.Agreement_Send    operationflag.o
    0x0800077a   0x0800077a   0x00000002   PAD
    0x0800077c   0x0800077c   0x00000018   Code   RO          383    i.BH1750_Configure  bh1750.o
    0x08000794   0x08000794   0x0000000c   Code   RO          384    i.BH1750_PortInit   bh1750.o
    0x080007a0   0x080007a0   0x00000034   Code   RO          385    i.BH1750_RecvACK    bh1750.o
    0x080007d4   0x080007d4   0x00000054   Code   RO          386    i.BH1750_RecvByte   bh1750.o
    0x08000828   0x08000828   0x00000040   Code   RO          387    i.BH1750_SendACK    bh1750.o
    0x08000868   0x08000868   0x00000058   Code   RO          388    i.BH1750_SendByte   bh1750.o
    0x080008c0   0x080008c0   0x00000038   Code   RO          389    i.BH1750_Start      bh1750.o
    0x080008f8   0x080008f8   0x00000030   Code   RO          390    i.BH1750_Stop       bh1750.o
    0x08000928   0x08000928   0x00000098   Code   RO         1580    i.BKRC_Voice_Extern  bkrc_voice.o
    0x080009c0   0x080009c0   0x00000008   Code   RO         1581    i.BKRC_Voice_Init   bkrc_voice.o
    0x080009c8   0x080009c8   0x00000020   Code   RO         4876    i.Battery_power_detection  function.o
    0x080009e8   0x080009e8   0x00000038   Code   RO         2152    i.CAN_DeInit        stm32f4xx_can.o
    0x08000a20   0x08000a20   0x00000108   Code   RO         2154    i.CAN_FilterInit    stm32f4xx_can.o
    0x08000b28   0x08000b28   0x00000012   Code   RO         2160    i.CAN_ITConfig      stm32f4xx_can.o
    0x08000b3a   0x08000b3a   0x00000114   Code   RO         2161    i.CAN_Init          stm32f4xx_can.o
    0x08000c4e   0x08000c4e   0x0000001e   Code   RO         2162    i.CAN_MessagePending  stm32f4xx_can.o
    0x08000c6c   0x08000c6c   0x000000f0   Code   RO         2164    i.CAN_Receive       stm32f4xx_can.o
    0x08000d5c   0x08000d5c   0x00000126   Code   RO         2169    i.CAN_Transmit      stm32f4xx_can.o
    0x08000e82   0x08000e82   0x00000002   PAD
    0x08000e84   0x08000e84   0x000000a0   Code   RO         2170    i.CAN_TransmitStatus  stm32f4xx_can.o
    0x08000f24   0x08000f24   0x0000006e   Code   RO          761    i.CalulateCRC       rc522.o
    0x08000f92   0x08000f92   0x00000002   PAD
    0x08000f94   0x08000f94   0x0000026c   Code   RO         4097    i.CanDrv_FiterUpdata  can_drv.o
    0x08001200   0x08001200   0x00000034   Code   RO         4098    i.CanDrv_Fiter_Create16bit  can_drv.o
    0x08001234   0x08001234   0x00000032   Code   RO         4099    i.CanDrv_Fiter_Create32bit  can_drv.o
    0x08001266   0x08001266   0x00000002   PAD
    0x08001268   0x08001268   0x00000010   Code   RO         4100    i.CanDrv_RxCheck    can_drv.o
    0x08001278   0x08001278   0x00000028   Code   RO         4102    i.CanDrv_RxGetMeesage  can_drv.o
    0x080012a0   0x080012a0   0x00000074   Code   RO         4103    i.CanDrv_TxData     can_drv.o
    0x08001314   0x08001314   0x00000018   Code   RO         4105    i.CanDrv_TxEmptyCheck  can_drv.o
    0x0800132c   0x0800132c   0x00000012   Code   RO         4191    i.CanP_CanRx_Check  canp_hostcom.o
    0x0800133e   0x0800133e   0x00000002   PAD
    0x08001340   0x08001340   0x000000b0   Code   RO         4192    i.CanP_CanRx_Irq    canp_hostcom.o
    0x080013f0   0x080013f0   0x00000014   Code   RO         4193    i.CanP_CanRx_TrackUp  canp_hostcom.o
    0x08001404   0x08001404   0x000000e4   Code   RO         4195    i.CanP_CanTx_Check_fIrq  canp_hostcom.o
    0x080014e8   0x080014e8   0x00000028   Code   RO         4197    i.CanP_Cmd_Check    canp_hostcom.o
    0x08001510   0x08001510   0x00000020   Code   RO         4198    i.CanP_Cmd_Init     canp_hostcom.o
    0x08001530   0x08001530   0x00000048   Code   RO         4199    i.CanP_Cmd_Send     canp_hostcom.o
    0x08001578   0x08001578   0x00000054   Code   RO         4200    i.CanP_Cmd_Write    canp_hostcom.o
    0x080015cc   0x080015cc   0x00000060   Code   RO         4201    i.CanP_FifoInit     canp_hostcom.o
    0x0800162c   0x0800162c   0x00000016   Code   RO         4202    i.CanP_FifoInitS    canp_hostcom.o
    0x08001642   0x08001642   0x00000002   PAD
    0x08001644   0x08001644   0x00000108   Code   RO         4203    i.CanP_Host_Main    canp_hostcom.o
    0x0800174c   0x0800174c   0x0000002c   Code   RO         4204    i.CanP_Init         canp_hostcom.o
    0x08001778   0x08001778   0x00000054   Code   RO         4593    i.Can_WifiRx_Save   can_user.o
    0x080017cc   0x080017cc   0x00000054   Code   RO         4595    i.Can_ZigBeeRx_Save  can_user.o
    0x08001820   0x08001820   0x00000060   Code   RO         4670    i.Can_check_Init    can_check.o
    0x08001880   0x08001880   0x0000000c   Code   RO         4596    i.Canuser_main      can_user.o
    0x0800188c   0x0800188c   0x00000078   Code   RO          307    i.Cba_Init          cba.o
    0x08001904   0x08001904   0x0000000c   Code   RO         6391    i.CleanFalgAll      mastercarcotrol.o
    0x08001910   0x08001910   0x0000001e   Code   RO          762    i.ClearBitMask      rc522.o
    0x0800192e   0x0800192e   0x0000005c   Code   RO         3946    i.Control           roadway_check.o
    0x0800198a   0x0800198a   0x00000002   PAD
    0x0800198c   0x0800198c   0x00000074   Code   RO          233    i.EXTI4_IRQHandler  ultrasonic.o
    0x08001a00   0x08001a00   0x0000000c   Code   RO         2312    i.EXTI_ClearITPendingBit  stm32f4xx_exti.o
    0x08001a0c   0x08001a0c   0x00000018   Code   RO         2316    i.EXTI_GetITStatus  stm32f4xx_exti.o
    0x08001a24   0x08001a24   0x00000094   Code   RO         2317    i.EXTI_Init         stm32f4xx_exti.o
    0x08001ab8   0x08001ab8   0x0000000c   Code   RO          498    i.Electricity_Init  power_check.o
    0x08001ac4   0x08001ac4   0x0000002a   Code   RO         4479    i.FifoDrv_BufRead   fifo_drv.o
    0x08001aee   0x08001aee   0x00000028   Code   RO         4480    i.FifoDrv_BufWrite  fifo_drv.o
    0x08001b16   0x08001b16   0x00000030   Code   RO         4481    i.FifoDrv_CheckReadEn  fifo_drv.o
    0x08001b46   0x08001b46   0x0000001c   Code   RO         4482    i.FifoDrv_CheckWriteEn  fifo_drv.o
    0x08001b62   0x08001b62   0x00000024   Code   RO         4484    i.FifoDrv_Init      fifo_drv.o
    0x08001b86   0x08001b86   0x00000030   Code   RO         4485    i.FifoDrv_ReadOne   fifo_drv.o
    0x08001bb6   0x08001bb6   0x00000024   Code   RO         4486    i.FifoDrv_StructCheck  fifo_drv.o
    0x08001bda   0x08001bda   0x0000002c   Code   RO         4487    i.FifoDrv_WriteOne  fifo_drv.o
    0x08001c06   0x08001c06   0x00000090   Code   RO         2374    i.GPIO_Init         stm32f4xx_gpio.o
    0x08001c96   0x08001c96   0x00000046   Code   RO         2375    i.GPIO_PinAFConfig  stm32f4xx_gpio.o
    0x08001cdc   0x08001cdc   0x00000012   Code   RO         2378    i.GPIO_ReadInputDataBit  stm32f4xx_gpio.o
    0x08001cee   0x08001cee   0x00000004   Code   RO         2381    i.GPIO_ResetBits    stm32f4xx_gpio.o
    0x08001cf2   0x08001cf2   0x000000de   Code   RO         1673    i.GPIO_Set          sys.o
    0x08001dd0   0x08001dd0   0x00000004   Code   RO         2382    i.GPIO_SetBits      stm32f4xx_gpio.o
    0x08001dd4   0x08001dd4   0x0000002c   Code   RO          499    i.Get_ADC_Value     power_check.o
    0x08001e00   0x08001e00   0x00000078   Code   RO          391    i.Get_Bh_Value      bh1750.o
    0x08001e78   0x08001e78   0x00000026   Code   RO          500    i.Get_Electricity   power_check.o
    0x08001e9e   0x08001e9e   0x00000002   PAD
    0x08001ea0   0x08001ea0   0x00000060   Code   RO         4208    i.Get_Host_TrackDieCount  canp_hostcom.o
    0x08001f00   0x08001f00   0x00000034   Code   RO         4209    i.Get_Host_UpTrack  canp_hostcom.o
    0x08001f34   0x08001f34   0x00000068   Code   RO         3947    i.Go_and_Back_Check  roadway_check.o
    0x08001f9c   0x08001f9c   0x00000062   Code   RO            3    i.HardInit          main.o
    0x08001ffe   0x08001ffe   0x00000002   PAD
    0x08002000   0x08002000   0x0000012c   Code   RO         4553    i.Hard_Can_Init     hard_can.o
    0x0800212c   0x0800212c   0x00000024   Code   RO         4554    i.Hard_Can_SpeedMode  hard_can.o
    0x08002150   0x08002150   0x00000008   Code   RO         4555    i.Hard_Can_While    hard_can.o
    0x08002158   0x08002158   0x00000024   Code   RO          566    i.Hard_Uart_MurtSel  uart_a72.o
    0x0800217c   0x0800217c   0x0000000c   Code   RO         4210    i.Host_Receive_UpTrack  canp_hostcom.o
    0x08002188   0x08002188   0x000000b4   Code   RO          202    i.Infrared_Send     infrared.o
    0x0800223c   0x0800223c   0x00000034   Code   RO          763    i.InitRc522         rc522.o
    0x08002270   0x08002270   0x0000005c   Code   RO          764    i.M500PcdConfigISOType  rc522.o
    0x080022cc   0x080022cc   0x0000000e   Code   RO          501    i.MLib_GetSub       power_check.o
    0x080022da   0x080022da   0x00000002   PAD
    0x080022dc   0x080022dc   0x00000058   Code   RO         6394    i.MasterCar_BackEnter  mastercarcotrol.o
    0x08002334   0x08002334   0x0000004c   Code   RO         6395    i.MasterCar_BackMP  mastercarcotrol.o
    0x08002380   0x08002380   0x00000020   Code   RO         6397    i.MasterCar_Go      mastercarcotrol.o
    0x080023a0   0x080023a0   0x0000019a   Code   RO         6399    i.MasterCar_Left    mastercarcotrol.o
    0x0800253a   0x0800253a   0x0000003c   Code   RO         6400    i.MasterCar_LeftMP  mastercarcotrol.o
    0x08002576   0x08002576   0x00000182   Code   RO         6401    i.MasterCar_Right   mastercarcotrol.o
    0x080026f8   0x080026f8   0x0000003c   Code   RO         6402    i.MasterCar_RightMP  mastercarcotrol.o
    0x08002734   0x08002734   0x0000003c   Code   RO         6403    i.MasterCar_SmartRun  mastercarcotrol.o
    0x08002770   0x08002770   0x0000003c   Code   RO         6405    i.MasterCar_SmartRun2  mastercarcotrol.o
    0x080027ac   0x080027ac   0x0000006c   Code   RO         6406    i.MasterCar_SmartRunMP  mastercarcotrol.o
    0x08002818   0x08002818   0x0000006c   Code   RO         6407    i.MasterCar_SmartRunMP2  mastercarcotrol.o
    0x08002884   0x08002884   0x00000016   Code   RO         6408    i.MasterCar_Stop    mastercarcotrol.o
    0x0800289a   0x0800289a   0x00000002   PAD
    0x0800289c   0x0800289c   0x000000bc   Code   RO         6409    i.MasterCar_TaskReceiveThread  mastercarcotrol.o
    0x08002958   0x08002958   0x000000a4   Code   RO         6410    i.MasterCar_TaskRunThread  mastercarcotrol.o
    0x080029fc   0x080029fc   0x0000008c   Code   RO         7216    i.MasterCar_findCar3  rfidcard.o
    0x08002a88   0x08002a88   0x0000003c   Code   RO          393    i.Multiple_Read_BH1750  bh1750.o
    0x08002ac4   0x08002ac4   0x00000078   Code   RO         1862    i.NVIC_Init         misc.o
    0x08002b3c   0x08002b3c   0x00000014   Code   RO         1863    i.NVIC_PriorityGroupConfig  misc.o
    0x08002b50   0x08002b50   0x00000078   Code   RO         6824    i.OFlag_CK_status   operationflag.o
    0x08002bc8   0x08002bc8   0x00000038   Code   RO         6828    i.OFlag_DX_status   operationflag.o
    0x08002c00   0x08002c00   0x0000005c   Code   RO         6831    i.OFlag_DZ          operationflag.o
    0x08002c5c   0x08002c5c   0x0000001e   Code   RO         6833    i.OFlag_DZ_open     operationflag.o
    0x08002c7a   0x08002c7a   0x0000002c   Code   RO         6834    i.OFlag_DZ_show     operationflag.o
    0x08002ca6   0x08002ca6   0x0000001a   Code   RO         6835    i.OFlag_DZ_status   operationflag.o
    0x08002cc0   0x08002cc0   0x0000000c   Code   RO         6840    i.OFlag_ETC_wait    operationflag.o
    0x08002ccc   0x08002ccc   0x00000006   Code   RO         6841    i.OFlag_GetCmd      operationflag.o
    0x08002cd2   0x08002cd2   0x00000006   Code   RO         6842    i.OFlag_GetCmd1     operationflag.o
    0x08002cd8   0x08002cd8   0x00000006   Code   RO         6843    i.OFlag_GetCmd2     operationflag.o
    0x08002cde   0x08002cde   0x00000006   Code   RO         6844    i.OFlag_GetCmd3     operationflag.o
    0x08002ce4   0x08002ce4   0x0000005c   Code   RO         6849    i.OFlag_LED         operationflag.o
    0x08002d40   0x08002d40   0x00000038   Code   RO         6850    i.OFlag_LED_jl      operationflag.o
    0x08002d78   0x08002d78   0x00000012   Code   RO         6852    i.OFlag_LED_time    operationflag.o
    0x08002d8a   0x08002d8a   0x00000044   Code   RO         6853    i.OFlag_SlaveRun    operationflag.o
    0x08002dce   0x08002dce   0x00000002   PAD
    0x08002dd0   0x08002dd0   0x00000018   Code   RO         6854    i.OFlag_SlaveRun_wait  operationflag.o
    0x08002de8   0x08002de8   0x0000005c   Code   RO         6861    i.OFlag_YY          operationflag.o
    0x08002e44   0x08002e44   0x00000022   Code   RO         6862    i.OFlag_YY_cmd      operationflag.o
    0x08002e66   0x08002e66   0x00000054   Code   RO         6867    i.OFlag_Zigbee      operationflag.o
    0x08002eba   0x08002eba   0x0000000e   Code   RO         6870    i.OFlag_alarm_open  operationflag.o
    0x08002ec8   0x08002ec8   0x0000001a   Code   RO         6871    i.OFlag_check       operationflag.o
    0x08002ee2   0x08002ee2   0x00000002   PAD
    0x08002ee4   0x08002ee4   0x0000017c   Code   RO         6873    i.OFlag_light2      operationflag.o
    0x08003060   0x08003060   0x0000003c   Code   RO         6874    i.OFlag_ltDisplay   operationflag.o
    0x0800309c   0x0800309c   0x00000036   Code   RO         6875    i.OFlag_ltDisplay_show  operationflag.o
    0x080030d2   0x080030d2   0x00000002   PAD
    0x080030d4   0x080030d4   0x00000014   Code   RO         6876    i.OFlag_resetWaitFlag  operationflag.o
    0x080030e8   0x080030e8   0x00000038   Code   RO         7397    i.OWiFi_toZigbee    operationwifi.o
    0x08003120   0x08003120   0x00000180   Code   RO         7398    i.Operation_WiFi    operationwifi.o
    0x080032a0   0x080032a0   0x000000d8   Code   RO         7399    i.Operation_WiFi_Master  operationwifi.o
    0x08003378   0x08003378   0x0000009c   Code   RO         6878    i.Operation_Zigbee  operationflag.o
    0x08003414   0x08003414   0x00000084   Code   RO         6630    i.PID_Calc          pid.o
    0x08003498   0x08003498   0x00000050   Code   RO         6631    i.PID_Set           pid.o
    0x080034e8   0x080034e8   0x00000040   Code   RO         6632    i.PID_Set_recovery  pid.o
    0x08003528   0x08003528   0x0000019c   Code   RO         6634    i.PID_Track2        pid.o
    0x080036c4   0x080036c4   0x0000019c   Code   RO         6636    i.PID_Track4        pid.o
    0x08003860   0x08003860   0x000001b4   Code   RO         6637    i.PID_Track5        pid.o
    0x08003a14   0x08003a14   0x00000190   Code   RO         6638    i.PID_TrackMP       pid.o
    0x08003ba4   0x08003ba4   0x00000180   Code   RO         6639    i.PID_TrackMP2      pid.o
    0x08003d24   0x08003d24   0x0000005c   Code   RO         6640    i.PID_reset         pid.o
    0x08003d80   0x08003d80   0x0000007c   Code   RO          502    i.Parameter_Init    power_check.o
    0x08003dfc   0x08003dfc   0x0000000c   Code   RO          765    i.PcdAntennaOff     rc522.o
    0x08003e08   0x08003e08   0x0000001a   Code   RO          766    i.PcdAntennaOn      rc522.o
    0x08003e22   0x08003e22   0x00000070   Code   RO          767    i.PcdAnticoll       rc522.o
    0x08003e92   0x08003e92   0x0000006e   Code   RO          768    i.PcdAuthState      rc522.o
    0x08003f00   0x08003f00   0x00000132   Code   RO          769    i.PcdComMF522       rc522.o
    0x08004032   0x08004032   0x00000054   Code   RO          771    i.PcdRead           rc522.o
    0x08004086   0x08004086   0x00000054   Code   RO          772    i.PcdRequest        rc522.o
    0x080040da   0x080040da   0x00000048   Code   RO          773    i.PcdReset          rc522.o
    0x08004122   0x08004122   0x00000072   Code   RO          774    i.PcdSelect         rc522.o
    0x08004194   0x08004194   0x0000016c   Code   RO          503    i.Power_Check       power_check.o
    0x08004300   0x08004300   0x00000094   Code   RO          777    i.RC522_Uart_init   rc522.o
    0x08004394   0x08004394   0x00000020   Code   RO         2581    i.RCC_AHB1PeriphClockCmd  stm32f4xx_rcc.o
    0x080043b4   0x080043b4   0x00000020   Code   RO         2590    i.RCC_APB1PeriphClockCmd  stm32f4xx_rcc.o
    0x080043d4   0x080043d4   0x00000020   Code   RO         2592    i.RCC_APB1PeriphResetCmd  stm32f4xx_rcc.o
    0x080043f4   0x080043f4   0x00000020   Code   RO         2593    i.RCC_APB2PeriphClockCmd  stm32f4xx_rcc.o
    0x08004414   0x08004414   0x00000020   Code   RO         2595    i.RCC_APB2PeriphResetCmd  stm32f4xx_rcc.o
    0x08004434   0x08004434   0x000000e8   Code   RO         2602    i.RCC_GetClocksFreq  stm32f4xx_rcc.o
    0x0800451c   0x0800451c   0x000000a4   Code   RO         7221    i.RC_Card_checkRangeRead  rfidcard.o
    0x080045c0   0x080045c0   0x0000000c   Code   RO         7232    i.RC_Get_address    rfidcard.o
    0x080045cc   0x080045cc   0x0000005c   Code   RO         7236    i.RC_check_read     rfidcard.o
    0x08004628   0x08004628   0x0000003e   Code   RO          780    i.Rc522_OutSRst     rc522.o
    0x08004666   0x08004666   0x0000002a   Code   RO          781    i.ReadRawRC         rc522.o
    0x08004690   0x08004690   0x00000018   Code   RO          783    i.Readcard_daivce_Init  rc522.o
    0x080046a8   0x080046a8   0x00000048   Code   RO          784    i.Rece_data         rc522.o
    0x080046f0   0x080046f0   0x00000014   Code   RO         3948    i.Roadway_Check     roadway_check.o
    0x08004704   0x08004704   0x00000048   Code   RO         3951    i.Roadway_mp_Get    roadway_check.o
    0x0800474c   0x0800474c   0x00000014   Code   RO         3952    i.Roadway_mp_syn    roadway_check.o
    0x08004760   0x08004760   0x000000a4   Code   RO         4898    i.Running_indicator_light  function.o
    0x08004804   0x08004804   0x0000001c   Code   RO          394    i.SDA_IN            bh1750.o
    0x08004820   0x08004820   0x0000001c   Code   RO          395    i.SDA_OUT           bh1750.o
    0x0800483c   0x0800483c   0x00000040   Code   RO         3730    i.SYSCFG_EXTILineConfig  stm32f4xx_syscfg.o
    0x0800487c   0x0800487c   0x0000006a   Code   RO         4216    i.Send_Debug_num    canp_hostcom.o
    0x080048e6   0x080048e6   0x00000002   PAD
    0x080048e8   0x080048e8   0x00000018   Code   RO         4217    i.Send_Debug_num2   canp_hostcom.o
    0x08004900   0x08004900   0x0000003c   Code   RO         4218    i.Send_Debug_string  canp_hostcom.o
    0x0800493c   0x0800493c   0x0000002a   Code   RO         4220    i.Send_Electric     canp_hostcom.o
    0x08004966   0x08004966   0x00000002   PAD
    0x08004968   0x08004968   0x0000001c   Code   RO         4221    i.Send_InfoData_To_Fifo  canp_hostcom.o
    0x08004984   0x08004984   0x00000054   Code   RO         4223    i.Send_UpMotor      canp_hostcom.o
    0x080049d8   0x080049d8   0x0000001c   Code   RO         4226    i.Send_ZigbeeData_To_Fifo  canp_hostcom.o
    0x080049f4   0x080049f4   0x00000034   Code   RO          786    i.Send_data         rc522.o
    0x08004a28   0x08004a28   0x0000001e   Code   RO          787    i.SetBitMask        rc522.o
    0x08004a46   0x08004a46   0x00000002   PAD
    0x08004a48   0x08004a48   0x000000ec   Code   RO         3790    i.SetSysClock       system_stm32f4xx.o
    0x08004b34   0x08004b34   0x0000000c   Code   RO         6411    i.Set_Flag_Task     mastercarcotrol.o
    0x08004b40   0x08004b40   0x0000001a   Code   RO          396    i.Single_Write_BH1750  bh1750.o
    0x08004b5a   0x08004b5a   0x00000002   PAD
    0x08004b5c   0x08004b5c   0x000000d8   Code   RO         6412    i.SlaveCar_TaskRunThread  mastercarcotrol.o
    0x08004c34   0x08004c34   0x00000038   Code   RO         4068    i.Smoothing_Filtering  data_filtering.o
    0x08004c6c   0x08004c6c   0x00000028   Code   RO         1866    i.SysTick_CLKSourceConfig  misc.o
    0x08004c94   0x08004c94   0x00000068   Code   RO         3792    i.SystemInit        system_stm32f4xx.o
    0x08004cfc   0x08004cfc   0x00000020   Code   RO         3955    i.TIM1_BRK_TIM9_IRQHandler  roadway_check.o
    0x08004d1c   0x08004d1c   0x0000002c   Code   RO         1800    i.TIM1_UP_TIM10_IRQHandler  timer.o
    0x08004d48   0x08004d48   0x00000088   Code   RO         7695    i.TIM2_IRQHandler   taskboard.o
    0x08004dd0   0x08004dd0   0x0000002c   Code   RO         4901    i.TIM3_IRQHandler   function.o
    0x08004dfc   0x08004dfc   0x0000002c   Code   RO         6879    i.TIM4_IRQHandler   operationflag.o
    0x08004e28   0x08004e28   0x00000044   Code   RO         7400    i.TIM5_IRQHandler   operationwifi.o
    0x08004e6c   0x08004e6c   0x0000002c   Code   RO          234    i.TIM6_DAC_IRQHandler  ultrasonic.o
    0x08004e98   0x08004e98   0x00000020   Code   RO         4671    i.TIM7_IRQHandler   can_check.o
    0x08004eb8   0x08004eb8   0x00000044   Code   RO         1345    i.TIM8_TRG_COM_TIM14_IRQHandler  syn7318.o
    0x08004efc   0x08004efc   0x00000006   Code   RO         2926    i.TIM_ClearITPendingBit  stm32f4xx_tim.o
    0x08004f02   0x08004f02   0x00000018   Code   RO         2931    i.TIM_Cmd           stm32f4xx_tim.o
    0x08004f1a   0x08004f1a   0x00000022   Code   RO         2952    i.TIM_GetITStatus   stm32f4xx_tim.o
    0x08004f3c   0x08004f3c   0x00000012   Code   RO         2956    i.TIM_ITConfig      stm32f4xx_tim.o
    0x08004f4e   0x08004f4e   0x00000002   PAD
    0x08004f50   0x08004f50   0x00000084   Code   RO         3003    i.TIM_TimeBaseInit  stm32f4xx_tim.o
    0x08004fd4   0x08004fd4   0x00000068   Code   RO         7697    i.TaskBoard_BH      taskboard.o
    0x0800503c   0x0800503c   0x00000020   Code   RO         7699    i.TaskBoard_Init    taskboard.o
    0x0800505c   0x0800505c   0x00000010   Code   RO         7701    i.TaskBoard_RISend  taskboard.o
    0x0800506c   0x0800506c   0x00000002   Code   RO         7702    i.TaskBoard_SMGDisplay  taskboard.o
    0x0800506e   0x0800506e   0x00000002   PAD
    0x08005070   0x08005070   0x00000028   Code   RO         7704    i.TaskBoard_Time    taskboard.o
    0x08005098   0x08005098   0x0000000e   Code   RO         7705    i.TaskBoard_TimeClose  taskboard.o
    0x080050a6   0x080050a6   0x00000002   PAD
    0x080050a8   0x080050a8   0x00000020   Code   RO         7707    i.TaskBoard_TimeStatus  taskboard.o
    0x080050c8   0x080050c8   0x00000008   Code   RO         7708    i.TaskBoard_WAVE    taskboard.o
    0x080050d0   0x080050d0   0x00000060   Code   RO         1801    i.Tim2_Init         timer.o
    0x08005130   0x08005130   0x0000005c   Code   RO         1802    i.Tim4_Init         timer.o
    0x0800518c   0x0800518c   0x00000060   Code   RO         1803    i.Tim5_Init         timer.o
    0x080051ec   0x080051ec   0x00000060   Code   RO         1804    i.Timer_Init        timer.o
    0x0800524c   0x0800524c   0x00000020   Code   RO         3956    i.Track_Check       roadway_check.o
    0x0800526c   0x0800526c   0x000002f8   Code   RO         3957    i.Track_Correct     roadway_check.o
    0x08005564   0x08005564   0x00000010   Code   RO         3837    i.U8ToU16           my_lib.o
    0x08005574   0x08005574   0x00000010   Code   RO         3838    i.U8ToU16_Big       my_lib.o
    0x08005584   0x08005584   0x00000010   Code   RO          567    i.UART4_IRQHandler  uart_a72.o
    0x08005594   0x08005594   0x0000005c   Code   RO          329    i.USART1_IRQHandler  usart.o
    0x080055f0   0x080055f0   0x0000007c   Code   RO          568    i.USART2_IRQHandler  uart_a72.o
    0x0800566c   0x0800566c   0x000000b0   Code   RO         1582    i.USART6_Hardware_Init  bkrc_voice.o
    0x0800571c   0x0800571c   0x000000c8   Code   RO         1583    i.USART6_IRQHandler  bkrc_voice.o
    0x080057e4   0x080057e4   0x00000020   Code   RO         1584    i.USART6_Send_Byte  bkrc_voice.o
    0x08005804   0x08005804   0x0000001c   Code   RO         1585    i.USART6_Send_Length  bkrc_voice.o
    0x08005820   0x08005820   0x0000001e   Code   RO         3478    i.USART_ClearITPendingBit  stm32f4xx_usart.o
    0x0800583e   0x0800583e   0x00000018   Code   RO         3481    i.USART_Cmd         stm32f4xx_usart.o
    0x08005856   0x08005856   0x0000001a   Code   RO         3484    i.USART_GetFlagStatus  stm32f4xx_usart.o
    0x08005870   0x08005870   0x00000054   Code   RO         3485    i.USART_GetITStatus  stm32f4xx_usart.o
    0x080058c4   0x080058c4   0x0000004a   Code   RO         3487    i.USART_ITConfig    stm32f4xx_usart.o
    0x0800590e   0x0800590e   0x00000002   PAD
    0x08005910   0x08005910   0x000000d4   Code   RO         3488    i.USART_Init        stm32f4xx_usart.o
    0x080059e4   0x080059e4   0x0000000a   Code   RO         3495    i.USART_ReceiveData  stm32f4xx_usart.o
    0x080059ee   0x080059ee   0x00000008   Code   RO         3498    i.USART_SendData    stm32f4xx_usart.o
    0x080059f6   0x080059f6   0x00000002   PAD
    0x080059f8   0x080059f8   0x0000005c   Code   RO          569    i.UartA72_Init      uart_a72.o
    0x08005a54   0x08005a54   0x00000134   Code   RO          575    i.Uart_A72_PortInit  uart_a72.o
    0x08005b88   0x08005b88   0x000000f8   Code   RO          668    i.Uart_Irq          uart_drv.o
    0x08005c80   0x08005c80   0x00000056   Code   RO          235    i.Ultrasonic_EXTI   ultrasonic.o
    0x08005cd6   0x08005cd6   0x00000002   PAD
    0x08005cd8   0x08005cd8   0x00000038   Code   RO          236    i.Ultrasonic_GetBuffer  ultrasonic.o
    0x08005d10   0x08005d10   0x00000066   Code   RO          237    i.Ultrasonic_GetBufferN  ultrasonic.o
    0x08005d76   0x08005d76   0x00000014   Code   RO          238    i.Ultrasonic_Init   ultrasonic.o
    0x08005d8a   0x08005d8a   0x00000002   PAD
    0x08005d8c   0x08005d8c   0x00000024   Code   RO          239    i.Ultrasonic_Port   ultrasonic.o
    0x08005db0   0x08005db0   0x00000058   Code   RO          240    i.Ultrasonic_Ranging  ultrasonic.o
    0x08005e08   0x08005e08   0x00000058   Code   RO          241    i.Ultrasonic_TIM    ultrasonic.o
    0x08005e60   0x08005e60   0x00000010   Code   RO          789    i.WriteRawRC        rc522.o
    0x08005e70   0x08005e70   0x00000044   Code   RO          790    i.WriteRawRC_HDL    rc522.o
    0x08005eb4   0x08005eb4   0x00000038   Code   RO         7710    i._BEEP_Init        taskboard.o
    0x08005eec   0x08005eec   0x00000002   Code   RO         7711    i._CD4051_Init      taskboard.o
    0x08005eee   0x08005eee   0x00000002   PAD
    0x08005ef0   0x08005ef0   0x0000002c   Code   RO         7712    i._IR_Init          taskboard.o
    0x08005f1c   0x08005f1c   0x00000050   Code   RO         7713    i._LED_Init         taskboard.o
    0x08005f6c   0x08005f6c   0x00000054   Code   RO         7714    i._LIGHT_Init       taskboard.o
    0x08005fc0   0x08005fc0   0x00000002   Code   RO         7715    i._SMG_Init         taskboard.o
    0x08005fc2   0x08005fc2   0x00000002   PAD
    0x08005fc4   0x08005fc4   0x00000050   Code   RO         7716    i._WAVE_Init        taskboard.o
    0x08006014   0x08006014   0x0000000e   Code   RO         8243    i.__scatterload_copy  mc_w.l(handlers.o)
    0x08006022   0x08006022   0x00000002   Code   RO         8244    i.__scatterload_null  mc_w.l(handlers.o)
    0x08006024   0x08006024   0x0000000e   Code   RO         8245    i.__scatterload_zeroinit  mc_w.l(handlers.o)
    0x08006032   0x08006032   0x00000046   Code   RO         7484    i.arr_sort          mystring.o
    0x08006078   0x08006078   0x0000001c   Code   RO         6880    i.calc_CheckSum     operationflag.o
    0x08006094   0x08006094   0x0000003c   Code   RO         1766    i.delay_init        delay.o
    0x080060d0   0x080060d0   0x0000004c   Code   RO         1767    i.delay_ms          delay.o
    0x0800611c   0x0800611c   0x0000004c   Code   RO         1768    i.delay_us          delay.o
    0x08006168   0x08006168   0x0000000c   Code   RO         1805    i.gt_get            timer.o
    0x08006174   0x08006174   0x00000018   Code   RO         1806    i.gt_get_sub        timer.o
    0x0800618c   0x0800618c   0x00000104   Code   RO            4    i.keyScan           main.o
    0x08006290   0x08006290   0x00000064   Code   RO            5    i.main              main.o
    0x080062f4   0x080062f4   0x00000014   Code   RO         4230    i.power             canp_hostcom.o
    0x08006308   0x08006308   0x00000008   Code   RO         6416    i.task_ETC          mastercarcotrol.o
    0x08006310   0x08006310   0x000000a8   Code   RO         6417    i.task_RFID         mastercarcotrol.o
    0x080063b8   0x080063b8   0x00000140   Code   RO         6418    i.task_first        mastercarcotrol.o
    0x080064f8   0x080064f8   0x00000040   Code   RO         6419    i.task_second       mastercarcotrol.o
    0x08006538   0x08006538   0x000000a4   Code   RO         6421    i.task_wait         mastercarcotrol.o
    0x080065dc   0x080065dc   0x00000008   Code   RO         6422    i.task_waitWifi     mastercarcotrol.o
    0x080065e4   0x080065e4   0x0000003c   Code   RO         3960    i.wheel_Nav_check   roadway_check.o
    0x08006620   0x08006620   0x000000a4   Code   RO         3961    i.wheel_Track_check  roadway_check.o
    0x080066c4   0x080066c4   0x00000110   Data   RO         3840    .constdata          my_lib.o
    0x080067d4   0x080067d4   0x00000020   Data   RO         8241    Region$$Table       anon$$obj.o


    Execution Region RW_IRAM2 (Exec base: 0x10000000, Load base: 0x080069f4, Size: 0x00000000, Max: 0x00010000, ABSOLUTE)

    **** No section assigned to this execution region ****


    Execution Region RW_IRAM1 (Exec base: 0x20000000, Load base: 0x080067f4, Size: 0x000018b8, Max: 0x00020000, ABSOLUTE, COMPRESSED[0x00000200])

    Exec Addr    Load Addr    Size         Type   Attr      Idx    E Section Name        Object

    0x20000000   COMPRESSED   0x0000000a   Data   RW          242    .data               ultrasonic.o
    0x2000000a   COMPRESSED   0x00000004   Data   RW          333    .data               usart.o
    0x2000000e   COMPRESSED   0x00000006   Data   RW          398    .data               bh1750.o
    0x20000014   COMPRESSED   0x00000013   Data   RW          504    .data               power_check.o
    0x20000027   COMPRESSED   0x00000003   Data   RW          577    .data               uart_a72.o
    0x2000002a   COMPRESSED   0x00000002   PAD
    0x2000002c   COMPRESSED   0x0000001c   Data   RW          671    .data               uart_drv.o
    0x20000048   COMPRESSED   0x00000031   Data   RW          792    .data               rc522.o
    0x20000079   COMPRESSED   0x00000044   Data   RW         1349    .data               syn7318.o
    0x200000bd   COMPRESSED   0x0000001f   Data   RW         1590    .data               bkrc_voice.o
    0x200000dc   COMPRESSED   0x00000004   Data   RW         1769    .data               delay.o
    0x200000e0   COMPRESSED   0x00000008   Data   RW         1807    .data               timer.o
    0x200000e8   COMPRESSED   0x00000010   Data   RW         2634    .data               stm32f4xx_rcc.o
    0x200000f8   COMPRESSED   0x00000028   Data   RW         3962    .data               roadway_check.o
    0x20000120   COMPRESSED   0x00000002   Data   RW         4110    .data               can_drv.o
    0x20000122   COMPRESSED   0x00000002   PAD
    0x20000124   COMPRESSED   0x00000037   Data   RW         4232    .data               canp_hostcom.o
    0x2000015b   COMPRESSED   0x00000001   PAD
    0x2000015c   COMPRESSED   0x00000142   Data   RW         4600    .data               can_user.o
    0x2000029e   COMPRESSED   0x00000002   PAD
    0x200002a0   COMPRESSED   0x00000161   Data   RW         4906    .data               function.o
    0x20000401   COMPRESSED   0x00000001   PAD
    0x20000402   COMPRESSED   0x00000172   Data   RW         5192    .data               voluntarily.o
    0x20000574   COMPRESSED   0x00000048   Data   RW         6424    .data               mastercarcotrol.o
    0x200005bc   COMPRESSED   0x00000030   Data   RW         6641    .data               pid.o
    0x200005ec   COMPRESSED   0x0000008e   Data   RW         6881    .data               operationflag.o
    0x2000067a   COMPRESSED   0x0000000c   Data   RW         7240    .data               rfidcard.o
    0x20000686   COMPRESSED   0x00000002   PAD
    0x20000688   COMPRESSED   0x00000030   Data   RW         7401    .data               operationwifi.o
    0x200006b8   COMPRESSED   0x00000023   Data   RW         7717    .data               taskboard.o
    0x200006db   COMPRESSED   0x00000001   PAD
    0x200006dc        -       0x00000032   Zero   RW          576    .bss                uart_a72.o
    0x2000070e   COMPRESSED   0x00000002   PAD
    0x20000710        -       0x000000dc   Zero   RW          670    .bss                uart_drv.o
    0x200007ec        -       0x00000040   Zero   RW         4069    .bss                data_filtering.o
    0x2000082c        -       0x00000028   Zero   RW         4109    .bss                can_drv.o
    0x20000854        -       0x0000020c   Zero   RW         4231    .bss                canp_hostcom.o
    0x20000a60        -       0x00000028   Zero   RW         4556    .bss                hard_can.o
    0x20000a88        -       0x00000190   Zero   RW         4599    .bss                can_user.o
    0x20000c18        -       0x0000007c   Zero   RW         6423    .bss                mastercarcotrol.o
    0x20000c94        -       0x0000081f   Zero   RW         7239    .bss                rfidcard.o
    0x200014b3   COMPRESSED   0x00000005   PAD
    0x200014b8        -       0x00000400   Zero   RW         3781    STACK               startup_stm32f40_41xxx.o


==============================================================================

Image component sizes


      Code (inc. data)   RO Data    RW Data    ZI Data      Debug   Object Name

       690         90          0          6          0       8251   bh1750.o
       596         54          0         31          0       4835   bkrc_voice.o
       128          8          0          0          0       1215   can_check.o
       918         30          0          2         40       7339   can_drv.o
       180         36          0        322        400       4661   can_user.o
      1648        216          0         55        524      17665   canp_hostcom.o
       120          8          0          0          0        587   cba.o
        56          4          0          0         64       1941   data_filtering.o
       212         16          0          4          0       1883   delay.o
         0          0          0          0          0        873   drive.o
       322          0          0          0          0       5548   fifo_drv.o
       240         32          0        353          0       5482   function.o
       344         22          0          0         40       2132   hard_can.o
       180         10          0          0          0       1160   infrared.o
       458         24          0          0          0     317188   main.o
      2794        242          0         72        124      17815   mastercarcotrol.o
       180         24          0          0          0       2081   misc.o
        32          0        272          0          0       2558   my_lib.o
        70          0          0          0          0        675   mystring.o
      1686         94          0        142          0      19445   operationflag.o
       724         64          0         48          0       3711   operationwifi.o
      2412        318          0         48          0       6352   pid.o
       736         68          0         19          0       5355   power_check.o
      1718         34          0         49          0      16694   rc522.o
       408         42          0         12       2079       4276   rfidcard.o
      1356        108          0         40          0       6928   roadway_check.o
        36          8        392          0       1024        840   startup_stm32f40_41xxx.o
       380         24          0          0          0       6110   stm32f4xx_adc.o
      1338         34          0          0          0       6383   stm32f4xx_can.o
       184         16          0          0          0       2088   stm32f4xx_exti.o
       240          0          0          0          0       3519   stm32f4xx_gpio.o
       392         48          0         16          0       5853   stm32f4xx_rcc.o
        64          4          0          0          0        656   stm32f4xx_syscfg.o
       214         28          0          0          0       3670   stm32f4xx_tim.o
       468          8          0          0          0       6131   stm32f4xx_usart.o
        68         14          0         68          0     261291   syn7318.o
       222          0          0          0          0       1111   sys.o
       340         32          0          0          0       1541   system_stm32f4xx.o
       732        106          0         35          0       9180   taskboard.o
       460         32          0          8          0       4860   timer.o
       576         70          0          3         50       3956   uart_a72.o
       248         18          0         28        220       2311   uart_drv.o
       636         68          0         10          0       5786   ultrasonic.o
        92         16          0          4          0       1223   usart.o
         0          0          0        370          0       5101   voluntarily.o

    ----------------------------------------------------------------------
     24956       2070        696       1756       4572     798260   Object Totals
         0          0         32          0          0          0   (incl. Generated)
        58          0          0         11          7          0   (incl. Padding)

    ----------------------------------------------------------------------

      Code (inc. data)   RO Data    RW Data    ZI Data      Debug   Library Member Name

        94          0          0          0          0          0   __dclz77c.o
         0          0          0          0          0          0   entry.o
         0          0          0          0          0          0   entry10a.o
         0          0          0          0          0          0   entry11a.o
         8          4          0          0          0          0   entry2.o
         4          0          0          0          0          0   entry5.o
         0          0          0          0          0          0   entry7b.o
         0          0          0          0          0          0   entry8b.o
         8          4          0          0          0          0   entry9a.o
        30          0          0          0          0          0   handlers.o
        36          8          0          0          0         68   init.o
         0          0          0          0          0          0   iusefp.o
        30          0          0          0          0         68   llshl.o
        32          0          0          0          0         68   llushr.o
        36          0          0          0          0         68   memcpya.o
        36          0          0          0          0        108   memseta.o
        56          0          0          0          0         88   d2f.o
       222          0          0          0          0        100   ddiv.o
       186          0          0          0          0        176   depilogue.o
        34          0          0          0          0         76   dflti.o
        38          0          0          0          0         68   f2d.o
       110          0          0          0          0        168   fepilogue.o

    ----------------------------------------------------------------------
       960         16          0          0          0       1056   Library Totals
         0          0          0          0          0          0   (incl. Padding)

    ----------------------------------------------------------------------

      Code (inc. data)   RO Data    RW Data    ZI Data      Debug   Library Name

       314         16          0          0          0        380   mc_w.l
       646          0          0          0          0        676   mf_w.l

    ----------------------------------------------------------------------
       960         16          0          0          0       1056   Library Totals

    ----------------------------------------------------------------------

==============================================================================


      Code (inc. data)   RO Data    RW Data    ZI Data      Debug   

     25916       2086        696       1756       4572     772184   Grand Totals
     25916       2086        696        512       4572     772184   ELF Image Totals (compressed)
     25916       2086        696        512          0          0   ROM Totals

==============================================================================

    Total RO  Size (Code + RO Data)                26612 (  25.99kB)
    Total RW  Size (RW Data + ZI Data)              6328 (   6.18kB)
    Total ROM Size (Code + RO Data + RW Data)      27124 (  26.49kB)

==============================================================================

