Component: ARM Compiler 5.06 update 6 (build 750) Tool: armlink [4d35ed]

==============================================================================

Section Cross References

    main.o(i.HardInit) refers to misc.o(i.NVIC_PriorityGroupConfig) for NVIC_PriorityGroupConfig
    main.o(i.HardInit) refers to ultrasonic.o(i.Ultrasonic_Init) for Ultrasonic_Init
    main.o(i.HardInit) refers to delay.o(i.delay_init) for delay_init
    main.o(i.HardInit) refers to cba.o(i.Cba_Init) for Cba_Init
    main.o(i.HardInit) refers to hard_can.o(i.Hard_Can_Init) for Hard_Can_Init
    main.o(i.HardInit) refers to power_check.o(i.Electricity_Init) for Electricity_Init
    main.o(i.HardInit) refers to uart_a72.o(i.UartA72_Init) for UartA72_Init
    main.o(i.HardInit) refers to can_check.o(i.Can_check_Init) for Can_check_Init
    main.o(i.HardInit) refers to timer.o(i.Timer_Init) for Timer_Init
    main.o(i.HardInit) refers to rc522.o(i.Readcard_daivce_Init) for Readcard_daivce_Init
    main.o(i.HardInit) refers to bkrc_voice.o(i.BKRC_Voice_Init) for BKRC_Voice_Init
    main.o(i.HardInit) refers to timer.o(i.Tim5_Init) for Tim5_Init
    main.o(i.HardInit) refers to timer.o(i.Tim2_Init) for Tim2_Init
    main.o(i.HardInit) refers to timer.o(i.Tim4_Init) for Tim4_Init
    main.o(i.HardInit) refers to taskboard.o(i.TaskBoard_Init) for TaskBoard_Init
    main.o(i.keyScan) refers to delay.o(i.delay_ms) for delay_ms
    main.o(i.keyScan) refers to mastercarcotrol.o(i.Set_Flag_Task) for Set_Flag_Task
    main.o(i.main) refers to main.o(i.HardInit) for HardInit
    main.o(i.main) refers to mastercarcotrol.o(i.MasterCar_Stop) for MasterCar_Stop
    main.o(i.main) refers to delay.o(i.delay_ms) for delay_ms
    main.o(i.main) refers to canp_hostcom.o(i.Send_Debug_string) for Send_Debug_string
    main.o(i.main) refers to main.o(i.keyScan) for keyScan
    main.o(i.main) refers to function.o(i.Running_indicator_light) for Running_indicator_light
    main.o(i.main) refers to mastercarcotrol.o(i.MasterCar_TaskRunThread) for MasterCar_TaskRunThread
    main.o(i.main) refers to mastercarcotrol.o(i.MasterCar_TaskReceiveThread) for MasterCar_TaskReceiveThread
    main.o(i.main) refers to function.o(i.Battery_power_detection) for Battery_power_detection
    infrared.o(i.Infrared_Send) refers to delay.o(i.delay_ms) for delay_ms
    infrared.o(i.Infrared_Send) refers to delay.o(i.delay_us) for delay_us
    ultrasonic.o(i.EXTI4_IRQHandler) refers to stm32f4xx_exti.o(i.EXTI_GetITStatus) for EXTI_GetITStatus
    ultrasonic.o(i.EXTI4_IRQHandler) refers to stm32f4xx_gpio.o(i.GPIO_ReadInputDataBit) for GPIO_ReadInputDataBit
    ultrasonic.o(i.EXTI4_IRQHandler) refers to stm32f4xx_tim.o(i.TIM_Cmd) for TIM_Cmd
    ultrasonic.o(i.EXTI4_IRQHandler) refers to stm32f4xx_exti.o(i.EXTI_ClearITPendingBit) for EXTI_ClearITPendingBit
    ultrasonic.o(i.EXTI4_IRQHandler) refers to ultrasonic.o(.data) for Ultrasonic_Num
    ultrasonic.o(i.TIM6_DAC_IRQHandler) refers to stm32f4xx_tim.o(i.TIM_GetITStatus) for TIM_GetITStatus
    ultrasonic.o(i.TIM6_DAC_IRQHandler) refers to stm32f4xx_tim.o(i.TIM_ClearITPendingBit) for TIM_ClearITPendingBit
    ultrasonic.o(i.TIM6_DAC_IRQHandler) refers to ultrasonic.o(.data) for Ultrasonic_Num
    ultrasonic.o(i.Ultrasonic_EXTI) refers to misc.o(i.NVIC_PriorityGroupConfig) for NVIC_PriorityGroupConfig
    ultrasonic.o(i.Ultrasonic_EXTI) refers to stm32f4xx_rcc.o(i.RCC_APB2PeriphClockCmd) for RCC_APB2PeriphClockCmd
    ultrasonic.o(i.Ultrasonic_EXTI) refers to stm32f4xx_syscfg.o(i.SYSCFG_EXTILineConfig) for SYSCFG_EXTILineConfig
    ultrasonic.o(i.Ultrasonic_EXTI) refers to stm32f4xx_exti.o(i.EXTI_Init) for EXTI_Init
    ultrasonic.o(i.Ultrasonic_EXTI) refers to misc.o(i.NVIC_Init) for NVIC_Init
    ultrasonic.o(i.Ultrasonic_GetBuffer) refers to ultrasonic.o(i.Ultrasonic_Ranging) for Ultrasonic_Ranging
    ultrasonic.o(i.Ultrasonic_GetBuffer) refers to delay.o(i.delay_ms) for delay_ms
    ultrasonic.o(i.Ultrasonic_GetBuffer) refers to ultrasonic.o(.data) for dis
    ultrasonic.o(i.Ultrasonic_GetBufferN) refers to ultrasonic.o(i.Ultrasonic_GetBuffer) for Ultrasonic_GetBuffer
    ultrasonic.o(i.Ultrasonic_GetBufferN) refers to delay.o(i.delay_ms) for delay_ms
    ultrasonic.o(i.Ultrasonic_Init) refers to ultrasonic.o(i.Ultrasonic_Port) for Ultrasonic_Port
    ultrasonic.o(i.Ultrasonic_Init) refers to ultrasonic.o(i.Ultrasonic_TIM) for Ultrasonic_TIM
    ultrasonic.o(i.Ultrasonic_Init) refers to ultrasonic.o(i.Ultrasonic_EXTI) for Ultrasonic_EXTI
    ultrasonic.o(i.Ultrasonic_Port) refers to stm32f4xx_rcc.o(i.RCC_AHB1PeriphClockCmd) for RCC_AHB1PeriphClockCmd
    ultrasonic.o(i.Ultrasonic_Port) refers to stm32f4xx_gpio.o(i.GPIO_PinAFConfig) for GPIO_PinAFConfig
    ultrasonic.o(i.Ultrasonic_Ranging) refers to delay.o(i.delay_us) for delay_us
    ultrasonic.o(i.Ultrasonic_Ranging) refers to stm32f4xx_tim.o(i.TIM_Cmd) for TIM_Cmd
[...]
    HardFault_Handler                        0x080001a7   Thumb Code     2  startup_stm32f40_41xxx.o(.text)
    MemManage_Handler                        0x080001a9   Thumb Code     2  startup_stm32f40_41xxx.o(.text)
    BusFault_Handler                         0x080001ab   Thumb Code     2  startup_stm32f40_41xxx.o(.text)
    UsageFault_Handler                       0x080001ad   Thumb Code     2  startup_stm32f40_41xxx.o(.text)
    SVC_Handler                              0x080001af   Thumb Code     2  startup_stm32f40_41xxx.o(.text)
    DebugMon_Handler                         0x080001b1   Thumb Code     2  startup_stm32f40_41xxx.o(.text)
    PendSV_Handler                           0x080001b3   Thumb Code     2  startup_stm32f40_41xxx.o(.text)
    SysTick_Handler                          0x080001b5   Thumb Code     2  startup_stm32f40_41xxx.o(.text)
    ADC_IRQHandler                           0x080001b7   Thumb Code     0  startup_stm32f40_41xxx.o(.text)
    CAN1_RX0_IRQHandler                      0x080001b7   Thumb Code     0  startup_stm32f40_41xxx.o(.text)
    CAN1_RX1_IRQHandler                      0x080001b7   Thumb Code     0  startup_stm32f40_41xxx.o(.text)
    CAN1_SCE_IRQHandler                      0x080001b7   Thumb Code     0  startup_stm32f40_41xxx.o(.text)
    CAN1_TX_IRQHandler                       0x080001b7   Thumb Code     0  startup_stm32f40_41xxx.o(.text)
    CAN2_RX0_IRQHandler                      0x080001b7   Thumb Code     0  startup_stm32f40_41xxx.o(.text)
    CAN2_RX1_IRQHandler                      0x080001b7   Thumb Code     0  startup_stm32f40_41xxx.o(.text)
    CAN2_SCE_IRQHandler                      0x080001b7   Thumb Code     0  startup_stm32f40_41xxx.o(.text)
    CAN2_TX_IRQHandler                       0x080001b7   Thumb Code     0  startup_stm32f40_41xxx.o(.text)
    CRYP_IRQHandler                          0x080001b7   Thumb Code     0  startup_stm32f40_41xxx.o(.text)
    DCMI_IRQHandler                          0x080001b7   Thumb Code     0  startup_stm32f40_41xxx.o(.text)
    DMA1_Stream0_IRQHandler                  0x080001b7   Thumb Code     0  startup_stm32f40_41xxx.o(.text)
    DMA1_Stream1_IRQHandler                  0x080001b7   Thumb Code     0  startup_stm32f40_41xxx.o(.text)
    DMA1_Stream2_IRQHandler                  0x080001b7   Thumb Code     0  startup_stm32f40_41xxx.o(.text)
    DMA1_Stream3_IRQHandler                  0x080001b7   Thumb Code     0  startup_stm32f40_41xxx.o(.text)
    DMA1_Stream4_IRQHandler                  0x080001b7   Thumb Code     0  startup_stm32f40_41xxx.o(.text)
    DMA1_Stream5_IRQHandler                  0x080001b7   Thumb Code     0  startup_stm32f40_41xxx.o(.text)
    DMA1_Stream6_IRQHandler                  0x080001b7   Thumb Code     0  startup_stm32f40_41xxx.o(.text)
    DMA1_Stream7_IRQHandler                  0x080001b7   Thumb Code     0  startup_stm32f40_41xxx.o(.text)
    DMA2_Stream0_IRQHandler                  0x080001b7   Thumb Code     0  startup_stm32f40_41xxx.o(.text)
    DMA2_Stream1_IRQHandler                  0x080001b7   Thumb Code     0  startup_stm32f40_41xxx.o(.text)
    DMA2_Stream2_IRQHandler                  0x080001b7   Thumb Code     0  startup_stm32f40_41xxx.o(.text)
    DMA2_Stream3_IRQHandler                  0x080001b7   Thumb Code     0  startup_stm32f40_41xxx.o(.text)
    DMA2_Stream4_IRQHandler                  0x080001b7   Thumb Code     0  startup_stm32f40_41xxx.o(.text)
    DMA2_Stream5_IRQHandler                  0x080001b7   Thumb Code     0  startup_stm32f40_41xxx.o(.text)
    DMA2_Stream6_IRQHandler                  0x080001b7   Thumb Code     0  startup_stm32f40_41xxx.o(.text)
    DMA2_Stream7_IRQHandler                  0x080001b7   Thumb Code     0  startup_stm32f40_41xxx.o(.text)
    ETH_IRQHandler                           0x080001b7   Thumb Code     0  startup_stm32f40_41xxx.o(.text)
    ETH_WKUP_IRQHandler                      0x080001b7   Thumb Code     0  startup_stm32f40_41xxx.o(.text)
    EXTI0_IRQHandler                         0x080001b7   Thumb Code     0  startup_stm32f40_41xxx.o(.text)
    EXTI15_10_IRQHandler                     0x080001b7   Thumb Code     0  startup_stm32f40_41xxx.o(.text)
    EXTI1_IRQHandler                         0x080001b7   Thumb Code     0  startup_stm32f40_41xxx.o(.text)
    EXTI2_IRQHandler                         0x080001b7   Thumb Code     0  startup_stm32f40_41xxx.o(.text)
    EXTI3_IRQHandler                         0x080001b7   Thumb Code     0  startup_stm32f40_41xxx.o(.text)
    EXTI9_5_IRQHandler                       0x080001b7   Thumb Code     0  startup_stm32f40_41xxx.o(.text)
    FLASH_IRQHandler                         0x080001b7   Thumb Code     0  startup_stm32f40_41xxx.o(.text)
    FPU_IRQHandler                           0x080001b7   Thumb Code     0  startup_stm32f40_41xxx.o(.text)
    FSMC_IRQHandler                          0x080001b7   Thumb Code     0  startup_stm32f40_41xxx.o(.text)
    HASH_RNG_IRQHandler                      0x080001b7   Thumb Code     0  startup_stm32f40_41xxx.o(.text)
    I2C1_ER_IRQHandler                       0x080001b7   Thumb Code     0  startup_stm32f40_41xxx.o(.text)
    I2C1_EV_IRQHandler                       0x080001b7   Thumb Code     0  startup_stm32f40_41xxx.o(.text)
    I2C2_ER_IRQHandler                       0x080001b7   Thumb Code     0  startup_stm32f40_41xxx.o(.text)
    I2C2_EV_IRQHandler                       0x080001b7   Thumb Code     0  startup_stm32f40_41xxx.o(.text)
    I2C3_ER_IRQHandler                       0x080001b7   Thumb Code     0  startup_stm32f40_41xxx.o(.text)
    I2C3_EV_IRQHandler                       0x080001b7   Thumb Code     0  startup_stm32f40_41xxx.o(.text)
    OTG_FS_IRQHandler                        0x080001b7   Thumb Code     0  startup_stm32f40_41xxx.o(.text)
    OTG_FS_WKUP_IRQHandler                   0x080001b7   Thumb Code     0  startup_stm32f40_41xxx.o(.text)
    OTG_HS_EP1_IN_IRQHandler                 0x080001b7   Thumb Code     0  startup_stm32f40_41xxx.o(.text)
    OTG_HS_EP1_OUT_IRQHandler                0x080001b7   Thumb Code     0  startup_stm32f40_41xxx.o(.text)
    OTG_HS_IRQHandler                        0x080001b7   Thumb Code     0  startup_stm32f40_41xxx.o(.text)
    OTG_HS_WKUP_IRQHandler                   0x080001b7   Thumb Code     0  startup_stm32f40_41xxx.o(.text)
    PVD_IRQHandler                           0x080001b7   Thumb Code     0  startup_stm32f40_41xxx.o(.text)
    RCC_IRQHandler                           0x080001b7   Thumb Code     0  startup_stm32f40_41xxx.o(.text)
    RTC_Alarm_IRQHandler                     0x080001b7   Thumb Code     0  startup_stm32f40_41xxx.o(.text)
    RTC_WKUP_IRQHandler                      0x080001b7   Thumb Code     0  startup_stm32f40_41xxx.o(.text)
    SDIO_IRQHandler                          0x080001b7   Thumb Code     0  startup_stm32f40_41xxx.o(.text)
    SPI1_IRQHandler                          0x080001b7   Thumb Code     0  startup_stm32f40_41xxx.o(.text)
    SPI2_IRQHandler                          0x080001b7   Thumb Code     0  startup_stm32f40_41xxx.o(.text)
    SPI3_IRQHandler                          0x080001b7   Thumb Code     0  startup_stm32f40_41xxx.o(.text)
    TAMP_STAMP_IRQHandler                    0x080001b7   Thumb Code     0  startup_stm32f40_41xxx.o(.text)
    TIM1_CC_IRQHandler                       0x080001b7   Thumb Code     0  startup_stm32f40_41xxx.o(.text)
    TIM1_TRG_COM_TIM11_IRQHandler            0x080001b7   Thumb Code     0  startup_stm32f40_41xxx.o(.text)
    TIM8_BRK_TIM12_IRQHandler                0x080001b7   Thumb Code     0  startup_stm32f40_41xxx.o(.text)
    TIM8_CC_IRQHandler                       0x080001b7   Thumb Code     0  startup_stm32f40_41xxx.o(.text)
    TIM8_UP_TIM13_IRQHandler                 0x080001b7   Thumb Code     0  startup_stm32f40_41xxx.o(.text)
    UART5_IRQHandler                         0x080001b7   Thumb Code     0  startup_stm32f40_41xxx.o(.text)
    USART3_IRQHandler                        0x080001b7   Thumb Code     0  startup_stm32f40_41xxx.o(.text)
    WWDG_IRQHandler                          0x080001b7   Thumb Code     0  startup_stm32f40_41xxx.o(.text)
    __aeabi_llsl                             0x080001c1   Thumb Code    30  llshl.o(.text)
    _ll_shift_l                              0x080001c1   Thumb Code     0  llshl.o(.text)
    __aeabi_llsr                             0x080001df   Thumb Code    32  llushr.o(.text)
    _ll_ushift_r                             0x080001df   Thumb Code     0  llushr.o(.text)
    __aeabi_memcpy                           0x080001ff   Thumb Code    36  memcpya.o(.text)
    __aeabi_memcpy4                          0x080001ff   Thumb Code     0  memcpya.o(.text)
    __aeabi_memcpy8                          0x080001ff   Thumb Code     0  memcpya.o(.text)
    __aeabi_memset                           0x08000223   Thumb Code    14  memseta.o(.text)
    __aeabi_memset4                          0x08000223   Thumb Code     0  memseta.o(.text)
    __aeabi_memset8                          0x08000223   Thumb Code     0  memseta.o(.text)
    __aeabi_memclr                           0x08000231   Thumb Code     4  memseta.o(.text)
    __aeabi_memclr4                          0x08000231   Thumb Code     0  memseta.o(.text)
    __aeabi_memclr8                          0x08000231   Thumb Code     0  memseta.o(.text)
    _memset$wrapper                          0x08000235   Thumb Code    18  memseta.o(.text)
    __aeabi_ddiv                             0x08000247   Thumb Code   222  ddiv.o(.text)
    __aeabi_f2d                              0x08000325   Thumb Code    38  f2d.o(.text)
    __aeabi_d2f                              0x0800034b   Thumb Code    56  d2f.o(.text)
    __I$use$fp                               0x08000383   Thumb Code     0  iusefp.o(.text)
    _float_round                             0x08000383   Thumb Code    18  fepilogue.o(.text)
    _float_epilogue                          0x08000395   Thumb Code    92  fepilogue.o(.text)
    _double_round                            0x080003f1   Thumb Code    30  depilogue.o(.text)
    _double_epilogue                         0x0800040f   Thumb Code   156  depilogue.o(.text)
    __scatterload                            0x080004ad   Thumb Code    28  init.o(.text)
    __scatterload_rt2                        0x080004ad   Thumb Code     0  init.o(.text)
    __decompress                             0x080004d1   Thumb Code     0  __dclz77c.o(.text)
    __decompress2                            0x080004d1   Thumb Code    94  __dclz77c.o(.text)
    ADC_ClearFlag                            0x0800052f   Thumb Code     6  stm32f4xx_adc.o(i.ADC_ClearFlag)
    ADC_Cmd                                  0x08000535   Thumb Code    22  stm32f4xx_adc.o(i.ADC_Cmd)
    ADC_CommonInit                           0x0800054d   Thumb Code    34  stm32f4xx_adc.o(i.ADC_CommonInit)
    ADC_Configure                            0x0800057d   Thumb Code   132  power_check.o(i.ADC_Configure)
    ADC_GetConversionValue                   0x08000609   Thumb Code     8  stm32f4xx_adc.o(i.ADC_GetConversionValue)
    ADC_GetFlagStatus                        0x08000611   Thumb Code    18  stm32f4xx_adc.o(i.ADC_GetFlagStatus)
    ADC_Init                                 0x08000625   Thumb Code    74  stm32f4xx_adc.o(i.ADC_Init)
    ADC_RegularChannelConfig                 0x08000679   Thumb Code   184  stm32f4xx_adc.o(i.ADC_RegularChannelConfig)
    ADC_SoftwareStartConv                    0x08000731   Thumb Code    10  stm32f4xx_adc.o(i.ADC_SoftwareStartConv)
    Agreement_Send                           0x0800073b   Thumb Code    32  operationflag.o(i.Agreement_Send)
    BH1750_Configure                         0x0800075d   Thumb Code    20  bh1750.o(i.BH1750_Configure)
    BH1750_PortInit                          0x08000775   Thumb Code    12  bh1750.o(i.BH1750_PortInit)
    BH1750_RecvACK                           0x08000781   Thumb Code    42  bh1750.o(i.BH1750_RecvACK)
    BH1750_SendByte                          0x080007b5   Thumb Code    78  bh1750.o(i.BH1750_SendByte)
    BH1750_Start                             0x0800080d   Thumb Code    46  bh1750.o(i.BH1750_Start)
    BH1750_Stop                              0x08000845   Thumb Code    40  bh1750.o(i.BH1750_Stop)
    BKRC_Voice_Init                          0x08000875   Thumb Code     8  bkrc_voice.o(i.BKRC_Voice_Init)
    Battery_power_detection                  0x0800087d   Thumb Code    28  function.o(i.Battery_power_detection)
    CAN_DeInit                               0x0800089d   Thumb Code    50  stm32f4xx_can.o(i.CAN_DeInit)
    CAN_FilterInit                           0x080008d5   Thumb Code   258  stm32f4xx_can.o(i.CAN_FilterInit)
    CAN_ITConfig                             0x080009dd   Thumb Code    18  stm32f4xx_can.o(i.CAN_ITConfig)
    CAN_Init                                 0x080009ef   Thumb Code   276  stm32f4xx_can.o(i.CAN_Init)
    CAN_MessagePending                       0x08000b03   Thumb Code    30  stm32f4xx_can.o(i.CAN_MessagePending)
    CAN_Receive                              0x08000b21   Thumb Code   240  stm32f4xx_can.o(i.CAN_Receive)
    CAN_Transmit                             0x08000c11   Thumb Code   294  stm32f4xx_can.o(i.CAN_Transmit)
    CAN_TransmitStatus                       0x08000d39   Thumb Code   138  stm32f4xx_can.o(i.CAN_TransmitStatus)
    CanDrv_FiterUpdata                       0x08000dd9   Thumb Code   616  can_drv.o(i.CanDrv_FiterUpdata)
    CanDrv_RxCheck                           0x080010ad   Thumb Code    12  can_drv.o(i.CanDrv_RxCheck)
    CanDrv_RxGetMeesage                      0x080010bd   Thumb Code    34  can_drv.o(i.CanDrv_RxGetMeesage)
    CanDrv_TxData                            0x080010e5   Thumb Code   106  can_drv.o(i.CanDrv_TxData)
    CanDrv_TxEmptyCheck                      0x08001159   Thumb Code    18  can_drv.o(i.CanDrv_TxEmptyCheck)
    CanP_CanRx_Check                         0x08001171   Thumb Code    18  canp_hostcom.o(i.CanP_CanRx_Check)
    CanP_CanRx_Irq                           0x08001185   Thumb Code   146  canp_hostcom.o(i.CanP_CanRx_Irq)
    CanP_CanRx_TrackUp                       0x08001235   Thumb Code    14  canp_hostcom.o(i.CanP_CanRx_TrackUp)
    CanP_CanTx_Check_fIrq                    0x08001249   Thumb Code   204  canp_hostcom.o(i.CanP_CanTx_Check_fIrq)
    CanP_Cmd_Check                           0x0800132d   Thumb Code    36  canp_hostcom.o(i.CanP_Cmd_Check)
    CanP_Cmd_Init                            0x08001355   Thumb Code    26  canp_hostcom.o(i.CanP_Cmd_Init)
    CanP_Cmd_Send                            0x08001375   Thumb Code    66  canp_hostcom.o(i.CanP_Cmd_Send)
    CanP_Cmd_Write                           0x080013bd   Thumb Code    78  canp_hostcom.o(i.CanP_Cmd_Write)
    CanP_FifoInit                            0x08001411   Thumb Code    54  canp_hostcom.o(i.CanP_FifoInit)
    CanP_FifoInitS                           0x08001471   Thumb Code    22  canp_hostcom.o(i.CanP_FifoInitS)
    CanP_Host_Main                           0x08001489   Thumb Code   228  canp_hostcom.o(i.CanP_Host_Main)
    CanP_Init                                0x08001591   Thumb Code    30  canp_hostcom.o(i.CanP_Init)
    Can_WifiRx_Save                          0x080015bd   Thumb Code    66  can_user.o(i.Can_WifiRx_Save)
    Can_ZigBeeRx_Save                        0x08001611   Thumb Code    66  can_user.o(i.Can_ZigBeeRx_Save)
    Can_check_Init                           0x08001665   Thumb Code    92  can_check.o(i.Can_check_Init)
    Canuser_main                             0x080016c5   Thumb Code    12  can_user.o(i.Canuser_main)
    Cba_Init                                 0x080016d1   Thumb Code   112  cba.o(i.Cba_Init)
    CleanFalgAll                             0x08001749   Thumb Code     8  mastercarcotrol.o(i.CleanFalgAll)
    ClearBitMask                             0x08001755   Thumb Code    30  rc522.o(i.ClearBitMask)
    Control                                  0x08001773   Thumb Code    92  roadway_check.o(i.Control)
    EXTI4_IRQHandler                         0x080017d1   Thumb Code    90  ultrasonic.o(i.EXTI4_IRQHandler)
    EXTI_ClearITPendingBit                   0x08001845   Thumb Code     6  stm32f4xx_exti.o(i.EXTI_ClearITPendingBit)
    EXTI_GetITStatus                         0x08001851   Thumb Code    20  stm32f4xx_exti.o(i.EXTI_GetITStatus)
    EXTI_Init                                0x08001869   Thumb Code   142  stm32f4xx_exti.o(i.EXTI_Init)
    Electricity_Init                         0x080018fd   Thumb Code    12  power_check.o(i.Electricity_Init)
    FifoDrv_BufRead                          0x08001909   Thumb Code    42  fifo_drv.o(i.FifoDrv_BufRead)
    FifoDrv_BufWrite                         0x08001933   Thumb Code    40  fifo_drv.o(i.FifoDrv_BufWrite)
    FifoDrv_CheckReadEn                      0x0800195b   Thumb Code    48  fifo_drv.o(i.FifoDrv_CheckReadEn)
    FifoDrv_CheckWriteEn                     0x0800198b   Thumb Code    28  fifo_drv.o(i.FifoDrv_CheckWriteEn)
    FifoDrv_Init                             0x080019a7   Thumb Code    36  fifo_drv.o(i.FifoDrv_Init)
    FifoDrv_ReadOne                          0x080019cb   Thumb Code    48  fifo_drv.o(i.FifoDrv_ReadOne)
    FifoDrv_StructCheck                      0x080019fb   Thumb Code    36  fifo_drv.o(i.FifoDrv_StructCheck)
    FifoDrv_WriteOne                         0x08001a1f   Thumb Code    44  fifo_drv.o(i.FifoDrv_WriteOne)
    GPIO_Init                                0x08001a4b   Thumb Code   144  stm32f4xx_gpio.o(i.GPIO_Init)
    GPIO_PinAFConfig                         0x08001adb   Thumb Code    70  stm32f4xx_gpio.o(i.GPIO_PinAFConfig)
    GPIO_ReadInputDataBit                    0x08001b21   Thumb Code    18  stm32f4xx_gpio.o(i.GPIO_ReadInputDataBit)
    GPIO_ResetBits                           0x08001b33   Thumb Code     4  stm32f4xx_gpio.o(i.GPIO_ResetBits)
    GPIO_Set                                 0x08001b37   Thumb Code   222  sys.o(i.GPIO_Set)
    GPIO_SetBits                             0x08001c15   Thumb Code     4  stm32f4xx_gpio.o(i.GPIO_SetBits)
    Get_ADC_Value                            0x08001c19   Thumb Code    38  power_check.o(i.Get_ADC_Value)
    Get_Electricity                          0x08001c45   Thumb Code    38  power_check.o(i.Get_Electricity)
    Get_Host_UpTrack                         0x08001c6d   Thumb Code    48  canp_hostcom.o(i.Get_Host_UpTrack)
    Go_and_Back_Check                        0x08001ca1   Thumb Code    86  roadway_check.o(i.Go_and_Back_Check)
    HardInit                                 0x08001d09   Thumb Code    98  main.o(i.HardInit)
    Hard_Can_Init                            0x08001d6d   Thumb Code   284  hard_can.o(i.Hard_Can_Init)
    Hard_Can_SpeedMode                       0x08001e99   Thumb Code    30  hard_can.o(i.Hard_Can_SpeedMode)
    Hard_Can_While                           0x08001ebd   Thumb Code     8  hard_can.o(i.Hard_Can_While)
    Hard_Uart_MurtSel                        0x08001ec5   Thumb Code    30  uart_a72.o(i.Hard_Uart_MurtSel)
    Host_Receive_UpTrack                     0x08001ee9   Thumb Code     8  canp_hostcom.o(i.Host_Receive_UpTrack)
    Infrared_Send                            0x08001ef5   Thumb Code   170  infrared.o(i.Infrared_Send)
    InitRc522                                0x08001fa9   Thumb Code    48  rc522.o(i.InitRc522)
    M500PcdConfigISOType                     0x08001fdd   Thumb Code    92  rc522.o(i.M500PcdConfigISOType)
    MLib_GetSub                              0x08002039   Thumb Code    14  power_check.o(i.MLib_GetSub)
    MasterCar_BackEnter                      0x08002049   Thumb Code    76  mastercarcotrol.o(i.MasterCar_BackEnter)
    MasterCar_BackMP                         0x080020a1   Thumb Code    76  mastercarcotrol.o(i.MasterCar_BackMP)
    MasterCar_Go                             0x080020ed   Thumb Code    32  mastercarcotrol.o(i.MasterCar_Go)
    MasterCar_LeftMP                         0x0800210d   Thumb Code    60  mastercarcotrol.o(i.MasterCar_LeftMP)
    MasterCar_Right                          0x08002149   Thumb Code   386  mastercarcotrol.o(i.MasterCar_Right)
    MasterCar_RightMP                        0x080022cb   Thumb Code    60  mastercarcotrol.o(i.MasterCar_RightMP)
    MasterCar_SmartRun                       0x08002309   Thumb Code    52  mastercarcotrol.o(i.MasterCar_SmartRun)
    MasterCar_SmartRunMP                     0x08002345   Thumb Code   104  mastercarcotrol.o(i.MasterCar_SmartRunMP)
    MasterCar_SmartRunMP2                    0x080023b1   Thumb Code   104  mastercarcotrol.o(i.MasterCar_SmartRunMP2)
    MasterCar_Stop                           0x0800241d   Thumb Code    22  mastercarcotrol.o(i.MasterCar_Stop)
    MasterCar_TaskReceiveThread              0x08002435   Thumb Code   156  mastercarcotrol.o(i.MasterCar_TaskReceiveThread)
    MasterCar_TaskRunThread                  0x080024fd   Thumb Code   124  mastercarcotrol.o(i.MasterCar_TaskRunThread)
    NVIC_Init                                0x08002589   Thumb Code   106  misc.o(i.NVIC_Init)
    NVIC_PriorityGroupConfig                 0x08002601   Thumb Code    10  misc.o(i.NVIC_PriorityGroupConfig)
    OFlag_CK_status                          0x08002615   Thumb Code   112  operationflag.o(i.OFlag_CK_status)
    OFlag_DX_status                          0x0800268d   Thumb Code    52  operationflag.o(i.OFlag_DX_status)
    OFlag_DZ                                 0x080026c5   Thumb Code    88  operationflag.o(i.OFlag_DZ)
    OFlag_DZ_open                            0x08002721   Thumb Code    30  operationflag.o(i.OFlag_DZ_open)
    OFlag_DZ_show                            0x0800273f   Thumb Code    44  operationflag.o(i.OFlag_DZ_show)
    OFlag_DZ_status                          0x0800276b   Thumb Code    26  operationflag.o(i.OFlag_DZ_status)
    OFlag_GetCmd                             0x08002785   Thumb Code     6  operationflag.o(i.OFlag_GetCmd)
    OFlag_GetCmd1                            0x0800278b   Thumb Code     6  operationflag.o(i.OFlag_GetCmd1)
    OFlag_GetCmd2                            0x08002791   Thumb Code     6  operationflag.o(i.OFlag_GetCmd2)
    OFlag_GetCmd3                            0x08002797   Thumb Code     6  operationflag.o(i.OFlag_GetCmd3)
    OFlag_LED                                0x0800279d   Thumb Code    88  operationflag.o(i.OFlag_LED)
    OFlag_LED_time                           0x080027f9   Thumb Code    18  operationflag.o(i.OFlag_LED_time)
    OFlag_SlaveRun                           0x0800280b   Thumb Code    68  operationflag.o(i.OFlag_SlaveRun)
    OFlag_SlaveRun_wait                      0x08002851   Thumb Code    18  operationflag.o(i.OFlag_SlaveRun_wait)
    OFlag_SlaveSendZigbee                    0x08002869   Thumb Code    26  operationflag.o(i.OFlag_SlaveSendZigbee)
    OFlag_Zigbee                             0x08002883   Thumb Code    84  operationflag.o(i.OFlag_Zigbee)
    OFlag_alarm_open                         0x080028d7   Thumb Code    14  operationflag.o(i.OFlag_alarm_open)
    OFlag_check                              0x080028e5   Thumb Code    26  operationflag.o(i.OFlag_check)
    OWiFi_toZigbee                           0x08002901   Thumb Code    50  operationwifi.o(i.OWiFi_toZigbee)
    Operation_WiFi                           0x08002939   Thumb Code   346  operationwifi.o(i.Operation_WiFi)
    Operation_WiFi_Master                    0x08002ab9   Thumb Code   208  operationwifi.o(i.Operation_WiFi_Master)
    Operation_Zigbee                         0x08002b91   Thumb Code   130  operationflag.o(i.Operation_Zigbee)
    PID_Calc                                 0x08002c2d   Thumb Code    98  pid.o(i.PID_Calc)
    PID_Set                                  0x08002cb1   Thumb Code    56  pid.o(i.PID_Set)
    PID_Set_recovery                         0x08002d01   Thumb Code    38  pid.o(i.PID_Set_recovery)
    PID_Track2                               0x08002d41   Thumb Code   390  pid.o(i.PID_Track2)
    PID_TrackMP                              0x08002edd   Thumb Code   354  pid.o(i.PID_TrackMP)
    PID_TrackMP2                             0x0800306d   Thumb Code   354  pid.o(i.PID_TrackMP2)
    PID_reset                                0x080031ed   Thumb Code    62  pid.o(i.PID_reset)
    Parameter_Init                           0x08003249   Thumb Code    98  power_check.o(i.Parameter_Init)
    PcdAntennaOff                            0x080032c5   Thumb Code    12  rc522.o(i.PcdAntennaOff)
    PcdAntennaOn                             0x080032d1   Thumb Code    26  rc522.o(i.PcdAntennaOn)
    PcdReset                                 0x080032eb   Thumb Code    72  rc522.o(i.PcdReset)
    Power_Check                              0x08003335   Thumb Code   336  power_check.o(i.Power_Check)
    RC522_Uart_init                          0x080034a1   Thumb Code   134  rc522.o(i.RC522_Uart_init)
    RCC_AHB1PeriphClockCmd                   0x08003535   Thumb Code    26  stm32f4xx_rcc.o(i.RCC_AHB1PeriphClockCmd)
    RCC_APB1PeriphClockCmd                   0x08003555   Thumb Code    26  stm32f4xx_rcc.o(i.RCC_APB1PeriphClockCmd)
    RCC_APB1PeriphResetCmd                   0x08003575   Thumb Code    26  stm32f4xx_rcc.o(i.RCC_APB1PeriphResetCmd)
    RCC_APB2PeriphClockCmd                   0x08003595   Thumb Code    26  stm32f4xx_rcc.o(i.RCC_APB2PeriphClockCmd)
    RCC_APB2PeriphResetCmd                   0x080035b5   Thumb Code    26  stm32f4xx_rcc.o(i.RCC_APB2PeriphResetCmd)
    RCC_GetClocksFreq                        0x080035d5   Thumb Code   214  stm32f4xx_rcc.o(i.RCC_GetClocksFreq)
    Rc522_OutSRst                            0x080036bd   Thumb Code    62  rc522.o(i.Rc522_OutSRst)
    ReadRawRC                                0x080036fb   Thumb Code    42  rc522.o(i.ReadRawRC)
    Readcard_daivce_Init                     0x08003725   Thumb Code    24  rc522.o(i.Readcard_daivce_Init)
    Rece_data                                0x0800373d   Thumb Code    62  rc522.o(i.Rece_data)
    Roadway_Check                            0x08003785   Thumb Code    20  roadway_check.o(i.Roadway_Check)
    Roadway_mp_Get                           0x08003799   Thumb Code    62  roadway_check.o(i.Roadway_mp_Get)
    Roadway_mp_syn                           0x080037e1   Thumb Code    12  roadway_check.o(i.Roadway_mp_syn)
    Running_indicator_light                  0x080037f5   Thumb Code   146  function.o(i.Running_indicator_light)
    SDA_IN                                   0x08003899   Thumb Code    24  bh1750.o(i.SDA_IN)
    SDA_OUT                                  0x080038b5   Thumb Code    24  bh1750.o(i.SDA_OUT)
    SYSCFG_EXTILineConfig                    0x080038d1   Thumb Code    60  stm32f4xx_syscfg.o(i.SYSCFG_EXTILineConfig)
    Send_Debug_string                        0x08003911   Thumb Code    54  canp_hostcom.o(i.Send_Debug_string)
    Send_Debug_string2                       0x0800394d   Thumb Code    20  canp_hostcom.o(i.Send_Debug_string2)
    Send_Electric                            0x08003965   Thumb Code    42  canp_hostcom.o(i.Send_Electric)
    Send_InfoData_To_Fifo                    0x08003991   Thumb Code    24  canp_hostcom.o(i.Send_InfoData_To_Fifo)
    Send_UpMotor                             0x080039ad   Thumb Code    84  canp_hostcom.o(i.Send_UpMotor)
    Send_ZigbeeData_To_Fifo                  0x08003a01   Thumb Code    24  canp_hostcom.o(i.Send_ZigbeeData_To_Fifo)
    Send_data                                0x08003a1d   Thumb Code    46  rc522.o(i.Send_data)
    SetBitMask                               0x08003a51   Thumb Code    30  rc522.o(i.SetBitMask)
    Set_Flag_Task                            0x08003b5d   Thumb Code     6  mastercarcotrol.o(i.Set_Flag_Task)
    Single_Write_BH1750                      0x08003b69   Thumb Code    26  bh1750.o(i.Single_Write_BH1750)
    SlaveCar_TaskRunThread                   0x08003b85   Thumb Code   290  mastercarcotrol.o(i.SlaveCar_TaskRunThread)
    Smoothing_Filtering                      0x08003cc5   Thumb Code    52  data_filtering.o(i.Smoothing_Filtering)
    SysTick_CLKSourceConfig                  0x08003cfd   Thumb Code    40  misc.o(i.SysTick_CLKSourceConfig)
    SystemInit                               0x08003d25   Thumb Code    88  system_stm32f4xx.o(i.SystemInit)
    TIM1_BRK_TIM9_IRQHandler                 0x08003d8d   Thumb Code    28  roadway_check.o(i.TIM1_BRK_TIM9_IRQHandler)
    TIM1_UP_TIM10_IRQHandler                 0x08003dad   Thumb Code    34  timer.o(i.TIM1_UP_TIM10_IRQHandler)
    TIM2_IRQHandler                          0x08003dd9   Thumb Code   116  taskboard.o(i.TIM2_IRQHandler)
    TIM3_IRQHandler                          0x08003e61   Thumb Code    34  function.o(i.TIM3_IRQHandler)
    TIM4_IRQHandler                          0x08003e8d   Thumb Code    34  operationflag.o(i.TIM4_IRQHandler)
    TIM5_IRQHandler                          0x08003eb9   Thumb Code    56  operationwifi.o(i.TIM5_IRQHandler)
    TIM6_DAC_IRQHandler                      0x08003efd   Thumb Code    34  ultrasonic.o(i.TIM6_DAC_IRQHandler)
    TIM7_IRQHandler                          0x08003f29   Thumb Code    28  can_check.o(i.TIM7_IRQHandler)
    TIM8_TRG_COM_TIM14_IRQHandler            0x08003f49   Thumb Code    54  syn7318.o(i.TIM8_TRG_COM_TIM14_IRQHandler)
    TIM_ClearITPendingBit                    0x08003f8d   Thumb Code     6  stm32f4xx_tim.o(i.TIM_ClearITPendingBit)
    TIM_Cmd                                  0x08003f93   Thumb Code    24  stm32f4xx_tim.o(i.TIM_Cmd)
    TIM_GetITStatus                          0x08003fab   Thumb Code    34  stm32f4xx_tim.o(i.TIM_GetITStatus)
    TIM_ITConfig                             0x08003fcd   Thumb Code    18  stm32f4xx_tim.o(i.TIM_ITConfig)
    TIM_TimeBaseInit                         0x08003fe1   Thumb Code   104  stm32f4xx_tim.o(i.TIM_TimeBaseInit)
    TaskBoard_Init                           0x08004065   Thumb Code    32  taskboard.o(i.TaskBoard_Init)
    TaskBoard_RISend                         0x08004085   Thumb Code    16  taskboard.o(i.TaskBoard_RISend)
    TaskBoard_SMGDisplay                     0x08004095   Thumb Code     2  taskboard.o(i.TaskBoard_SMGDisplay)
    TaskBoard_Time                           0x08004099   Thumb Code    28  taskboard.o(i.TaskBoard_Time)
    TaskBoard_TimeClose                      0x080040c1   Thumb Code    14  taskboard.o(i.TaskBoard_TimeClose)
    TaskBoard_TimeStatus                     0x080040d1   Thumb Code    24  taskboard.o(i.TaskBoard_TimeStatus)
    Tim2_Init                                0x080040f1   Thumb Code    96  timer.o(i.Tim2_Init)
    Tim4_Init                                0x08004151   Thumb Code    88  timer.o(i.Tim4_Init)
    Tim5_Init                                0x080041ad   Thumb Code    92  timer.o(i.Tim5_Init)
    Timer_Init                               0x0800420d   Thumb Code    92  timer.o(i.Timer_Init)
    Track_Check                              0x0800426d   Thumb Code    26  roadway_check.o(i.Track_Check)
    Track_Correct                            0x0800428d   Thumb Code   728  roadway_check.o(i.Track_Correct)
    U8ToU16                                  0x08004585   Thumb Code    16  my_lib.o(i.U8ToU16)
    U8ToU16_Big                              0x08004595   Thumb Code    16  my_lib.o(i.U8ToU16_Big)
    UART4_IRQHandler                         0x080045a5   Thumb Code    10  uart_a72.o(i.UART4_IRQHandler)
    USART1_IRQHandler                        0x080045b5   Thumb Code    76  usart.o(i.USART1_IRQHandler)
    USART2_IRQHandler                        0x08004611   Thumb Code   104  uart_a72.o(i.USART2_IRQHandler)
    USART6_IRQHandler                        0x0800473d   Thumb Code   174  bkrc_voice.o(i.USART6_IRQHandler)
    USART_ClearITPendingBit                  0x08004805   Thumb Code    30  stm32f4xx_usart.o(i.USART_ClearITPendingBit)
    USART_Cmd                                0x08004823   Thumb Code    24  stm32f4xx_usart.o(i.USART_Cmd)
    USART_GetFlagStatus                      0x0800483b   Thumb Code    26  stm32f4xx_usart.o(i.USART_GetFlagStatus)
    USART_GetITStatus                        0x08004855   Thumb Code    84  stm32f4xx_usart.o(i.USART_GetITStatus)
    USART_ITConfig                           0x080048a9   Thumb Code    74  stm32f4xx_usart.o(i.USART_ITConfig)
    USART_Init                               0x080048f5   Thumb Code   204  stm32f4xx_usart.o(i.USART_Init)
    USART_ReceiveData                        0x080049c9   Thumb Code    10  stm32f4xx_usart.o(i.USART_ReceiveData)
    USART_SendData                           0x080049d3   Thumb Code     8  stm32f4xx_usart.o(i.USART_SendData)
    UartA72_Init                             0x080049dd   Thumb Code    76  uart_a72.o(i.UartA72_Init)
    Uart_A72_PortInit                        0x08004a39   Thumb Code   286  uart_a72.o(i.Uart_A72_PortInit)
    Uart_Irq                                 0x08004b6d   Thumb Code   230  uart_drv.o(i.Uart_Irq)
    Ultrasonic_EXTI                          0x08004c65   Thumb Code    86  ultrasonic.o(i.Ultrasonic_EXTI)
    Ultrasonic_Init                          0x08004cbb   Thumb Code    20  ultrasonic.o(i.Ultrasonic_Init)
    Ultrasonic_Port                          0x08004cd1   Thumb Code    32  ultrasonic.o(i.Ultrasonic_Port)
    Ultrasonic_TIM                           0x08004cf5   Thumb Code    82  ultrasonic.o(i.Ultrasonic_TIM)
    WriteRawRC                               0x08004d4d   Thumb Code    16  rc522.o(i.WriteRawRC)
    WriteRawRC_HDL                           0x08004d5d   Thumb Code    68  rc522.o(i.WriteRawRC_HDL)
    _BEEP_Init                               0x08004da1   Thumb Code    42  taskboard.o(i._BEEP_Init)
    _CD4051_Init                             0x08004dd9   Thumb Code     2  taskboard.o(i._CD4051_Init)
    _IR_Init                                 0x08004ddd   Thumb Code    36  taskboard.o(i._IR_Init)
    _LED_Init                                0x08004e09   Thumb Code    64  taskboard.o(i._LED_Init)
    _LIGHT_Init                              0x08004e59   Thumb Code    70  taskboard.o(i._LIGHT_Init)
    _SMG_Init                                0x08004ead   Thumb Code     2  taskboard.o(i._SMG_Init)
    _WAVE_Init                               0x08004eb1   Thumb Code    66  taskboard.o(i._WAVE_Init)
    __scatterload_copy                       0x08004f01   Thumb Code    14  handlers.o(i.__scatterload_copy)
    __scatterload_null                       0x08004f0f   Thumb Code     2  handlers.o(i.__scatterload_null)
    __scatterload_zeroinit                   0x08004f11   Thumb Code    14  handlers.o(i.__scatterload_zeroinit)
    calc_CheckSum                            0x08004f1f   Thumb Code    28  operationflag.o(i.calc_CheckSum)
    delay_init                               0x08004f3d   Thumb Code    52  delay.o(i.delay_init)
    delay_ms                                 0x08004f79   Thumb Code    72  delay.o(i.delay_ms)
    delay_us                                 0x08004fc5   Thumb Code    72  delay.o(i.delay_us)
    gt_get                                   0x08005011   Thumb Code     6  timer.o(i.gt_get)
    gt_get_sub                               0x0800501d   Thumb Code    20  timer.o(i.gt_get_sub)
    keyScan                                  0x08005035   Thumb Code   252  main.o(i.keyScan)
    main                                     0x08005139   Thumb Code    84  main.o(i.main)
    task_ETC                                 0x0800519d   Thumb Code     8  mastercarcotrol.o(i.task_ETC)
    task_second                              0x080051a5   Thumb Code    56  mastercarcotrol.o(i.task_second)
    task_wait                                0x080051e5   Thumb Code   160  mastercarcotrol.o(i.task_wait)
    wheel_Nav_check                          0x080052a1   Thumb Code    46  roadway_check.o(i.wheel_Nav_check)
    wheel_Track_check                        0x080052dd   Thumb Code   148  roadway_check.o(i.wheel_Track_check)
    bit_tab                                  0x08005380   Data         128  my_lib.o(.constdata)
    bit_and_tab                              0x08005400   Data         128  my_lib.o(.constdata)
    bit4_lowhig                              0x08005480   Data          16  my_lib.o(.constdata)
    Region$$Table$$Base                      0x08005490   Number         0  anon$$obj.o(Region$$Table)
    Region$$Table$$Limit                     0x080054b0   Number         0  anon$$obj.o(Region$$Table)
    Ultrasonic_Value                         0x20000000   Data           4  ultrasonic.o(.data)
    Ultrasonic_Num                           0x20000004   Data           4  ultrasonic.o(.data)
    dis                                      0x20000008   Data           2  ultrasonic.o(.data)
    RX_OK                                    0x2000000a   Data           1  usart.o(.data)
    Length_num                               0x2000000b   Data           1  usart.o(.data)
    RX_Data                                  0x2000000c   Data           2  usart.o(.data)
    Electric_Buf                             0x20000010   Data           2  power_check.o(.data)
    Pa                                       0x20000014   Data           4  power_check.o(.data)
    Pb                                       0x20000018   Data           4  power_check.o(.data)
    pwr_ck_l                                 0x2000001c   Data           1  power_check.o(.data)
    pwr_ck_r                                 0x2000001d   Data           1  power_check.o(.data)
    temp                                     0x2000001e   Data           2  power_check.o(.data)
    temp2                                    0x20000020   Data           2  power_check.o(.data)
    temp_value                               0x20000022   Data           1  power_check.o(.data)
    Uart_A72_TxEmpty                         0x20000023   Data           1  uart_a72.o(.data)
    FifuBuf_A72_SRx                          0x20000024   Data           2  uart_a72.o(.data)
    uart_prot_buf                            0x2000002c   Data          24  uart_drv.o(.data)
    CT                                       0x20000045   Data           2  rc522.o(.data)
    SN                                       0x20000047   Data           4  rc522.o(.data)
    WRITE_RFID                               0x2000004b   Data          16  rc522.o(.data)
    KEY_A                                    0x2000005b   Data           6  rc522.o(.data)
    KEY_B                                    0x20000061   Data           6  rc522.o(.data)
    ADDR_Str                                 0x20000067   Data          14  rc522.o(.data)
    TIM14_break                              0x20000075   Data           1  syn7318.o(.data)
    TIM14_count                              0x20000076   Data           1  syn7318.o(.data)
    Back                                     0x20000077   Data           4  syn7318.o(.data)
    ASR                                      0x2000007b   Data           6  syn7318.o(.data)
    S                                        0x20000081   Data           4  syn7318.o(.data)
    Wake_Up                                  0x20000085   Data           5  syn7318.o(.data)
    Stop_Wake_Up                             0x2000008a   Data           4  syn7318.o(.data)
    Start_ASR_Buf                            0x2000008e   Data           5  syn7318.o(.data)
    Stop_ASR_Buf                             0x20000093   Data           4  syn7318.o(.data)
    Play_MP3                                 0x20000097   Data          33  syn7318.o(.data)
    Ysn7813_flag                             0x200000b8   Data           1  syn7318.o(.data)
    uart6_data                               0x200000b9   Data           1  bkrc_voice.o(.data)
    uart6_flag                               0x200000ba   Data           1  bkrc_voice.o(.data)
    UART6_RxData                             0x200000bb   Data           8  bkrc_voice.o(.data)
    voice_falg                               0x200000c3   Data           1  bkrc_voice.o(.data)
    YY_Init                                  0x200000c4   Data           5  bkrc_voice.o(.data)
    Zigbee                                   0x200000c9   Data           8  bkrc_voice.o(.data)
    start_voice_dis                          0x200000d1   Data           5  bkrc_voice.o(.data)
    SYN7318_Flag                             0x200000d6   Data           1  bkrc_voice.o(.data)
    UART6_RxFlag                             0x200000d7   Data           1  bkrc_voice.o(.data)
    global_times                             0x200000dc   Data           4  timer.o(.data)
    delay_ms_const                           0x200000e0   Data           4  timer.o(.data)
    wheel_L_Flag                             0x200000f4   Data           1  roadway_check.o(.data)
    wheel_R_Flag                             0x200000f5   Data           1  roadway_check.o(.data)
    wheel_Nav_Flag                           0x200000f6   Data           1  roadway_check.o(.data)
    Go_Flag                                  0x200000f7   Data           1  roadway_check.o(.data)
    Back_Flag                                0x200000f8   Data           1  roadway_check.o(.data)
    Track_Flag                               0x200000f9   Data           1  roadway_check.o(.data)
    Line_Flag                                0x200000fa   Data           1  roadway_check.o(.data)
    count                                    0x200000fc   Data           2  roadway_check.o(.data)
    Stop_Flag                                0x200000fe   Data           1  roadway_check.o(.data)
    LSpeed                                   0x20000100   Data           4  roadway_check.o(.data)
    RSpeed                                   0x20000104   Data           4  roadway_check.o(.data)
    Car_Spend                                0x20000108   Data           4  roadway_check.o(.data)
    temp_MP                                  0x2000010c   Data           2  roadway_check.o(.data)
    temp_Nav                                 0x2000010e   Data           2  roadway_check.o(.data)
    Wheel_flag                               0x20000110   Data           4  roadway_check.o(.data)
    Roadway_cmp                              0x20000114   Data           2  roadway_check.o(.data)
    Roadway_Navig                            0x20000116   Data           2  roadway_check.o(.data)
    Mp_Value                                 0x20000118   Data           4  roadway_check.o(.data)
    Can_Filter_Flag                          0x2000011c   Data           1  can_drv.o(.data)
    Ccp_RxFlag                               0x2000011d   Data           1  can_drv.o(.data)
    CanP_RxFMI_Flag                          0x20000120   Data           4  canp_hostcom.o(.data)
    ctbuf                                    0x20000124   Data           8  canp_hostcom.o(.data)
    Track_buf                                0x2000012c   Data           2  canp_hostcom.o(.data)
    CanHost_Mp                               0x2000012e   Data           2  canp_hostcom.o(.data)
    CanHost_Navig                            0x20000130   Data           2  canp_hostcom.o(.data)
    Fileter_Tab                              0x20000132   Data          28  canp_hostcom.o(.data)
    Wifi_Rx_num                              0x2000027a   Data           1  can_user.o(.data)
    Wifi_Rx_flag                             0x2000027b   Data           1  can_user.o(.data)
    Zigbee_Rx_num                            0x2000027c   Data           1  can_user.o(.data)
    Zigbee_Rx_flag                           0x2000027d   Data           1  can_user.o(.data)
    make_Yes                                 0x2000027e   Data           1  can_user.o(.data)
    Host_AGV_Return_Flag                     0x2000027f   Data           1  can_user.o(.data)
    AGV_data_Falg                            0x20000280   Data           1  can_user.o(.data)
    canu_wifi_rxtime                         0x20000284   Data           4  can_user.o(.data)
    canu_zibe_rxtime                         0x20000288   Data           4  can_user.o(.data)
    GateStr                                  0x2000028c   Data           6  can_user.o(.data)
    Rx_Flag                                  0x20000292   Data           1  can_user.o(.data)
    Infrared_Tab                             0x20000293   Data           6  can_user.o(.data)
    TIM3_Flag                                0x200003e8   Data           2  function.o(.data)
    Fifo_B                                   0x200003ea   Data           8  function.o(.data)
    ETC_Flag                                 0x200003f2   Data           1  function.o(.data)
    LED_OUT                                  0x200003f3   Data           1  function.o(.data)
    Power_check_times                        0x200003f4   Data           4  function.o(.data)
    LED_twinkle_times                        0x200003f8   Data           4  function.o(.data)
    Garage_Tier                              0x200003fc   Data           1  function.o(.data)
    Overtime_Flag                            0x2000054c   Data           1  voluntarily.o(.data)
    timing_time                              0x2000054d   Data           1  voluntarily.o(.data)
    Exit_position                            0x2000054e   Data           1  voluntarily.o(.data)
    Operation_Flag                           0x2000054f   Data           1  voluntarily.o(.data)
    RFID_Flag                                0x20000550   Data           1  voluntarily.o(.data)
    Terrain_Flag                             0x20000551   Data           1  voluntarily.o(.data)
    make                                     0x20000552   Data           1  voluntarily.o(.data)
    RFID_addr                                0x20000553   Data           1  voluntarily.o(.data)
    Stereo_Base                              0x20000554   Data           6  voluntarily.o(.data)
    Fifo                                     0x2000055a   Data           8  voluntarily.o(.data)
    Detected                                 0x20000562   Data           1  voluntarily.o(.data)
    Car_location                             0x20000563   Data           1  voluntarily.o(.data)
    Car_location_ASCll                       0x20000564   Data           2  voluntarily.o(.data)
    Distance_Data                            0x20000566   Data           2  voluntarily.o(.data)
    From_Car_Position                        0x20000568   Data           3  voluntarily.o(.data)
    Card_Temp                                0x2000056b   Data           1  voluntarily.o(.data)
    Tempp                                    0x2000056c   Data           2  voluntarily.o(.data)
    Temppp                                   0x2000056e   Data           2  voluntarily.o(.data)
    _Flag_Task                               0x20000598   Data           1  mastercarcotrol.o(.data)
    MasterCar_GoSpeed                        0x2000059c   Data           4  mastercarcotrol.o(.data)
    MasterCar_TrunSpeed                      0x200005a0   Data           4  mastercarcotrol.o(.data)
    DebugKEY                                 0x200005a4   Data           1  mastercarcotrol.o(.data)
    Zigbee_receive_CarPlate                  0x200005a5   Data           6  mastercarcotrol.o(.data)
    Wifi_receive_data                        0x200005ab   Data           6  mastercarcotrol.o(.data)
    Zigbee_receive_alarm                     0x200005b1   Data           6  mastercarcotrol.o(.data)
    testv                                    0x200005b8   Data           4  mastercarcotrol.o(.data)
    DZ_flag                                  0x200005ec   Data           1  operationflag.o(.data)
    CK_flag                                  0x200005ed   Data           1  operationflag.o(.data)
    DX_flag                                  0x200005ee   Data           1  operationflag.o(.data)
    YY_flag                                  0x200005ef   Data           3  operationflag.o(.data)
    OFlag_SLAVEflag                          0x200005f2   Data           1  operationflag.o(.data)
    OFlag_ETCflag                            0x200005f3   Data           1  operationflag.o(.data)
    light_1                                  0x200005f4   Data           4  operationflag.o(.data)
    light_2                                  0x200005f8   Data           4  operationflag.o(.data)
    light_3                                  0x200005fc   Data           4  operationflag.o(.data)
    alarm_open                               0x20000600   Data           6  operationflag.o(.data)
    alarm_close                              0x20000606   Data           6  operationflag.o(.data)
    lt_display                               0x2000060c   Data           6  operationflag.o(.data)
    alarm_change                             0x20000612   Data           8  operationflag.o(.data)
    LED_cmd                                  0x2000061a   Data           8  operationflag.o(.data)
    DZ_cmd                                   0x20000622   Data           8  operationflag.o(.data)
    WX_cmd                                   0x2000062a   Data           8  operationflag.o(.data)
    YY_cmd                                   0x20000632   Data           8  operationflag.o(.data)
    TFT_cmd_A                                0x2000063a   Data           8  operationflag.o(.data)
    TFT_cmd_B                                0x20000642   Data           8  operationflag.o(.data)
    JT_cmd_A                                 0x2000064a   Data           8  operationflag.o(.data)
    JT_cmd_B                                 0x20000652   Data           8  operationflag.o(.data)
    CK_cmd_A                                 0x2000065a   Data           8  operationflag.o(.data)
    CK_cmd_B                                 0x20000662   Data           8  operationflag.o(.data)
    ETC_cmd                                  0x2000066a   Data           8  operationflag.o(.data)
    DX_cmd                                   0x20000672   Data           8  operationflag.o(.data)
    OWifi_CalcCode                           0x2000067c   Data           7  operationwifi.o(.data)
    OWifi_CRCode                             0x20000683   Data           7  operationwifi.o(.data)
    OWifi_TFTCP                              0x2000068a   Data           7  operationwifi.o(.data)
    OWifi_TFTShape                           0x20000691   Data           5  operationwifi.o(.data)
    OWifi_alarm                              0x20000696   Data           7  operationwifi.o(.data)
    OWifi_TFTJTFLAG                          0x2000069d   Data           1  operationwifi.o(.data)
    OWiFi_END                                0x2000069e   Data           1  operationwifi.o(.data)
    OWiFi_readBuffer                         0x200006a0   Data           4  operationwifi.o(.data)
    OWifi_CRCode_falg                        0x200006a4   Data           1  operationwifi.o(.data)
    OWifi_TFT_falg                           0x200006a5   Data           1  operationwifi.o(.data)
    OWifi_JT                                 0x200006a6   Data           1  operationwifi.o(.data)
    Wifi_request                             0x200006a8   Data           4  operationwifi.o(.data)
    SMG_show                                 0x200006ac   Data           1  taskboard.o(.data)
    SMG_data1                                0x200006ad   Data           1  taskboard.o(.data)
    SMG_data2                                0x200006ae   Data           1  taskboard.o(.data)
    TaskBoard_TimeCount                      0x200006b0   Data           4  taskboard.o(.data)
    TaskBoard_TimeIT                         0x200006b4   Data           4  taskboard.o(.data)
    tim2_count                               0x200006b8   Data           4  taskboard.o(.data)
    SEG_arr                                  0x200006bc   Data          19  taskboard.o(.data)
    FifoBuf_A72_Tx                           0x200006d0   Data          50  uart_a72.o(.bss)
    uart_struct                              0x20000704   Data         220  uart_drv.o(.bss)
    filter_buf                               0x200007e0   Data          22  data_filtering.o(.bss)
    Fifo_Info                                0x20000848   Data          16  canp_hostcom.o(.bss)
    Fifo_WifiRx                              0x20000858   Data          16  canp_hostcom.o(.bss)
    Fifo_WifiTx                              0x20000868   Data          16  canp_hostcom.o(.bss)
    Fifo_ZigbRx                              0x20000878   Data          16  canp_hostcom.o(.bss)
    Fifo_ZigbTx                              0x20000888   Data          16  canp_hostcom.o(.bss)
    FifoBuf_Info                             0x20000898   Data          50  canp_hostcom.o(.bss)
    FifoBuf_WifiRx                           0x200008ca   Data          50  canp_hostcom.o(.bss)
    FifoBuf_WifiTx                           0x200008fc   Data          50  canp_hostcom.o(.bss)
    FifoBuf_ZigbRx                           0x2000092e   Data          50  canp_hostcom.o(.bss)
    FifoBuf_ZigbTx                           0x20000960   Data          50  canp_hostcom.o(.bss)
    crm                                      0x20000994   Data          20  canp_hostcom.o(.bss)
    crbuf                                    0x200009a8   Data          32  canp_hostcom.o(.bss)
    CanP_Cmd_SBuf                            0x200009c8   Data         140  canp_hostcom.o(.bss)
    TxMessage                                0x20000a54   Data          20  hard_can.o(.bss)
    RxMessage                                0x20000a68   Data          20  hard_can.o(.bss)
    Wifi_Rx_Buf                              0x20000a7c   Data         200  can_user.o(.bss)
    Zigb_Rx_Buf                              0x20000b44   Data         200  can_user.o(.bss)
    debugbuf                                 0x20000c0c   Data          99  mastercarcotrol.o(.bss)
    Zigbee_receive_RFIDKey                   0x20000c70   Data          24  mastercarcotrol.o(.bss)
    __initial_sp                             0x20001088   Data           0  startup_stm32f40_41xxx.o(STACK)



==============================================================================

Memory Map of the image

  Image Entry point : 0x08000189

  Load Region LR_IROM1 (Base: 0x08000000, Size: 0x00005b80, Max: 0x00100000, ABSOLUTE, COMPRESSED[0x000056ac])

    Execution Region ER_IROM1 (Exec base: 0x08000000, Load base: 0x08000000, Size: 0x000054b0, Max: 0x00100000, ABSOLUTE)

    Exec Addr    Load Addr    Size         Type   Attr      Idx    E Section Name        Object

    0x08000000   0x08000000   0x00000188   Data   RO         3783    RESET               startup_stm32f40_41xxx.o
    0x08000188   0x08000188   0x00000000   Code   RO         7861  * .ARM.Collect$$$$00000000  mc_w.l(entry.o)
    0x08000188   0x08000188   0x00000004   Code   RO         8186    .ARM.Collect$$$$00000001  mc_w.l(entry2.o)
    0x0800018c   0x0800018c   0x00000004   Code   RO         8189    .ARM.Collect$$$$00000004  mc_w.l(entry5.o)
    0x08000190   0x08000190   0x00000000   Code   RO         8191    .ARM.Collect$$$$00000008  mc_w.l(entry7b.o)
    0x08000190   0x08000190   0x00000000   Code   RO         8193    .ARM.Collect$$$$0000000A  mc_w.l(entry8b.o)
    0x08000190   0x08000190   0x00000008   Code   RO         8194    .ARM.Collect$$$$0000000B  mc_w.l(entry9a.o)
    0x08000198   0x08000198   0x00000000   Code   RO         8196    .ARM.Collect$$$$0000000D  mc_w.l(entry10a.o)
    0x08000198   0x08000198   0x00000000   Code   RO         8198    .ARM.Collect$$$$0000000F  mc_w.l(entry11a.o)
    0x08000198   0x08000198   0x00000004   Code   RO         8187    .ARM.Collect$$$$00002712  mc_w.l(entry2.o)
    0x0800019c   0x0800019c   0x00000024   Code   RO         3784    .text               startup_stm32f40_41xxx.o
    0x080001c0   0x080001c0   0x0000001e   Code   RO         7864    .text               mc_w.l(llshl.o)
    0x080001de   0x080001de   0x00000020   Code   RO         7866    .text               mc_w.l(llushr.o)
    0x080001fe   0x080001fe   0x00000024   Code   RO         7868    .text               mc_w.l(memcpya.o)
    0x08000222   0x08000222   0x00000024   Code   RO         7870    .text               mc_w.l(memseta.o)
    0x08000246   0x08000246   0x000000de   Code   RO         8137    .text               mf_w.l(ddiv.o)
    0x08000324   0x08000324   0x00000026   Code   RO         8145    .text               mf_w.l(f2d.o)
    0x0800034a   0x0800034a   0x00000038   Code   RO         8147    .text               mf_w.l(d2f.o)
    0x08000382   0x08000382   0x00000000   Code   RO         8214    .text               mc_w.l(iusefp.o)
    0x08000382   0x08000382   0x0000006e   Code   RO         8215    .text               mf_w.l(fepilogue.o)
    0x080003f0   0x080003f0   0x000000ba   Code   RO         8217    .text               mf_w.l(depilogue.o)
    0x080004aa   0x080004aa   0x00000002   PAD
    0x080004ac   0x080004ac   0x00000024   Code   RO         8231    .text               mc_w.l(init.o)
    0x080004d0   0x080004d0   0x0000005e   Code   RO         8249    .text               mc_w.l(__dclz77c.o)
    0x0800052e   0x0800052e   0x00000006   Code   RO         1910    i.ADC_ClearFlag     stm32f4xx_adc.o
    0x08000534   0x08000534   0x00000016   Code   RO         1912    i.ADC_Cmd           stm32f4xx_adc.o
    0x0800054a   0x0800054a   0x00000002   PAD
    0x0800054c   0x0800054c   0x00000030   Code   RO         1913    i.ADC_CommonInit    stm32f4xx_adc.o
    0x0800057c   0x0800057c   0x0000008c   Code   RO          497    i.ADC_Configure     power_check.o
    0x08000608   0x08000608   0x00000008   Code   RO         1924    i.ADC_GetConversionValue  stm32f4xx_adc.o
    0x08000610   0x08000610   0x00000012   Code   RO         1925    i.ADC_GetFlagStatus  stm32f4xx_adc.o
    0x08000622   0x08000622   0x00000002   PAD
    0x08000624   0x08000624   0x00000054   Code   RO         1932    i.ADC_Init          stm32f4xx_adc.o
    0x08000678   0x08000678   0x000000b8   Code   RO         1937    i.ADC_RegularChannelConfig  stm32f4xx_adc.o
    0x08000730   0x08000730   0x0000000a   Code   RO         1939    i.ADC_SoftwareStartConv  stm32f4xx_adc.o
    0x0800073a   0x0800073a   0x00000020   Code   RO         6820    i.Agreement_Send    operationflag.o
    0x0800075a   0x0800075a   0x00000002   PAD
    0x0800075c   0x0800075c   0x00000018   Code   RO          383    i.BH1750_Configure  bh1750.o
    0x08000774   0x08000774   0x0000000c   Code   RO          384    i.BH1750_PortInit   bh1750.o
    0x08000780   0x08000780   0x00000034   Code   RO          385    i.BH1750_RecvACK    bh1750.o
    0x080007b4   0x080007b4   0x00000058   Code   RO          388    i.BH1750_SendByte   bh1750.o
    0x0800080c   0x0800080c   0x00000038   Code   RO          389    i.BH1750_Start      bh1750.o
    0x08000844   0x08000844   0x00000030   Code   RO          390    i.BH1750_Stop       bh1750.o
    0x08000874   0x08000874   0x00000008   Code   RO         1581    i.BKRC_Voice_Init   bkrc_voice.o
    0x0800087c   0x0800087c   0x00000020   Code   RO         4876    i.Battery_power_detection  function.o
    0x0800089c   0x0800089c   0x00000038   Code   RO         2152    i.CAN_DeInit        stm32f4xx_can.o
    0x080008d4   0x080008d4   0x00000108   Code   RO         2154    i.CAN_FilterInit    stm32f4xx_can.o
    0x080009dc   0x080009dc   0x00000012   Code   RO         2160    i.CAN_ITConfig      stm32f4xx_can.o
    0x080009ee   0x080009ee   0x00000114   Code   RO         2161    i.CAN_Init          stm32f4xx_can.o
    0x08000b02   0x08000b02   0x0000001e   Code   RO         2162    i.CAN_MessagePending  stm32f4xx_can.o
    0x08000b20   0x08000b20   0x000000f0   Code   RO         2164    i.CAN_Receive       stm32f4xx_can.o
    0x08000c10   0x08000c10   0x00000126   Code   RO         2169    i.CAN_Transmit      stm32f4xx_can.o
    0x08000d36   0x08000d36   0x00000002   PAD
    0x08000d38   0x08000d38   0x000000a0   Code   RO         2170    i.CAN_TransmitStatus  stm32f4xx_can.o
    0x08000dd8   0x08000dd8   0x0000026c   Code   RO         4097    i.CanDrv_FiterUpdata  can_drv.o
    0x08001044   0x08001044   0x00000034   Code   RO         4098    i.CanDrv_Fiter_Create16bit  can_drv.o
    0x08001078   0x08001078   0x00000032   Code   RO         4099    i.CanDrv_Fiter_Create32bit  can_drv.o
    0x080010aa   0x080010aa   0x00000002   PAD
    0x080010ac   0x080010ac   0x00000010   Code   RO         4100    i.CanDrv_RxCheck    can_drv.o
    0x080010bc   0x080010bc   0x00000028   Code   RO         4102    i.CanDrv_RxGetMeesage  can_drv.o
    0x080010e4   0x080010e4   0x00000074   Code   RO         4103    i.CanDrv_TxData     can_drv.o
    0x08001158   0x08001158   0x00000018   Code   RO         4105    i.CanDrv_TxEmptyCheck  can_drv.o
    0x08001170   0x08001170   0x00000012   Code   RO         4191    i.CanP_CanRx_Check  canp_hostcom.o
    0x08001182   0x08001182   0x00000002   PAD
    0x08001184   0x08001184   0x000000b0   Code   RO         4192    i.CanP_CanRx_Irq    canp_hostcom.o
    0x08001234   0x08001234   0x00000014   Code   RO         4193    i.CanP_CanRx_TrackUp  canp_hostcom.o
    0x08001248   0x08001248   0x000000e4   Code   RO         4195    i.CanP_CanTx_Check_fIrq  canp_hostcom.o
    0x0800132c   0x0800132c   0x00000028   Code   RO         4197    i.CanP_Cmd_Check    canp_hostcom.o
    0x08001354   0x08001354   0x00000020   Code   RO         4198    i.CanP_Cmd_Init     canp_hostcom.o
    0x08001374   0x08001374   0x00000048   Code   RO         4199    i.CanP_Cmd_Send     canp_hostcom.o
    0x080013bc   0x080013bc   0x00000054   Code   RO         4200    i.CanP_Cmd_Write    canp_hostcom.o
    0x08001410   0x08001410   0x00000060   Code   RO         4201    i.CanP_FifoInit     canp_hostcom.o
    0x08001470   0x08001470   0x00000016   Code   RO         4202    i.CanP_FifoInitS    canp_hostcom.o
    0x08001486   0x08001486   0x00000002   PAD
    0x08001488   0x08001488   0x00000108   Code   RO         4203    i.CanP_Host_Main    canp_hostcom.o
    0x08001590   0x08001590   0x0000002c   Code   RO         4204    i.CanP_Init         canp_hostcom.o
    0x080015bc   0x080015bc   0x00000054   Code   RO         4593    i.Can_WifiRx_Save   can_user.o
    0x08001610   0x08001610   0x00000054   Code   RO         4595    i.Can_ZigBeeRx_Save  can_user.o
    0x08001664   0x08001664   0x00000060   Code   RO         4670    i.Can_check_Init    can_check.o
    0x080016c4   0x080016c4   0x0000000c   Code   RO         4596    i.Canuser_main      can_user.o
    0x080016d0   0x080016d0   0x00000078   Code   RO          307    i.Cba_Init          cba.o
    0x08001748   0x08001748   0x0000000c   Code   RO         6391    i.CleanFalgAll      mastercarcotrol.o
    0x08001754   0x08001754   0x0000001e   Code   RO          762    i.ClearBitMask      rc522.o
    0x08001772   0x08001772   0x0000005c   Code   RO         3946    i.Control           roadway_check.o
    0x080017ce   0x080017ce   0x00000002   PAD
    0x080017d0   0x080017d0   0x00000074   Code   RO          233    i.EXTI4_IRQHandler  ultrasonic.o
    0x08001844   0x08001844   0x0000000c   Code   RO         2312    i.EXTI_ClearITPendingBit  stm32f4xx_exti.o
    0x08001850   0x08001850   0x00000018   Code   RO         2316    i.EXTI_GetITStatus  stm32f4xx_exti.o
    0x08001868   0x08001868   0x00000094   Code   RO         2317    i.EXTI_Init         stm32f4xx_exti.o
    0x080018fc   0x080018fc   0x0000000c   Code   RO          498    i.Electricity_Init  power_check.o
    0x08001908   0x08001908   0x0000002a   Code   RO         4479    i.FifoDrv_BufRead   fifo_drv.o
    0x08001932   0x08001932   0x00000028   Code   RO         4480    i.FifoDrv_BufWrite  fifo_drv.o
    0x0800195a   0x0800195a   0x00000030   Code   RO         4481    i.FifoDrv_CheckReadEn  fifo_drv.o
    0x0800198a   0x0800198a   0x0000001c   Code   RO         4482    i.FifoDrv_CheckWriteEn  fifo_drv.o
    0x080019a6   0x080019a6   0x00000024   Code   RO         4484    i.FifoDrv_Init      fifo_drv.o
    0x080019ca   0x080019ca   0x00000030   Code   RO         4485    i.FifoDrv_ReadOne   fifo_drv.o
    0x080019fa   0x080019fa   0x00000024   Code   RO         4486    i.FifoDrv_StructCheck  fifo_drv.o
    0x08001a1e   0x08001a1e   0x0000002c   Code   RO         4487    i.FifoDrv_WriteOne  fifo_drv.o
    0x08001a4a   0x08001a4a   0x00000090   Code   RO         2374    i.GPIO_Init         stm32f4xx_gpio.o
    0x08001ada   0x08001ada   0x00000046   Code   RO         2375    i.GPIO_PinAFConfig  stm32f4xx_gpio.o
    0x08001b20   0x08001b20   0x00000012   Code   RO         2378    i.GPIO_ReadInputDataBit  stm32f4xx_gpio.o
    0x08001b32   0x08001b32   0x00000004   Code   RO         2381    i.GPIO_ResetBits    stm32f4xx_gpio.o
    0x08001b36   0x08001b36   0x000000de   Code   RO         1673    i.GPIO_Set          sys.o
    0x08001c14   0x08001c14   0x00000004   Code   RO         2382    i.GPIO_SetBits      stm32f4xx_gpio.o
    0x08001c18   0x08001c18   0x0000002c   Code   RO          499    i.Get_ADC_Value     power_check.o
    0x08001c44   0x08001c44   0x00000026   Code   RO          500    i.Get_Electricity   power_check.o
    0x08001c6a   0x08001c6a   0x00000002   PAD
    0x08001c6c   0x08001c6c   0x00000034   Code   RO         4209    i.Get_Host_UpTrack  canp_hostcom.o
    0x08001ca0   0x08001ca0   0x00000068   Code   RO         3947    i.Go_and_Back_Check  roadway_check.o
    0x08001d08   0x08001d08   0x00000062   Code   RO            3    i.HardInit          main.o
    0x08001d6a   0x08001d6a   0x00000002   PAD
    0x08001d6c   0x08001d6c   0x0000012c   Code   RO         4553    i.Hard_Can_Init     hard_can.o
    0x08001e98   0x08001e98   0x00000024   Code   RO         4554    i.Hard_Can_SpeedMode  hard_can.o
    0x08001ebc   0x08001ebc   0x00000008   Code   RO         4555    i.Hard_Can_While    hard_can.o
    0x08001ec4   0x08001ec4   0x00000024   Code   RO          566    i.Hard_Uart_MurtSel  uart_a72.o
    0x08001ee8   0x08001ee8   0x0000000c   Code   RO         4210    i.Host_Receive_UpTrack  canp_hostcom.o
    0x08001ef4   0x08001ef4   0x000000b4   Code   RO          202    i.Infrared_Send     infrared.o
    0x08001fa8   0x08001fa8   0x00000034   Code   RO          763    i.InitRc522         rc522.o
    0x08001fdc   0x08001fdc   0x0000005c   Code   RO          764    i.M500PcdConfigISOType  rc522.o
    0x08002038   0x08002038   0x0000000e   Code   RO          501    i.MLib_GetSub       power_check.o
    0x08002046   0x08002046   0x00000002   PAD
    0x08002048   0x08002048   0x00000058   Code   RO         6394    i.MasterCar_BackEnter  mastercarcotrol.o
    0x080020a0   0x080020a0   0x0000004c   Code   RO         6395    i.MasterCar_BackMP  mastercarcotrol.o
    0x080020ec   0x080020ec   0x00000020   Code   RO         6397    i.MasterCar_Go      mastercarcotrol.o
    0x0800210c   0x0800210c   0x0000003c   Code   RO         6400    i.MasterCar_LeftMP  mastercarcotrol.o
    0x08002148   0x08002148   0x00000182   Code   RO         6401    i.MasterCar_Right   mastercarcotrol.o
    0x080022ca   0x080022ca   0x0000003c   Code   RO         6402    i.MasterCar_RightMP  mastercarcotrol.o
    0x08002306   0x08002306   0x00000002   PAD
    0x08002308   0x08002308   0x0000003c   Code   RO         6403    i.MasterCar_SmartRun  mastercarcotrol.o
    0x08002344   0x08002344   0x0000006c   Code   RO         6406    i.MasterCar_SmartRunMP  mastercarcotrol.o
    0x080023b0   0x080023b0   0x0000006c   Code   RO         6407    i.MasterCar_SmartRunMP2  mastercarcotrol.o
    0x0800241c   0x0800241c   0x00000016   Code   RO         6408    i.MasterCar_Stop    mastercarcotrol.o
    0x08002432   0x08002432   0x00000002   PAD
    0x08002434   0x08002434   0x000000c8   Code   RO         6409    i.MasterCar_TaskReceiveThread  mastercarcotrol.o
    0x080024fc   0x080024fc   0x0000008c   Code   RO         6410    i.MasterCar_TaskRunThread  mastercarcotrol.o
    0x08002588   0x08002588   0x00000078   Code   RO         1862    i.NVIC_Init         misc.o
    0x08002600   0x08002600   0x00000014   Code   RO         1863    i.NVIC_PriorityGroupConfig  misc.o
    0x08002614   0x08002614   0x00000078   Code   RO         6824    i.OFlag_CK_status   operationflag.o
    0x0800268c   0x0800268c   0x00000038   Code   RO         6828    i.OFlag_DX_status   operationflag.o
    0x080026c4   0x080026c4   0x0000005c   Code   RO         6831    i.OFlag_DZ          operationflag.o
    0x08002720   0x08002720   0x0000001e   Code   RO         6833    i.OFlag_DZ_open     operationflag.o
    0x0800273e   0x0800273e   0x0000002c   Code   RO         6834    i.OFlag_DZ_show     operationflag.o
    0x0800276a   0x0800276a   0x0000001a   Code   RO         6835    i.OFlag_DZ_status   operationflag.o
    0x08002784   0x08002784   0x00000006   Code   RO         6841    i.OFlag_GetCmd      operationflag.o
    0x0800278a   0x0800278a   0x00000006   Code   RO         6842    i.OFlag_GetCmd1     operationflag.o
    0x08002790   0x08002790   0x00000006   Code   RO         6843    i.OFlag_GetCmd2     operationflag.o
    0x08002796   0x08002796   0x00000006   Code   RO         6844    i.OFlag_GetCmd3     operationflag.o
    0x0800279c   0x0800279c   0x0000005c   Code   RO         6849    i.OFlag_LED         operationflag.o
    0x080027f8   0x080027f8   0x00000012   Code   RO         6852    i.OFlag_LED_time    operationflag.o
    0x0800280a   0x0800280a   0x00000044   Code   RO         6853    i.OFlag_SlaveRun    operationflag.o
    0x0800284e   0x0800284e   0x00000002   PAD
    0x08002850   0x08002850   0x00000018   Code   RO         6854    i.OFlag_SlaveRun_wait  operationflag.o
    0x08002868   0x08002868   0x0000001a   Code   RO         6855    i.OFlag_SlaveSendZigbee  operationflag.o
    0x08002882   0x08002882   0x00000054   Code   RO         6867    i.OFlag_Zigbee      operationflag.o
    0x080028d6   0x080028d6   0x0000000e   Code   RO         6870    i.OFlag_alarm_open  operationflag.o
    0x080028e4   0x080028e4   0x0000001a   Code   RO         6871    i.OFlag_check       operationflag.o
    0x080028fe   0x080028fe   0x00000002   PAD
    0x08002900   0x08002900   0x00000038   Code   RO         7397    i.OWiFi_toZigbee    operationwifi.o
    0x08002938   0x08002938   0x00000180   Code   RO         7398    i.Operation_WiFi    operationwifi.o
    0x08002ab8   0x08002ab8   0x000000d8   Code   RO         7399    i.Operation_WiFi_Master  operationwifi.o
    0x08002b90   0x08002b90   0x0000009c   Code   RO         6878    i.Operation_Zigbee  operationflag.o
    0x08002c2c   0x08002c2c   0x00000084   Code   RO         6630    i.PID_Calc          pid.o
    0x08002cb0   0x08002cb0   0x00000050   Code   RO         6631    i.PID_Set           pid.o
    0x08002d00   0x08002d00   0x00000040   Code   RO         6632    i.PID_Set_recovery  pid.o
    0x08002d40   0x08002d40   0x0000019c   Code   RO         6634    i.PID_Track2        pid.o
    0x08002edc   0x08002edc   0x00000190   Code   RO         6638    i.PID_TrackMP       pid.o
    0x0800306c   0x0800306c   0x00000180   Code   RO         6639    i.PID_TrackMP2      pid.o
    0x080031ec   0x080031ec   0x0000005c   Code   RO         6640    i.PID_reset         pid.o
    0x08003248   0x08003248   0x0000007c   Code   RO          502    i.Parameter_Init    power_check.o
    0x080032c4   0x080032c4   0x0000000c   Code   RO          765    i.PcdAntennaOff     rc522.o
    0x080032d0   0x080032d0   0x0000001a   Code   RO          766    i.PcdAntennaOn      rc522.o
    0x080032ea   0x080032ea   0x00000048   Code   RO          773    i.PcdReset          rc522.o
    0x08003332   0x08003332   0x00000002   PAD
    0x08003334   0x08003334   0x0000016c   Code   RO          503    i.Power_Check       power_check.o
    0x080034a0   0x080034a0   0x00000094   Code   RO          777    i.RC522_Uart_init   rc522.o
    0x08003534   0x08003534   0x00000020   Code   RO         2581    i.RCC_AHB1PeriphClockCmd  stm32f4xx_rcc.o
    0x08003554   0x08003554   0x00000020   Code   RO         2590    i.RCC_APB1PeriphClockCmd  stm32f4xx_rcc.o
    0x08003574   0x08003574   0x00000020   Code   RO         2592    i.RCC_APB1PeriphResetCmd  stm32f4xx_rcc.o
    0x08003594   0x08003594   0x00000020   Code   RO         2593    i.RCC_APB2PeriphClockCmd  stm32f4xx_rcc.o
    0x080035b4   0x080035b4   0x00000020   Code   RO         2595    i.RCC_APB2PeriphResetCmd  stm32f4xx_rcc.o
    0x080035d4   0x080035d4   0x000000e8   Code   RO         2602    i.RCC_GetClocksFreq  stm32f4xx_rcc.o
    0x080036bc   0x080036bc   0x0000003e   Code   RO          780    i.Rc522_OutSRst     rc522.o
    0x080036fa   0x080036fa   0x0000002a   Code   RO          781    i.ReadRawRC         rc522.o
    0x08003724   0x08003724   0x00000018   Code   RO          783    i.Readcard_daivce_Init  rc522.o
    0x0800373c   0x0800373c   0x00000048   Code   RO          784    i.Rece_data         rc522.o
    0x08003784   0x08003784   0x00000014   Code   RO         3948    i.Roadway_Check     roadway_check.o
    0x08003798   0x08003798   0x00000048   Code   RO         3951    i.Roadway_mp_Get    roadway_check.o
    0x080037e0   0x080037e0   0x00000014   Code   RO         3952    i.Roadway_mp_syn    roadway_check.o
    0x080037f4   0x080037f4   0x000000a4   Code   RO         4898    i.Running_indicator_light  function.o
    0x08003898   0x08003898   0x0000001c   Code   RO          394    i.SDA_IN            bh1750.o
    0x080038b4   0x080038b4   0x0000001c   Code   RO          395    i.SDA_OUT           bh1750.o
    0x080038d0   0x080038d0   0x00000040   Code   RO         3730    i.SYSCFG_EXTILineConfig  stm32f4xx_syscfg.o
    0x08003910   0x08003910   0x0000003c   Code   RO         4218    i.Send_Debug_string  canp_hostcom.o
    0x0800394c   0x0800394c   0x00000018   Code   RO         4219    i.Send_Debug_string2  canp_hostcom.o
    0x08003964   0x08003964   0x0000002a   Code   RO         4220    i.Send_Electric     canp_hostcom.o
    0x0800398e   0x0800398e   0x00000002   PAD
    0x08003990   0x08003990   0x0000001c   Code   RO         4221    i.Send_InfoData_To_Fifo  canp_hostcom.o
    0x080039ac   0x080039ac   0x00000054   Code   RO         4223    i.Send_UpMotor      canp_hostcom.o
    0x08003a00   0x08003a00   0x0000001c   Code   RO         4226    i.Send_ZigbeeData_To_Fifo  canp_hostcom.o
    0x08003a1c   0x08003a1c   0x00000034   Code   RO          786    i.Send_data         rc522.o
    0x08003a50   0x08003a50   0x0000001e   Code   RO          787    i.SetBitMask        rc522.o
    0x08003a6e   0x08003a6e   0x00000002   PAD
    0x08003a70   0x08003a70   0x000000ec   Code   RO         3790    i.SetSysClock       system_stm32f4xx.o
    0x08003b5c   0x08003b5c   0x0000000c   Code   RO         6411    i.Set_Flag_Task     mastercarcotrol.o
    0x08003b68   0x08003b68   0x0000001a   Code   RO          396    i.Single_Write_BH1750  bh1750.o
    0x08003b82   0x08003b82   0x00000002   PAD
    0x08003b84   0x08003b84   0x00000140   Code   RO         6412    i.SlaveCar_TaskRunThread  mastercarcotrol.o
    0x08003cc4   0x08003cc4   0x00000038   Code   RO         4068    i.Smoothing_Filtering  data_filtering.o
    0x08003cfc   0x08003cfc   0x00000028   Code   RO         1866    i.SysTick_CLKSourceConfig  misc.o
    0x08003d24   0x08003d24   0x00000068   Code   RO         3792    i.SystemInit        system_stm32f4xx.o
    0x08003d8c   0x08003d8c   0x00000020   Code   RO         3955    i.TIM1_BRK_TIM9_IRQHandler  roadway_check.o
    0x08003dac   0x08003dac   0x0000002c   Code   RO         1800    i.TIM1_UP_TIM10_IRQHandler  timer.o
    0x08003dd8   0x08003dd8   0x00000088   Code   RO         7695    i.TIM2_IRQHandler   taskboard.o
    0x08003e60   0x08003e60   0x0000002c   Code   RO         4901    i.TIM3_IRQHandler   function.o
    0x08003e8c   0x08003e8c   0x0000002c   Code   RO         6879    i.TIM4_IRQHandler   operationflag.o
    0x08003eb8   0x08003eb8   0x00000044   Code   RO         7400    i.TIM5_IRQHandler   operationwifi.o
    0x08003efc   0x08003efc   0x0000002c   Code   RO          234    i.TIM6_DAC_IRQHandler  ultrasonic.o
    0x08003f28   0x08003f28   0x00000020   Code   RO         4671    i.TIM7_IRQHandler   can_check.o
    0x08003f48   0x08003f48   0x00000044   Code   RO         1345    i.TIM8_TRG_COM_TIM14_IRQHandler  syn7318.o
    0x08003f8c   0x08003f8c   0x00000006   Code   RO         2926    i.TIM_ClearITPendingBit  stm32f4xx_tim.o
    0x08003f92   0x08003f92   0x00000018   Code   RO         2931    i.TIM_Cmd           stm32f4xx_tim.o
    0x08003faa   0x08003faa   0x00000022   Code   RO         2952    i.TIM_GetITStatus   stm32f4xx_tim.o
    0x08003fcc   0x08003fcc   0x00000012   Code   RO         2956    i.TIM_ITConfig      stm32f4xx_tim.o
    0x08003fde   0x08003fde   0x00000002   PAD
    0x08003fe0   0x08003fe0   0x00000084   Code   RO         3003    i.TIM_TimeBaseInit  stm32f4xx_tim.o
    0x08004064   0x08004064   0x00000020   Code   RO         7699    i.TaskBoard_Init    taskboard.o
    0x08004084   0x08004084   0x00000010   Code   RO         7701    i.TaskBoard_RISend  taskboard.o
    0x08004094   0x08004094   0x00000002   Code   RO         7702    i.TaskBoard_SMGDisplay  taskboard.o
    0x08004096   0x08004096   0x00000002   PAD
    0x08004098   0x08004098   0x00000028   Code   RO         7704    i.TaskBoard_Time    taskboard.o
    0x080040c0   0x080040c0   0x0000000e   Code   RO         7705    i.TaskBoard_TimeClose  taskboard.o
    0x080040ce   0x080040ce   0x00000002   PAD
    0x080040d0   0x080040d0   0x00000020   Code   RO         7707    i.TaskBoard_TimeStatus  taskboard.o
    0x080040f0   0x080040f0   0x00000060   Code   RO         1801    i.Tim2_Init         timer.o
    0x08004150   0x08004150   0x0000005c   Code   RO         1802    i.Tim4_Init         timer.o
    0x080041ac   0x080041ac   0x00000060   Code   RO         1803    i.Tim5_Init         timer.o
    0x0800420c   0x0800420c   0x00000060   Code   RO         1804    i.Timer_Init        timer.o
    0x0800426c   0x0800426c   0x00000020   Code   RO         3956    i.Track_Check       roadway_check.o
    0x0800428c   0x0800428c   0x000002f8   Code   RO         3957    i.Track_Correct     roadway_check.o
    0x08004584   0x08004584   0x00000010   Code   RO         3837    i.U8ToU16           my_lib.o
    0x08004594   0x08004594   0x00000010   Code   RO         3838    i.U8ToU16_Big       my_lib.o
    0x080045a4   0x080045a4   0x00000010   Code   RO          567    i.UART4_IRQHandler  uart_a72.o
    0x080045b4   0x080045b4   0x0000005c   Code   RO          329    i.USART1_IRQHandler  usart.o
    0x08004610   0x08004610   0x0000007c   Code   RO          568    i.USART2_IRQHandler  uart_a72.o
    0x0800468c   0x0800468c   0x000000b0   Code   RO         1582    i.USART6_Hardware_Init  bkrc_voice.o
    0x0800473c   0x0800473c   0x000000c8   Code   RO         1583    i.USART6_IRQHandler  bkrc_voice.o
    0x08004804   0x08004804   0x0000001e   Code   RO         3478    i.USART_ClearITPendingBit  stm32f4xx_usart.o
    0x08004822   0x08004822   0x00000018   Code   RO         3481    i.USART_Cmd         stm32f4xx_usart.o
    0x0800483a   0x0800483a   0x0000001a   Code   RO         3484    i.USART_GetFlagStatus  stm32f4xx_usart.o
    0x08004854   0x08004854   0x00000054   Code   RO         3485    i.USART_GetITStatus  stm32f4xx_usart.o
    0x080048a8   0x080048a8   0x0000004a   Code   RO         3487    i.USART_ITConfig    stm32f4xx_usart.o
    0x080048f2   0x080048f2   0x00000002   PAD
    0x080048f4   0x080048f4   0x000000d4   Code   RO         3488    i.USART_Init        stm32f4xx_usart.o
    0x080049c8   0x080049c8   0x0000000a   Code   RO         3495    i.USART_ReceiveData  stm32f4xx_usart.o
    0x080049d2   0x080049d2   0x00000008   Code   RO         3498    i.USART_SendData    stm32f4xx_usart.o
    0x080049da   0x080049da   0x00000002   PAD
    0x080049dc   0x080049dc   0x0000005c   Code   RO          569    i.UartA72_Init      uart_a72.o
    0x08004a38   0x08004a38   0x00000134   Code   RO          575    i.Uart_A72_PortInit  uart_a72.o
    0x08004b6c   0x08004b6c   0x000000f8   Code   RO          668    i.Uart_Irq          uart_drv.o
    0x08004c64   0x08004c64   0x00000056   Code   RO          235    i.Ultrasonic_EXTI   ultrasonic.o
    0x08004cba   0x08004cba   0x00000014   Code   RO          238    i.Ultrasonic_Init   ultrasonic.o
    0x08004cce   0x08004cce   0x00000002   PAD
    0x08004cd0   0x08004cd0   0x00000024   Code   RO          239    i.Ultrasonic_Port   ultrasonic.o
    0x08004cf4   0x08004cf4   0x00000058   Code   RO          241    i.Ultrasonic_TIM    ultrasonic.o
    0x08004d4c   0x08004d4c   0x00000010   Code   RO          789    i.WriteRawRC        rc522.o
    0x08004d5c   0x08004d5c   0x00000044   Code   RO          790    i.WriteRawRC_HDL    rc522.o
    0x08004da0   0x08004da0   0x00000038   Code   RO         7710    i._BEEP_Init        taskboard.o
    0x08004dd8   0x08004dd8   0x00000002   Code   RO         7711    i._CD4051_Init      taskboard.o
    0x08004dda   0x08004dda   0x00000002   PAD
    0x08004ddc   0x08004ddc   0x0000002c   Code   RO         7712    i._IR_Init          taskboard.o
    0x08004e08   0x08004e08   0x00000050   Code   RO         7713    i._LED_Init         taskboard.o
    0x08004e58   0x08004e58   0x00000054   Code   RO         7714    i._LIGHT_Init       taskboard.o
    0x08004eac   0x08004eac   0x00000002   Code   RO         7715    i._SMG_Init         taskboard.o
    0x08004eae   0x08004eae   0x00000002   PAD
    0x08004eb0   0x08004eb0   0x00000050   Code   RO         7716    i._WAVE_Init        taskboard.o
    0x08004f00   0x08004f00   0x0000000e   Code   RO         8243    i.__scatterload_copy  mc_w.l(handlers.o)
    0x08004f0e   0x08004f0e   0x00000002   Code   RO         8244    i.__scatterload_null  mc_w.l(handlers.o)
    0x08004f10   0x08004f10   0x0000000e   Code   RO         8245    i.__scatterload_zeroinit  mc_w.l(handlers.o)
    0x08004f1e   0x08004f1e   0x0000001c   Code   RO         6880    i.calc_CheckSum     operationflag.o
    0x08004f3a   0x08004f3a   0x00000002   PAD
    0x08004f3c   0x08004f3c   0x0000003c   Code   RO         1766    i.delay_init        delay.o
    0x08004f78   0x08004f78   0x0000004c   Code   RO         1767    i.delay_ms          delay.o
    0x08004fc4   0x08004fc4   0x0000004c   Code   RO         1768    i.delay_us          delay.o
    0x08005010   0x08005010   0x0000000c   Code   RO         1805    i.gt_get            timer.o
    0x0800501c   0x0800501c   0x00000018   Code   RO         1806    i.gt_get_sub        timer.o
    0x08005034   0x08005034   0x00000104   Code   RO            4    i.keyScan           main.o
    0x08005138   0x08005138   0x00000064   Code   RO            5    i.main              main.o
    0x0800519c   0x0800519c   0x00000008   Code   RO         6416    i.task_ETC          mastercarcotrol.o
    0x080051a4   0x080051a4   0x00000040   Code   RO         6419    i.task_second       mastercarcotrol.o
    0x080051e4   0x080051e4   0x000000bc   Code   RO         6421    i.task_wait         mastercarcotrol.o
    0x080052a0   0x080052a0   0x0000003c   Code   RO         3960    i.wheel_Nav_check   roadway_check.o
    0x080052dc   0x080052dc   0x000000a4   Code   RO         3961    i.wheel_Track_check  roadway_check.o
    0x08005380   0x08005380   0x00000110   Data   RO         3840    .constdata          my_lib.o
    0x08005490   0x08005490   0x00000020   Data   RO         8241    Region$$Table       anon$$obj.o


    Execution Region RW_IRAM2 (Exec base: 0x10000000, Load base: 0x080056ac, Size: 0x00000000, Max: 0x00010000, ABSOLUTE)

    **** No section assigned to this execution region ****


    Execution Region RW_IRAM1 (Exec base: 0x20000000, Load base: 0x080054b0, Size: 0x00001088, Max: 0x00020000, ABSOLUTE, COMPRESSED[0x000001fc])

    Exec Addr    Load Addr    Size         Type   Attr      Idx    E Section Name        Object

    0x20000000   COMPRESSED   0x0000000a   Data   RW          242    .data               ultrasonic.o
    0x2000000a   COMPRESSED   0x00000004   Data   RW          333    .data               usart.o
    0x2000000e   COMPRESSED   0x00000002   PAD
    0x20000010   COMPRESSED   0x00000013   Data   RW          504    .data               power_check.o
    0x20000023   COMPRESSED   0x00000003   Data   RW          577    .data               uart_a72.o
    0x20000026   COMPRESSED   0x00000002   PAD
    0x20000028   COMPRESSED   0x0000001c   Data   RW          671    .data               uart_drv.o
    0x20000044   COMPRESSED   0x00000031   Data   RW          792    .data               rc522.o
    0x20000075   COMPRESSED   0x00000044   Data   RW         1349    .data               syn7318.o
    0x200000b9   COMPRESSED   0x0000001f   Data   RW         1590    .data               bkrc_voice.o
    0x200000d8   COMPRESSED   0x00000004   Data   RW         1769    .data               delay.o
    0x200000dc   COMPRESSED   0x00000008   Data   RW         1807    .data               timer.o
    0x200000e4   COMPRESSED   0x00000010   Data   RW         2634    .data               stm32f4xx_rcc.o
    0x200000f4   COMPRESSED   0x00000028   Data   RW         3962    .data               roadway_check.o
    0x2000011c   COMPRESSED   0x00000002   Data   RW         4110    .data               can_drv.o
    0x2000011e   COMPRESSED   0x00000002   PAD
    0x20000120   COMPRESSED   0x00000037   Data   RW         4232    .data               canp_hostcom.o
    0x20000157   COMPRESSED   0x00000001   PAD
    0x20000158   COMPRESSED   0x00000142   Data   RW         4600    .data               can_user.o
    0x2000029a   COMPRESSED   0x00000002   PAD
    0x2000029c   COMPRESSED   0x00000161   Data   RW         4906    .data               function.o
    0x200003fd   COMPRESSED   0x00000001   PAD
    0x200003fe   COMPRESSED   0x00000172   Data   RW         5192    .data               voluntarily.o
    0x20000570   COMPRESSED   0x0000004c   Data   RW         6424    .data               mastercarcotrol.o
    0x200005bc   COMPRESSED   0x00000030   Data   RW         6641    .data               pid.o
    0x200005ec   COMPRESSED   0x0000008e   Data   RW         6881    .data               operationflag.o
    0x2000067a   COMPRESSED   0x00000002   PAD
    0x2000067c   COMPRESSED   0x00000030   Data   RW         7401    .data               operationwifi.o
    0x200006ac   COMPRESSED   0x00000023   Data   RW         7717    .data               taskboard.o
    0x200006cf   COMPRESSED   0x00000001   PAD
    0x200006d0        -       0x00000032   Zero   RW          576    .bss                uart_a72.o
    0x20000702   COMPRESSED   0x00000002   PAD
    0x20000704        -       0x000000dc   Zero   RW          670    .bss                uart_drv.o
    0x200007e0        -       0x00000040   Zero   RW         4069    .bss                data_filtering.o
    0x20000820        -       0x00000028   Zero   RW         4109    .bss                can_drv.o
    0x20000848        -       0x0000020c   Zero   RW         4231    .bss                canp_hostcom.o
    0x20000a54        -       0x00000028   Zero   RW         4556    .bss                hard_can.o
    0x20000a7c        -       0x00000190   Zero   RW         4599    .bss                can_user.o
    0x20000c0c        -       0x0000007c   Zero   RW         6423    .bss                mastercarcotrol.o
    0x20000c88        -       0x00000400   Zero   RW         3781    STACK               startup_stm32f40_41xxx.o


==============================================================================

Image component sizes


      Code (inc. data)   RO Data    RW Data    ZI Data      Debug   Object Name

       362         50          0          0          0       5018   bh1750.o
       384         34          0         31          0       2839   bkrc_voice.o
       128          8          0          0          0       1215   can_check.o
       918         30          0          2         40       7339   can_drv.o
       180         36          0        322        400       4661   can_user.o
      1426        208          0         55        524      15674   canp_hostcom.o
       120          8          0          0          0        587   cba.o
        56          4          0          0         64       1941   data_filtering.o
       212         16          0          4          0       1883   delay.o
         0          0          0          0          0        873   drive.o
       322          0          0          0          0       5548   fifo_drv.o
       240         32          0        353          0       5482   function.o
       344         22          0          0         40       2132   hard_can.o
       180         10          0          0          0       1160   infrared.o
       458         24          0          0          0     317188   main.o
      1944        188          0         76        124      14680   mastercarcotrol.o
       180         24          0          0          0       2081   misc.o
        32          0        272          0          0       2558   my_lib.o
      1004         62          0        142          0      14977   operationflag.o
       724         64          0         48          0       3711   operationwifi.o
      1564        240          0         48          0       4666   pid.o
       736         68          0         19          0       5355   power_check.o
       798         34          0         49          0      10634   rc522.o
      1356        108          0         40          0       6928   roadway_check.o
        36          8        392          0       1024        840   startup_stm32f40_41xxx.o
       380         24          0          0          0       6110   stm32f4xx_adc.o
      1338         34          0          0          0       6383   stm32f4xx_can.o
       184         16          0          0          0       2088   stm32f4xx_exti.o
       240          0          0          0          0       3519   stm32f4xx_gpio.o
       392         48          0         16          0       5853   stm32f4xx_rcc.o
        64          4          0          0          0        656   stm32f4xx_syscfg.o
       214         28          0          0          0       3670   stm32f4xx_tim.o
       468          8          0          0          0       6131   stm32f4xx_usart.o
        68         14          0         68          0     261291   syn7318.o
       222          0          0          0          0       1111   sys.o
       340         32          0          0          0       1541   system_stm32f4xx.o
       620        106          0         35          0       8000   taskboard.o
       460         32          0          8          0       4860   timer.o
       576         70          0          3         50       3956   uart_a72.o
       248         18          0         28        220       2311   uart_drv.o
       390         46          0         10          0       3866   ultrasonic.o
        92         16          0          4          0       1223   usart.o
         0          0          0        370          0       5101   voluntarily.o

    ----------------------------------------------------------------------
     20056       1774        696       1744       2488     767640   Object Totals
         0          0         32          0          0          0   (incl. Generated)
        56          0          0         13          2          0   (incl. Padding)

    ----------------------------------------------------------------------

      Code (inc. data)   RO Data    RW Data    ZI Data      Debug   Library Member Name

        94          0          0          0          0          0   __dclz77c.o
         0          0          0          0          0          0   entry.o
         0          0          0          0          0          0   entry10a.o
         0          0          0          0          0          0   entry11a.o
         8          4          0          0          0          0   entry2.o
         4          0          0          0          0          0   entry5.o
         0          0          0          0          0          0   entry7b.o
         0          0          0          0          0          0   entry8b.o
         8          4          0          0          0          0   entry9a.o
        30          0          0          0          0          0   handlers.o
        36          8          0          0          0         68   init.o
         0          0          0          0          0          0   iusefp.o
        30          0          0          0          0         68   llshl.o
        32          0          0          0          0         68   llushr.o
        36          0          0          0          0         68   memcpya.o
        36          0          0          0          0        108   memseta.o
        56          0          0          0          0         88   d2f.o
       222          0          0          0          0        100   ddiv.o
       186          0          0          0          0        176   depilogue.o
        38          0          0          0          0         68   f2d.o
       110          0          0          0          0        168   fepilogue.o

    ----------------------------------------------------------------------
       928         16          0          0          0        980   Library Totals
         2          0          0          0          0          0   (incl. Padding)

    ----------------------------------------------------------------------

      Code (inc. data)   RO Data    RW Data    ZI Data      Debug   Library Name

       314         16          0          0          0        380   mc_w.l
       612          0          0          0          0        600   mf_w.l

    ----------------------------------------------------------------------
       928         16          0          0          0        980   Library Totals

    ----------------------------------------------------------------------

==============================================================================


      Code (inc. data)   RO Data    RW Data    ZI Data      Debug   

     20984       1790        696       1744       2488     745640   Grand Totals
     20984       1790        696        508       2488     745640   ELF Image Totals (compressed)
     20984       1790        696        508          0          0   ROM Totals

==============================================================================

    Total RO  Size (Code + RO Data)                21680 (  21.17kB)
    Total RW  Size (RW Data + ZI Data)              4232 (   4.13kB)
    Total ROM Size (Code + RO Data + RW Data)      22188 (  21.67kB)

==============================================================================

