<html>
<body>
<pre>
<h1>礦ision Build Log</h1>
<h2>Tool Versions:</h2>
IDE-Version: μVision V5.27.0.0
Copyright (C) 2018 ARM Ltd and ARM Germany GmbH. All rights reserved.
License Information: 1 1, 1, LIC=EXJT4-FJIYF-PC7J8-33SD3-LA2NM-3ZD9C
 
Tool Versions:
Toolchain:       MDK-ARM Plus  Version: 5.27.0.0
Toolchain Path:  d:\Keil_v5\ARM\ARMCC\Bin
C Compiler:      Armcc.exe V5.06 update 6 (build 750)
Assembler:       Armasm.exe V5.06 update 6 (build 750)
Linker/Locator:  ArmLink.exe V5.06 update 6 (build 750)
Library Manager: ArmAr.exe V5.06 update 6 (build 750)
Hex Converter:   FromElf.exe V5.06 update 6 (build 750)
CPU DLL:         SARMCM3.DLL V5.27.0.0
Dialog DLL:      DCM.DLL V1.17.2.0
Target DLL:      STLink\ST-LINKIII-KEIL_SWO.dll V3.0.5.0
Dialog DLL:      TCM.DLL V1.36.1.0
 
<h2>Project:</h2>
c:\Users\lengd\OneDrive\单片机\testcar\CarV9.9.9\USER\CarV1.uvprojx
Project File Date:  05/18/2023

<h2>Output:</h2>
*** Using Compiler 'V5.06 update 6 (build 750)', folder: 'd:\Keil_v5\ARM\ARMCC\Bin'
Build target 'Car_Demo'
compiling OperationFlag.c...
..\NEWDEF\Flag\OperationFlag.c(185): warning:  #223-D: function "Get_Bh_Value" declared implicitly
      Get_Bh_Value(); //必须读一次 否则影响结果
..\NEWDEF\Flag\OperationFlag.c(527): warning:  #167-D: argument of type "uint8_t *" is incompatible with parameter of type "const char *"
      uint16_t p_len = strlen(str); // 文本长度
..\NEWDEF\Flag\OperationFlag.c(992): warning:  #940-D: missing return statement at end of non-void function "OFlag_YY_play" 
  }
..\NEWDEF\Flag\OperationFlag.c(1260): warning:  #550-D: variable "r"  was set but never used
      uint8_t r = 1, t = 0;
..\NEWDEF\Flag\OperationFlag.c(1609): warning:  #177-D: variable "_mp"  was declared but never referenced
      int _mp;
..\NEWDEF\Flag\OperationFlag.c(1691): warning:  #940-D: missing return statement at end of non-void function "OFlag_SlaveRun_wait" 
  }
..\NEWDEF\Flag\OperationFlag.c(1711): warning:  #940-D: missing return statement at end of non-void function "OFlag_SlaveRun_wait_flag" 
  }
..\NEWDEF\Flag\OperationFlag.c: 7 warnings, 0 errors
linking...
Program Size: Code=26016 RO-data=696 RW-data=1828 ZI-data=4084  
FromELF: creating hex file...
"..\OUTPUT\CarV1.0" - 0 Error(s), 7 Warning(s).

<h2>Software Packages used:</h2>

Package Vendor: Keil
                http://www.keil.com/pack/Keil.STM32F4xx_DFP.2.15.0.pack
                Keil.STM32F4xx_DFP.2.15.0
                STMicroelectronics STM32F4 Series Device Support, Drivers and Examples

<h2>Collection of Component include folders:</h2>
  .\RTE\_Car_Demo
  d:\Keil_v5\ARM\PACK\Keil\STM32F4xx_DFP\2.15.0\Drivers\CMSIS\Device\ST\STM32F4xx\Include

<h2>Collection of Component Files used:</h2>
Build Time Elapsed:  00:00:02
</pre>
</body>
</html>
